Archive member included to satisfy reference by file (symbol)

app/libapp.a(main.c.obj)      (--whole-archive)
zephyr/libzephyr.a(heap.c.obj)
                              (--whole-archive)
zephyr/libzephyr.a(cbprintf_packaged.c.obj)
                              (--whole-archive)
zephyr/libzephyr.a(printk.c.obj)
                              (--whole-archive)
zephyr/libzephyr.a(sem.c.obj)
                              (--whole-archive)
zephyr/libzephyr.a(thread_entry.c.obj)
                              (--whole-archive)
zephyr/libzephyr.a(cbprintf_complete.c.obj)
                              (--whole-archive)
zephyr/libzephyr.a(assert.c.obj)
                              (--whole-archive)
zephyr/libzephyr.a(mpsc_pbuf.c.obj)
                              (--whole-archive)
zephyr/libzephyr.a(reboot.c.obj)
                              (--whole-archive)
zephyr/libzephyr.a(dec.c.obj)
                              (--whole-archive)
zephyr/libzephyr.a(hex.c.obj)
                              (--whole-archive)
zephyr/libzephyr.a(rb.c.obj)  (--whole-archive)
zephyr/libzephyr.a(timeutil.c.obj)
                              (--whole-archive)
zephyr/libzephyr.a(bitarray.c.obj)
                              (--whole-archive)
zephyr/libzephyr.a(ring_buffer.c.obj)
                              (--whole-archive)
zephyr/libzephyr.a(configs.c.obj)
                              (--whole-archive)
zephyr/libzephyr.a(stm32cube_hal.c.obj)
                              (--whole-archive)
zephyr/libzephyr.a(soc_config.c.obj)
                              (--whole-archive)
zephyr/libzephyr.a(soc_m7.c.obj)
                              (--whole-archive)
zephyr/libzephyr.a(mpu_regions.c.obj)
                              (--whole-archive)
zephyr/libzephyr.a(log_core.c.obj)
                              (--whole-archive)
zephyr/libzephyr.a(log_mgmt.c.obj)
                              (--whole-archive)
zephyr/libzephyr.a(log_cache.c.obj)
                              (--whole-archive)
zephyr/libzephyr.a(log_msg.c.obj)
                              (--whole-archive)
zephyr/libzephyr.a(log_output.c.obj)
                              (--whole-archive)
zephyr/libzephyr.a(mem_attr.c.obj)
                              (--whole-archive)
zephyr/libzephyr.a(tracing_none.c.obj)
                              (--whole-archive)
zephyr/libzephyr.a(disk_access.c.obj)
                              (--whole-archive)
zephyr/libzephyr.a(kernel_shell.c.obj)
                              (--whole-archive)
zephyr/libzephyr.a(cycles.c.obj)
                              (--whole-archive)
zephyr/libzephyr.a(sleep.c.obj)
                              (--whole-archive)
zephyr/libzephyr.a(uptime.c.obj)
                              (--whole-archive)
zephyr/libzephyr.a(version.c.obj)
                              (--whole-archive)
zephyr/libzephyr.a(log-level.c.obj)
                              (--whole-archive)
zephyr/libzephyr.a(reboot.c.obj)
                              (--whole-archive)
zephyr/libzephyr.a(thread.c.obj)
                              (--whole-archive)
zephyr/libzephyr.a(list.c.obj)
                              (--whole-archive)
zephyr/libzephyr.a(stacks.c.obj)
                              (--whole-archive)
zephyr/libzephyr.a(device_service.c.obj)
                              (--whole-archive)
zephyr/libzephyr.a(devmem_service.c.obj)
                              (--whole-archive)
zephyr/libzephyr.a(shell_uart.c.obj)
                              (--whole-archive)
zephyr/libzephyr.a(shell.c.obj)
                              (--whole-archive)
zephyr/libzephyr.a(shell_fprintf.c.obj)
                              (--whole-archive)
zephyr/libzephyr.a(shell_utils.c.obj)
                              (--whole-archive)
zephyr/libzephyr.a(shell_ops.c.obj)
                              (--whole-archive)
zephyr/libzephyr.a(shell_log_backend.c.obj)
                              (--whole-archive)
zephyr/libzephyr.a(shell_help.c.obj)
                              (--whole-archive)
zephyr/libzephyr.a(shell_cmds.c.obj)
                              (--whole-archive)
zephyr/libzephyr.a(shell_history.c.obj)
                              (--whole-archive)
zephyr/libzephyr.a(shell_wildcard.c.obj)
                              (--whole-archive)
zephyr/arch/common/libarch__common.a(sw_isr_common.c.obj)
                              (--whole-archive)
zephyr/arch/arch/arm/core/libarch__arm__core.a(fatal.c.obj)
                              (--whole-archive)
zephyr/arch/arch/arm/core/libarch__arm__core.a(nmi.c.obj)
                              (--whole-archive)
zephyr/arch/arch/arm/core/libarch__arm__core.a(nmi_on_reset.S.obj)
                              (--whole-archive)
zephyr/arch/arch/arm/core/libarch__arm__core.a(tls.c.obj)
                              (--whole-archive)
zephyr/arch/arch/arm/core/cortex_m/libarch__arm__core__cortex_m.a(exc_exit.c.obj)
                              (--whole-archive)
[...]
Memory Configuration

Name             Origin             Length             Attributes
FLASH            0x0000000008000000 0x0000000000100000 xr
RAM              0x0000000024000000 0x0000000000050000 xw
BACKUP_SRAM      0x0000000038800000 0x0000000000001000
EXTMEM           0x0000000090000000 0x0000000010000000
SRAM1            0x0000000030000000 0x0000000000004000
SRAM2            0x0000000030004000 0x0000000000004000
SRAM4            0x0000000038000000 0x0000000000004000
DTCM             0x0000000020000000 0x0000000000020000
ITCM             0x0000000000000000 0x0000000000010000
IDT_LIST         0x00000000ffff7fff 0x0000000000008000 xw
*default*        0x0000000000000000 0xffffffffffffffff

Linker script and memory map

                0x000000000800bba4                vfprintf = __l_vfprintf
                0x0000000000000000                vfscanf = __l_vfscanf
LOAD zephyr/CMakeFiles/zephyr_final.dir/misc/empty_file.c.obj
LOAD zephyr/CMakeFiles/zephyr_final.dir/isr_tables.c.obj
LOAD zephyr/CMakeFiles/offsets.dir/./arch/arm/core/offsets/offsets.c.obj
LOAD app/libapp.a
LOAD zephyr/libzephyr.a
LOAD zephyr/arch/common/libarch__common.a
LOAD zephyr/arch/arch/arm/core/libarch__arm__core.a
LOAD zephyr/arch/arch/arm/core/cortex_m/libarch__arm__core__cortex_m.a
LOAD zephyr/arch/arch/arm/core/mpu/libarch__arm__core__mpu.a
LOAD zephyr/lib/libc/picolibc/liblib__libc__picolibc.a
LOAD zephyr/lib/libc/common/liblib__libc__common.a
LOAD zephyr/lib/posix/options/liblib__posix__options.a
LOAD zephyr/subsys/fs/libsubsys__fs.a
LOAD zephyr/drivers/disk/libdrivers__disk.a
LOAD zephyr/drivers/interrupt_controller/libdrivers__interrupt_controller.a
LOAD zephyr/drivers/clock_control/libdrivers__clock_control.a
LOAD zephyr/drivers/console/libdrivers__console.a
LOAD zephyr/drivers/gpio/libdrivers__gpio.a
LOAD zephyr/drivers/i2c/libdrivers__i2c.a
LOAD zephyr/drivers/pinctrl/libdrivers__pinctrl.a
LOAD zephyr/drivers/reset/libdrivers__reset.a
LOAD zephyr/drivers/serial/libdrivers__serial.a
LOAD zephyr/drivers/timer/libdrivers__timer.a
LOAD modules/fatfs/libmodules__fatfs.a
LOAD modules/hal_stm32/stm32cube/lib..__modules__hal__stm32__stm32cube.a
LOAD zephyr/kernel/libkernel.a
LOAD zephyr/arch/common/libisr_tables.a
LOAD /opt/zephyr-sdk-0.16.8/arm-zephyr-eabi/bin/../lib/gcc/../../picolibc/arm-zephyr-eabi/lib/thumb/v7e-m/nofp/libc.a
LOAD /opt/zephyr-sdk-0.16.8/arm-zephyr-eabi/bin/../lib/gcc/arm-zephyr-eabi/12.2.0/thumb/v7e-m/nofp/libgcc.a
                0x0000000000000020                _region_min_align = 0x20

.rel.plt        0x0000000008000000        0x0
 *(SORT_BY_ALIGNMENT(.rel.plt))
                [!provide]                        PROVIDE (__rel_iplt_start = .)
 *(SORT_BY_ALIGNMENT(.rel.iplt))
 .rel.iplt      0x0000000008000000        0x0 zephyr/CMakeFiles/zephyr_final.dir/isr_tables.c.obj
                [!provide]                        PROVIDE (__rel_iplt_end = .)

.rela.plt       0x0000000000000000        0x0
 *(SORT_BY_ALIGNMENT(.rela.plt))
                [!provide]                        PROVIDE (__rela_iplt_start = .)
 *(SORT_BY_ALIGNMENT(.rela.iplt))
                [!provide]                        PROVIDE (__rela_iplt_end = .)

.rel.dyn
 *(SORT_BY_ALIGNMENT(.rel.*))

.rela.dyn
 *(SORT_BY_ALIGNMENT(.rela.*))

/DISCARD/
 *(SORT_BY_ALIGNMENT(.plt))

/DISCARD/
 *(SORT_BY_ALIGNMENT(.iplt))
                0x0000000008000000                __rom_region_start = 0x8000000

rom_start       0x0000000008000000      0x2cc
                0x0000000008000000                __rom_start_address = .
 FILL mask 0x00
                0x0000000008000000                . = (. + (0x0 - (. - __rom_start_address)))
                0x0000000008000000                . = ALIGN (0x4)
                0x0000000008000000                . = ALIGN (0x80)
                0x0000000008000000                . = ALIGN (0x400)
                0x0000000008000000                _vector_start = .
 *(SORT_BY_ALIGNMENT(.exc_vector_table))
 *(SORT_BY_ALIGNMENT(.exc_vector_table.*))
 .exc_vector_table._vector_table_section
                0x0000000008000000       0x40 zephyr/arch/arch/arm/core/cortex_m/libarch__arm__core__cortex_m.a(vector_table.S.obj)
                0x0000000008000000                _vector_table
 *(SORT_BY_ALIGNMENT(.vectors))
                0x00000000080002cc                _vector_end = .
                0x0000000008000040                . = ALIGN (0x4)
 *(SORT_BY_ALIGNMENT(.gnu.linkonce.irq_vector_table*))
 .gnu.linkonce.irq_vector_table
                0x0000000008000040      0x28c zephyr/CMakeFiles/zephyr_final.dir/isr_tables.c.obj
                0x0000000008000040                _irq_vector_table
                0x00000000080002cc                _vector_end = .

text            0x00000000080002d0    0x11240
                0x00000000080002d0                __text_region_start = .
 *(SORT_BY_ALIGNMENT(.text))
 .text          0x00000000080002d0      0x21c /opt/zephyr-sdk-0.16.8/arm-zephyr-eabi/bin/../lib/gcc/arm-zephyr-eabi/12.2.0/thumb/v7e-m/nofp/libgcc.a(_arm_addsubsf3.o)
                0x00000000080002d0                __aeabi_frsub
                0x00000000080002d8                __aeabi_fsub
                0x00000000080002d8                __subsf3
                0x00000000080002dc                __aeabi_fadd
                0x00000000080002dc                __addsf3
                0x000000000800043c                __aeabi_ui2f
                0x000000000800043c                __floatunsisf
                0x0000000008000444                __floatsisf
                0x0000000008000444                __aeabi_i2f
                0x0000000008000460                __aeabi_ul2f
                0x0000000008000460                __floatundisf
                0x0000000008000470                __aeabi_l2f
                0x0000000008000470                __floatdisf
 .text          0x00000000080004ec      0x2a0 /opt/zephyr-sdk-0.16.8/arm-zephyr-eabi/bin/../lib/gcc/arm-zephyr-eabi/12.2.0/thumb/v7e-m/nofp/libgcc.a(_arm_muldivsf3.o)
                0x00000000080004ec                __mulsf3
                0x00000000080004ec                __aeabi_fmul
                0x0000000008000654                __divsf3
                0x0000000008000654                __aeabi_fdiv
 .text          0x000000000800078c       0x40 /opt/zephyr-sdk-0.16.8/arm-zephyr-eabi/bin/../lib/gcc/arm-zephyr-eabi/12.2.0/thumb/v7e-m/nofp/libgcc.a(_arm_fixunssfsi.o)
                0x000000000800078c                __aeabi_f2uiz
                0x000000000800078c                __fixunssfsi
 .text          0x00000000080007cc       0xa0 /opt/zephyr-sdk-0.16.8/arm-zephyr-eabi/bin/../lib/gcc/arm-zephyr-eabi/12.2.0/thumb/v7e-m/nofp/libgcc.a(_aeabi_ldivmod.o)
                0x00000000080007cc                __aeabi_ldivmod
 .text          0x000000000800086c       0x30 /opt/zephyr-sdk-0.16.8/arm-zephyr-eabi/bin/../lib/gcc/arm-zephyr-eabi/12.2.0/thumb/v7e-m/nofp/libgcc.a(_aeabi_uldivmod.o)
                0x000000000800086c                __aeabi_uldivmod
 .text          0x000000000800089c        0x4 /opt/zephyr-sdk-0.16.8/arm-zephyr-eabi/bin/../lib/gcc/arm-zephyr-eabi/12.2.0/thumb/v7e-m/nofp/libgcc.a(_dvmd_tls.o)
                0x000000000800089c                __aeabi_ldiv0
                0x000000000800089c                __aeabi_idiv0
 .text          0x00000000080008a0       0x14 /opt/zephyr-sdk-0.16.8/arm-zephyr-eabi/bin/../lib/gcc/../../picolibc/arm-zephyr-eabi/lib/thumb/v7e-m/nofp/libc.a(strcmp.S.o)
                0x00000000080008a0                strcmp
 .text          0x00000000080008b4       0x10 /opt/zephyr-sdk-0.16.8/arm-zephyr-eabi/bin/../lib/gcc/../../picolibc/arm-zephyr-eabi/lib/thumb/v7e-m/nofp/libc.a(strcpy.S.o)
                0x00000000080008b4                strcpy
 .text          0x00000000080008c4       0x10 /opt/zephyr-sdk-0.16.8/arm-zephyr-eabi/bin/../lib/gcc/../../picolibc/arm-zephyr-eabi/lib/thumb/v7e-m/nofp/libc.a(strlen.S.o)
                0x00000000080008c4                strlen
 .text          0x00000000080008d4      0x2a0 /opt/zephyr-sdk-0.16.8/arm-zephyr-eabi/bin/../lib/gcc/arm-zephyr-eabi/12.2.0/thumb/v7e-m/nofp/libgcc.a(_udivmoddi4.o)
                0x00000000080008d4                __udivmoddi4
 *(SORT_BY_ALIGNMENT(.text.*))
 *fill*         0x0000000008000b74        0x4 
 .text.cmd_kernel_uptime
                0x0000000008000b78       0xe0 zephyr/libzephyr.a(uptime.c.obj)
 .text.lsdir    0x0000000008000c58       0x8c app/libapp.a(main.c.obj)
 .text.cmd_g_fs_read
                0x0000000008000ce4      0x1a4 app/libapp.a(main.c.obj)
 .text.i2c_writeRegisterByte.isra.0
                0x0000000008000e88       0x78 app/libapp.a(main.c.obj)
 .text.aic3120Init
                0x0000000008000f00      0x104 app/libapp.a(main.c.obj)
                0x0000000008000f00                aic3120Init
 .text.main     0x0000000008001004      0x248 app/libapp.a(main.c.obj)
                0x0000000008001004                main
 .text.cbvprintf_package
                0x000000000800124c      0x3a4 zephyr/libzephyr.a(cbprintf_packaged.c.obj)
                0x000000000800124c                cbvprintf_package
 .text.cbprintf_package_convert
                0x00000000080015f0      0x3c8 zephyr/libzephyr.a(cbprintf_packaged.c.obj)
                0x00000000080015f0                cbprintf_package_convert
 .text.__printk_hook_install
                0x00000000080019b8        0xc zephyr/libzephyr.a(printk.c.obj)
                0x00000000080019b8                __printk_hook_install
 .text.z_thread_entry
                0x00000000080019c4       0x34 zephyr/libzephyr.a(thread_entry.c.obj)
                0x00000000080019c4                z_thread_entry
 .text.sys_reboot
                0x00000000080019f8       0x2c zephyr/libzephyr.a(reboot.c.obj)
                0x00000000080019f8                sys_reboot
 .text.st_stm32_common_config
                0x0000000008001a24       0x1c zephyr/libzephyr.a(soc_config.c.obj)
 .text.soc_early_init_hook
                0x0000000008001a40       0x54 zephyr/libzephyr.a(soc_m7.c.obj)
                0x0000000008001a40                soc_early_init_hook
 .text.activate_foreach_backend
                0x0000000008001a94       0x64 zephyr/libzephyr.a(log_core.c.obj)
 .text.enable_logger
                0x0000000008001af8       0x5c zephyr/libzephyr.a(log_core.c.obj)
 .text.log_process_thread_timer_expiry_fn
                0x0000000008001b54        0xc zephyr/libzephyr.a(log_core.c.obj)
 .text.z_log_init
                0x0000000008001b60       0x8c zephyr/libzephyr.a(log_core.c.obj)
 .text.log_set_timestamp_func
                0x0000000008001bec       0x20 zephyr/libzephyr.a(log_core.c.obj)
                0x0000000008001bec                log_set_timestamp_func
 .text.z_log_notify_backend_enabled
                0x0000000008001c0c       0x1c zephyr/libzephyr.a(log_core.c.obj)
                0x0000000008001c0c                z_log_notify_backend_enabled
 .text.z_log_dropped
                0x0000000008001c28       0x44 zephyr/libzephyr.a(log_core.c.obj)
                0x0000000008001c28                z_log_dropped
 .text.z_log_dropped_read_and_clear
                0x0000000008001c6c       0x20 zephyr/libzephyr.a(log_core.c.obj)
                0x0000000008001c6c                z_log_dropped_read_and_clear
 .text.dropped_notify
                0x0000000008001c8c       0x30 zephyr/libzephyr.a(log_core.c.obj)
                0x0000000008001c8c                dropped_notify
 .text.z_log_msg_init
                0x0000000008001cbc       0x20 zephyr/libzephyr.a(log_core.c.obj)
                0x0000000008001cbc                z_log_msg_init
 .text.log_core_init
                0x0000000008001cdc       0x38 zephyr/libzephyr.a(log_core.c.obj)
                0x0000000008001cdc                log_core_init
 .text.z_log_msg_alloc
                0x0000000008001d14       0x10 zephyr/libzephyr.a(log_core.c.obj)
                0x0000000008001d14                z_log_msg_alloc
 .text.z_log_msg_local_claim
                0x0000000008001d24        0xc zephyr/libzephyr.a(log_core.c.obj)
                0x0000000008001d24                z_log_msg_local_claim
 .text.z_log_msg_free
                0x0000000008001d30       0x10 zephyr/libzephyr.a(log_core.c.obj)
                0x0000000008001d30                z_log_msg_free
 .text.z_log_msg_pending
                0x0000000008001d40        0xc zephyr/libzephyr.a(log_core.c.obj)
                0x0000000008001d40                z_log_msg_pending
 .text.z_impl_log_process
                0x0000000008001d4c       0xe4 zephyr/libzephyr.a(log_core.c.obj)
                0x0000000008001d4c                z_impl_log_process
 .text.z_impl_log_panic
                0x0000000008001e30       0x44 zephyr/libzephyr.a(log_core.c.obj)
                0x0000000008001e30                z_impl_log_panic
 .text.log_process_thread_func
                0x0000000008001e74       0xa4 zephyr/libzephyr.a(log_core.c.obj)
 .text.z_log_msg_post_finalize
                0x0000000008001f18       0x78 zephyr/libzephyr.a(log_core.c.obj)
 .text.z_log_msg_commit
                0x0000000008001f90       0x24 zephyr/libzephyr.a(log_core.c.obj)
                0x0000000008001f90                z_log_msg_commit
 .text.log_source_name_get
                0x0000000008001fb4       0x1c zephyr/libzephyr.a(log_mgmt.c.obj)
                0x0000000008001fb4                log_source_name_get
 .text.z_log_runtime_filters_init
                0x0000000008001fd0       0x3c zephyr/libzephyr.a(log_mgmt.c.obj)
                0x0000000008001fd0                z_log_runtime_filters_init
 .text.log_source_id_get
                0x000000000800200c       0x38 zephyr/libzephyr.a(log_mgmt.c.obj)
                0x000000000800200c                log_source_id_get
 .text.filter_set
                0x0000000008002044       0xbc zephyr/libzephyr.a(log_mgmt.c.obj)
                0x0000000008002044                filter_set
 .text.backend_filter_set
                0x0000000008002100       0x30 zephyr/libzephyr.a(log_mgmt.c.obj)
 .text.log_backend_enable
                0x0000000008002130       0x34 zephyr/libzephyr.a(log_mgmt.c.obj)
                0x0000000008002130                log_backend_enable
 .text.log_filter_get
                0x0000000008002164       0x4c zephyr/libzephyr.a(log_mgmt.c.obj)
                0x0000000008002164                log_filter_get
 .text.z_impl_z_log_msg_static_create
                0x00000000080021b0      0x110 zephyr/libzephyr.a(log_msg.c.obj)
                0x00000000080021b0                z_impl_z_log_msg_static_create
 .text.z_log_msg_runtime_vcreate
                0x00000000080022c0       0xb0 zephyr/libzephyr.a(log_msg.c.obj)
                0x00000000080022c0                z_log_msg_runtime_vcreate
 .text.log_msg_get_source_id
                0x0000000008002370       0x18 zephyr/libzephyr.a(log_msg.c.obj)
                0x0000000008002370                log_msg_get_source_id
 .text.print_formatted
                0x0000000008002388       0x24 zephyr/libzephyr.a(log_output.c.obj)
 .text.newline_print
                0x00000000080023ac       0x1c zephyr/libzephyr.a(log_output.c.obj)
 .text.log_output_process
                0x00000000080023c8      0x2d4 zephyr/libzephyr.a(log_output.c.obj)
                0x00000000080023c8                log_output_process
 .text.log_output_dropped_process
                0x000000000800269c       0x58 zephyr/libzephyr.a(log_output.c.obj)
                0x000000000800269c                log_output_dropped_process
 .text.log_output_timestamp_freq_set
                0x00000000080026f4       0x2c zephyr/libzephyr.a(log_output.c.obj)
                0x00000000080026f4                log_output_timestamp_freq_set
 .text.mem_attr_get_regions
                0x0000000008002720        0xc zephyr/libzephyr.a(mem_attr.c.obj)
                0x0000000008002720                mem_attr_get_regions
 .text.disk_access_get_di
                0x000000000800272c       0x64 zephyr/libzephyr.a(disk_access.c.obj)
                0x000000000800272c                disk_access_get_di
 .text.disk_access_ioctl
                0x0000000008002790       0xb8 zephyr/libzephyr.a(disk_access.c.obj)
                0x0000000008002790                disk_access_ioctl
 .text.disk_access_register
                0x0000000008002848       0x68 zephyr/libzephyr.a(disk_access.c.obj)
                0x0000000008002848                disk_access_register
 .text.cmd_kernel_cycles
                0x00000000080028b0       0x1c zephyr/libzephyr.a(cycles.c.obj)
 .text.cmd_kernel_sleep
                0x00000000080028cc       0x40 zephyr/libzephyr.a(sleep.c.obj)
 .text.cmd_kernel_version
                0x000000000800290c       0x18 zephyr/libzephyr.a(version.c.obj)
 .text.cmd_kernel_log_level_set
                0x0000000008002924       0x7c zephyr/libzephyr.a(log-level.c.obj)
 .text.cmd_kernel_thread_list
                0x00000000080029a0       0x34 zephyr/libzephyr.a(list.c.obj)
 .text.shell_tdata_dump
                0x00000000080029d4       0xc0 zephyr/libzephyr.a(list.c.obj)
 .text.cmd_kernel_thread_stacks
                0x0000000008002a94       0x70 zephyr/libzephyr.a(stacks.c.obj)
 .text.shell_stack_dump
                0x0000000008002b04       0x60 zephyr/libzephyr.a(stacks.c.obj)
 .text.cmd_device_list
                0x0000000008002b64       0x8c zephyr/libzephyr.a(device_service.c.obj)
 .text.cmd_devmem
                0x0000000008002bf0       0xc4 zephyr/libzephyr.a(devmem_service.c.obj)
 .text.cmd_dump
                0x0000000008002cb4      0x198 zephyr/libzephyr.a(devmem_service.c.obj)
 .text.set_bypass.isra.0
                0x0000000008002e4c       0x4c zephyr/libzephyr.a(devmem_service.c.obj)
 .text.bypass_cb
                0x0000000008002e98      0x114 zephyr/libzephyr.a(devmem_service.c.obj)
 .text.cmd_load
                0x0000000008002fac       0xd8 zephyr/libzephyr.a(devmem_service.c.obj)
 .text.enable_shell_uart
                0x0000000008003084       0x38 zephyr/libzephyr.a(shell_uart.c.obj)
 .text.init     0x00000000080030bc       0x60 zephyr/libzephyr.a(shell_uart.c.obj)
 .text.uart_callback
                0x000000000800311c      0x100 zephyr/libzephyr.a(shell_uart.c.obj)
 .text.shell_internal_help_print
                0x000000000800321c       0x20 zephyr/libzephyr.a(shell.c.obj)
 .text.kill_handler
                0x000000000800323c       0x54 zephyr/libzephyr.a(shell.c.obj)
 .text.z_cursor_next_line_move.isra.0
                0x0000000008003290        0xc zephyr/libzephyr.a(shell.c.obj)
 .text.history_handle
                0x000000000800329c       0xac zephyr/libzephyr.a(shell.c.obj)
 .text.execute  0x0000000008003348      0x2c8 zephyr/libzephyr.a(shell.c.obj)
 .text.state_set.constprop.0
                0x0000000008003610       0x4c zephyr/libzephyr.a(shell.c.obj)
 .text.shell_process
                0x000000000800365c      0x6bc zephyr/libzephyr.a(shell.c.obj)
                0x000000000800365c                shell_process
 .text.shell_thread
                0x0000000008003d18       0xd8 zephyr/libzephyr.a(shell.c.obj)
                0x0000000008003d18                shell_thread
 .text.cmd_help
                0x0000000008003df0       0x44 zephyr/libzephyr.a(shell.c.obj)
 .text.shell_hexdump_line
                0x0000000008003e34       0xcc zephyr/libzephyr.a(shell.c.obj)
                0x0000000008003e34                shell_hexdump_line
 .text.shell_init
                0x0000000008003f00       0xe8 zephyr/libzephyr.a(shell.c.obj)
                0x0000000008003f00                shell_init
 .text.z_shell_fprintf_fmt
                0x0000000008003fe8       0x28 zephyr/libzephyr.a(shell_fprintf.c.obj)
                0x0000000008003fe8                z_shell_fprintf_fmt
 .text.z_shell_cmd_get
                0x0000000008004010       0x74 zephyr/libzephyr.a(shell_utils.c.obj)
                0x0000000008004010                z_shell_cmd_get
 .text.shell_strtoul
                0x0000000008004084       0x54 zephyr/libzephyr.a(shell_utils.c.obj)
                0x0000000008004084                shell_strtoul
 .text.z_clear_eos
                0x00000000080040d8       0x18 zephyr/libzephyr.a(shell_ops.c.obj)
 .text.z_cursor_next_line_move.isra.0
                0x00000000080040f0        0xc zephyr/libzephyr.a(shell_ops.c.obj)
 .text.z_shell_op_cursor_vert_move
                0x00000000080040fc       0x2c zephyr/libzephyr.a(shell_ops.c.obj)
                0x00000000080040fc                z_shell_op_cursor_vert_move
 .text.z_shell_op_cursor_horiz_move
                0x0000000008004128       0x2c zephyr/libzephyr.a(shell_ops.c.obj)
                0x0000000008004128                z_shell_op_cursor_horiz_move
 .text.z_shell_print_cmd
                0x0000000008004154       0x78 zephyr/libzephyr.a(shell_ops.c.obj)
                0x0000000008004154                z_shell_print_cmd
 .text.z_shell_vt100_color_set
                0x00000000080041cc       0x40 zephyr/libzephyr.a(shell_ops.c.obj)
                0x00000000080041cc                z_shell_vt100_color_set
 .text.z_shell_vt100_colors_restore
                0x000000000800420c       0x3c zephyr/libzephyr.a(shell_ops.c.obj)
                0x000000000800420c                z_shell_vt100_colors_restore
 .text.z_shell_op_word_remove
                0x0000000008004248       0xc8 zephyr/libzephyr.a(shell_ops.c.obj)
                0x0000000008004248                z_shell_op_word_remove
 .text.reprint_from_cursor
                0x0000000008004310       0x7c zephyr/libzephyr.a(shell_ops.c.obj)
 .text.z_shell_op_char_insert
                0x000000000800438c       0x70 zephyr/libzephyr.a(shell_ops.c.obj)
                0x000000000800438c                z_shell_op_char_insert
 .text.z_shell_print_prompt_and_cmd
                0x00000000080043fc       0x30 zephyr/libzephyr.a(shell_ops.c.obj)
                0x00000000080043fc                z_shell_print_prompt_and_cmd
 .text.z_cursor_next_line_move.isra.0
                0x000000000800442c        0xc zephyr/libzephyr.a(shell_help.c.obj)
 .text.z_shell_help_subcmd_print
                0x0000000008004438       0xb4 zephyr/libzephyr.a(shell_help.c.obj)
                0x0000000008004438                z_shell_help_subcmd_print
 .text.z_shell_help_cmd_print
                0x00000000080044ec       0x40 zephyr/libzephyr.a(shell_help.c.obj)
                0x00000000080044ec                z_shell_help_cmd_print
 .text.z_shell_help_request
                0x000000000800452c       0x28 zephyr/libzephyr.a(shell_help.c.obj)
                0x000000000800452c                z_shell_help_request
 .text.cmd_resize_default
                0x0000000008004554       0x2c zephyr/libzephyr.a(shell_cmds.c.obj)
 .text.cmd_shell_stats_show
                0x0000000008004580       0x14 zephyr/libzephyr.a(shell_cmds.c.obj)
 .text.cmd_backends
                0x0000000008004594       0x50 zephyr/libzephyr.a(shell_cmds.c.obj)
 .text.cmd_prompt_off
                0x00000000080045e4       0x10 zephyr/libzephyr.a(shell_cmds.c.obj)
 .text.cmd_history
                0x00000000080045f4       0x40 zephyr/libzephyr.a(shell_cmds.c.obj)
 .text.cmd_get_retval
                0x0000000008004634       0x1c zephyr/libzephyr.a(shell_cmds.c.obj)
 .text.cmd_echo
                0x0000000008004650       0x50 zephyr/libzephyr.a(shell_cmds.c.obj)
 .text.cmd_clear
                0x00000000080046a0       0x34 zephyr/libzephyr.a(shell_cmds.c.obj)
 .text.cmd_resize
                0x00000000080046d4      0x1a0 zephyr/libzephyr.a(shell_cmds.c.obj)
 .text.z_shell_wildcard_process
                0x0000000008004874       0xe4 zephyr/libzephyr.a(shell_wildcard.c.obj)
                0x0000000008004874                z_shell_wildcard_process
 .text.z_arm_fatal_error
                0x0000000008004958       0xe0 zephyr/arch/arch/arm/core/libarch__arm__core.a(fatal.c.obj)
                0x0000000008004958                z_arm_fatal_error
 .text.z_arm_nmi
                0x0000000008004a38       0x14 zephyr/arch/arch/arm/core/libarch__arm__core.a(nmi.c.obj)
                0x0000000008004a38                z_arm_nmi
 .text.z_SysNmiOnReset
                0x0000000008004a4c        0x8 zephyr/arch/arch/arm/core/libarch__arm__core.a(nmi_on_reset.S.obj)
                0x0000000008004a4c                z_SysNmiOnReset
 .text.arch_tls_stack_setup
                0x0000000008004a54       0x40 zephyr/arch/arch/arm/core/libarch__arm__core.a(tls.c.obj)
                0x0000000008004a54                arch_tls_stack_setup
 .text._HandlerModeExit
                0x0000000008004a94       0x28 zephyr/arch/arch/arm/core/cortex_m/libarch__arm__core__cortex_m.a(exc_exit.c.obj)
                0x0000000008004a94                z_arm_exc_exit
                0x0000000008004a94                z_arm_int_exit
 .text.bus_fault.constprop.0
                0x0000000008004abc      0x108 zephyr/arch/arch/arm/core/cortex_m/libarch__arm__core__cortex_m.a(fault.c.obj)
 .text.usage_fault.constprop.0
                0x0000000008004bc4       0xdc zephyr/arch/arch/arm/core/cortex_m/libarch__arm__core__cortex_m.a(fault.c.obj)
 .text.mem_manage_fault
                0x0000000008004ca0      0x140 zephyr/arch/arch/arm/core/cortex_m/libarch__arm__core__cortex_m.a(fault.c.obj)
 .text.z_arm_fault
                0x0000000008004de0      0x20c zephyr/arch/arch/arm/core/cortex_m/libarch__arm__core__cortex_m.a(fault.c.obj)
                0x0000000008004de0                z_arm_fault
 .text.z_arm_fault_init
                0x0000000008004fec       0x18 zephyr/arch/arch/arm/core/cortex_m/libarch__arm__core__cortex_m.a(fault.c.obj)
                0x0000000008004fec                z_arm_fault_init
 .text.__fault  0x0000000008005004       0x14 zephyr/arch/arch/arm/core/cortex_m/libarch__arm__core__cortex_m.a(fault_s.S.obj)
                0x0000000008005004                z_arm_bus_fault
                0x0000000008005004                z_arm_usage_fault
                0x0000000008005004                z_arm_mpu_fault
                0x0000000008005004                z_arm_exc_spurious
                0x0000000008005004                z_arm_debug_monitor
                0x0000000008005004                z_arm_hard_fault
 .text._reset_section
                0x0000000008005018       0x38 zephyr/arch/arch/arm/core/cortex_m/libarch__arm__core__cortex_m.a(reset.S.obj)
                0x0000000008005018                z_arm_reset
                0x0000000008005018                __start
 .text.sys_arch_reboot
                0x0000000008005050       0x24 zephyr/arch/arch/arm/core/cortex_m/libarch__arm__core__cortex_m.a(scb.c.obj)
                0x0000000008005050                sys_arch_reboot
 .text.z_impl_k_thread_abort
                0x0000000008005074       0x2c zephyr/arch/arch/arm/core/cortex_m/libarch__arm__core__cortex_m.a(thread_abort.c.obj)
                0x0000000008005074                z_impl_k_thread_abort
 .text.arch_swap
                0x00000000080050a0       0x34 zephyr/arch/arch/arm/core/cortex_m/libarch__arm__core__cortex_m.a(swap.c.obj)
                0x00000000080050a0                arch_swap
 .text.z_arm_pendsv_c
                0x00000000080050d4       0x50 zephyr/arch/arch/arm/core/cortex_m/libarch__arm__core__cortex_m.a(swap.c.obj)
                0x00000000080050d4                z_arm_pendsv_c
 .text.z_arm_pendsv
                0x0000000008005124       0x34 zephyr/arch/arch/arm/core/cortex_m/libarch__arm__core__cortex_m.a(swap_helper.S.obj)
                0x0000000008005124                z_arm_pendsv
 .text.z_arm_svc
                0x0000000008005158       0x20 zephyr/arch/arch/arm/core/cortex_m/libarch__arm__core__cortex_m.a(swap_helper.S.obj)
                0x0000000008005158                z_arm_svc
 .text.arch_irq_enable
                0x0000000008005178       0x1c zephyr/arch/arch/arm/core/cortex_m/libarch__arm__core__cortex_m.a(irq_manage.c.obj)
                0x0000000008005178                arch_irq_enable
 .text.z_arm_irq_priority_set
                0x0000000008005194       0x2c zephyr/arch/arch/arm/core/cortex_m/libarch__arm__core__cortex_m.a(irq_manage.c.obj)
                0x0000000008005194                z_arm_irq_priority_set
 .text.z_prep_c
                0x00000000080051c0       0x48 zephyr/arch/arch/arm/core/cortex_m/libarch__arm__core__cortex_m.a(prep_c.c.obj)
                0x00000000080051c0                z_prep_c
 .text.arch_new_thread
                0x0000000008005208       0x30 zephyr/arch/arch/arm/core/cortex_m/libarch__arm__core__cortex_m.a(thread.c.obj)
                0x0000000008005208                arch_new_thread
 .text.z_check_thread_stack_fail
                0x0000000008005238       0x30 zephyr/arch/arch/arm/core/cortex_m/libarch__arm__core__cortex_m.a(thread.c.obj)
                0x0000000008005238                z_check_thread_stack_fail
 .text.arch_switch_to_main_thread
                0x0000000008005268       0x48 zephyr/arch/arch/arm/core/cortex_m/libarch__arm__core__cortex_m.a(thread.c.obj)
                0x0000000008005268                arch_switch_to_main_thread
 .text.z_arm_cpu_idle_init
                0x00000000080052b0        0xc zephyr/arch/arch/arm/core/cortex_m/libarch__arm__core__cortex_m.a(cpu_idle.c.obj)
                0x00000000080052b0                z_arm_cpu_idle_init
 .text.z_arm_interrupt_init
                0x00000000080052bc       0x18 zephyr/arch/arch/arm/core/cortex_m/libarch__arm__core__cortex_m.a(irq_init.c.obj)
                0x00000000080052bc                z_arm_interrupt_init
 .text._isr_wrapper
                0x00000000080052d4       0x24 zephyr/arch/arch/arm/core/cortex_m/libarch__arm__core__cortex_m.a(isr_wrapper.c.obj)
                0x00000000080052d4                _isr_wrapper
 .text.z_arm_configure_static_mpu_regions
                0x00000000080052f8       0x18 zephyr/arch/arch/arm/core/mpu/libarch__arm__core__mpu.a(arm_core_mpu.c.obj)
                0x00000000080052f8                z_arm_configure_static_mpu_regions
 .text.z_arm_configure_dynamic_mpu_regions
                0x0000000008005310       0x24 zephyr/arch/arch/arm/core/mpu/libarch__arm__core__mpu.a(arm_core_mpu.c.obj)
                0x0000000008005310                z_arm_configure_dynamic_mpu_regions
 .text.region_allocate_and_init
                0x0000000008005334       0x58 zephyr/arch/arch/arm/core/mpu/libarch__arm__core__mpu.a(arm_mpu.c.obj)
 .text.mpu_configure_regions
                0x000000000800538c       0x70 zephyr/arch/arch/arm/core/mpu/libarch__arm__core__mpu.a(arm_mpu.c.obj)
 .text.arm_core_mpu_enable
                0x00000000080053fc       0x18 zephyr/arch/arch/arm/core/mpu/libarch__arm__core__mpu.a(arm_mpu.c.obj)
                0x00000000080053fc                arm_core_mpu_enable
 .text.arm_core_mpu_disable
                0x0000000008005414       0x14 zephyr/arch/arch/arm/core/mpu/libarch__arm__core__mpu.a(arm_mpu.c.obj)
                0x0000000008005414                arm_core_mpu_disable
 .text.arm_core_mpu_configure_static_mpu_regions
                0x0000000008005428       0x14 zephyr/arch/arch/arm/core/mpu/libarch__arm__core__mpu.a(arm_mpu.c.obj)
                0x0000000008005428                arm_core_mpu_configure_static_mpu_regions
 .text.arm_core_mpu_configure_dynamic_mpu_regions
                0x000000000800543c       0x38 zephyr/arch/arch/arm/core/mpu/libarch__arm__core__mpu.a(arm_mpu.c.obj)
                0x000000000800543c                arm_core_mpu_configure_dynamic_mpu_regions
 .text.z_arm_mpu_init
                0x0000000008005474      0x17c zephyr/arch/arch/arm/core/mpu/libarch__arm__core__mpu.a(arm_mpu.c.obj)
                0x0000000008005474                z_arm_mpu_init
 .text.z_impl_zephyr_fputc
                0x00000000080055f0       0x10 zephyr/lib/libc/picolibc/liblib__libc__picolibc.a(libc-hooks.c.obj)
                0x00000000080055f0                z_impl_zephyr_fputc
 .text.__stdout_hook_install
                0x0000000008005600       0x18 zephyr/lib/libc/picolibc/liblib__libc__picolibc.a(libc-hooks.c.obj)
                0x0000000008005600                __stdout_hook_install
 .text.cbvprintf
                0x0000000008005618       0x38 zephyr/lib/libc/picolibc/liblib__libc__picolibc.a(libc-hooks.c.obj)
                0x0000000008005618                cbvprintf
 .text.malloc_prepare
                0x0000000008005650       0x24 zephyr/lib/libc/common/liblib__libc__common.a(malloc.c.obj)
 .text.malloc_lock
                0x0000000008005674       0x14 zephyr/lib/libc/common/liblib__libc__common.a(malloc.c.obj)
 .text.malloc_unlock
                0x0000000008005688        0xc zephyr/lib/libc/common/liblib__libc__common.a(malloc.c.obj)
 .text.malloc   0x0000000008005694       0x34 zephyr/lib/libc/common/liblib__libc__common.a(malloc.c.obj)
                0x0000000008005694                malloc
 .text.free     0x00000000080056c8       0x1c zephyr/lib/libc/common/liblib__libc__common.a(malloc.c.obj)
                0x00000000080056c8                free
 .text.getopt_init
                0x00000000080056e4       0x48 zephyr/lib/posix/options/liblib__posix__options.a(getopt.c.obj)
                0x00000000080056e4                getopt_init
 .text.getopt   0x000000000800572c       0xf8 zephyr/lib/posix/options/liblib__posix__options.a(getopt.c.obj)
                0x000000000800572c                getopt
 .text.z_getopt_global_state_update
                0x0000000008005824       0x34 zephyr/lib/posix/options/liblib__posix__options.a(getopt_common.c.obj)
                0x0000000008005824                z_getopt_global_state_update
 .text.getopt_state_get
                0x0000000008005858        0x8 zephyr/lib/posix/options/liblib__posix__options.a(getopt_common.c.obj)
                0x0000000008005858                getopt_state_get
 .text.registry_find
                0x0000000008005860       0x2c zephyr/subsys/fs/libsubsys__fs.a(fs.c.obj)
 .text.k_mutex_lock.constprop.0.isra.0
                0x000000000800588c       0x10 zephyr/subsys/fs/libsubsys__fs.a(fs.c.obj)
 .text.k_mutex_unlock.constprop.0.isra.0
                0x000000000800589c        0xc zephyr/subsys/fs/libsubsys__fs.a(fs.c.obj)
 .text.fs_get_mnt_point
                0x00000000080058a8       0x90 zephyr/subsys/fs/libsubsys__fs.a(fs.c.obj)
 .text.fs_open  0x0000000008005938      0x124 zephyr/subsys/fs/libsubsys__fs.a(fs.c.obj)
                0x0000000008005938                fs_open
 .text.fs_close
                0x0000000008005a5c       0x3c zephyr/subsys/fs/libsubsys__fs.a(fs.c.obj)
                0x0000000008005a5c                fs_close
 .text.fs_read  0x0000000008005a98       0x3c zephyr/subsys/fs/libsubsys__fs.a(fs.c.obj)
                0x0000000008005a98                fs_read
 .text.fs_opendir
                0x0000000008005ad4       0xd0 zephyr/subsys/fs/libsubsys__fs.a(fs.c.obj)
                0x0000000008005ad4                fs_opendir
 .text.fs_readdir
                0x0000000008005ba4       0xf0 zephyr/subsys/fs/libsubsys__fs.a(fs.c.obj)
                0x0000000008005ba4                fs_readdir
 .text.fs_closedir
                0x0000000008005c94       0x44 zephyr/subsys/fs/libsubsys__fs.a(fs.c.obj)
                0x0000000008005c94                fs_closedir
 .text.fs_mkdir
                0x0000000008005cd8       0x90 zephyr/subsys/fs/libsubsys__fs.a(fs.c.obj)
                0x0000000008005cd8                fs_mkdir
 .text.fs_stat  0x0000000008005d68       0x8c zephyr/subsys/fs/libsubsys__fs.a(fs.c.obj)
                0x0000000008005d68                fs_stat
 .text.fs_mount
                0x0000000008005df4      0x194 zephyr/subsys/fs/libsubsys__fs.a(fs.c.obj)
                0x0000000008005df4                fs_mount
 .text.fs_unmount
                0x0000000008005f88       0xa8 zephyr/subsys/fs/libsubsys__fs.a(fs.c.obj)
                0x0000000008005f88                fs_unmount
 .text.fs_register
                0x0000000008006030       0x50 zephyr/subsys/fs/libsubsys__fs.a(fs.c.obj)
                0x0000000008006030                fs_register
 .text.translate_error
                0x0000000008006080       0x14 zephyr/subsys/fs/libsubsys__fs.a(fat_fs.c.obj)
 .text.fatfs_init
                0x0000000008006094        0xc zephyr/subsys/fs/libsubsys__fs.a(fat_fs.c.obj)
 .text.fatfs_mount
                0x00000000080060a0       0x74 zephyr/subsys/fs/libsubsys__fs.a(fat_fs.c.obj)
 .text.fatfs_closedir
                0x0000000008006114       0x24 zephyr/subsys/fs/libsubsys__fs.a(fat_fs.c.obj)
 .text.fatfs_opendir
                0x0000000008006138       0x50 zephyr/subsys/fs/libsubsys__fs.a(fat_fs.c.obj)
 .text.fatfs_close
                0x0000000008006188       0x28 zephyr/subsys/fs/libsubsys__fs.a(fat_fs.c.obj)
 .text.fatfs_open
                0x00000000080061b0       0x58 zephyr/subsys/fs/libsubsys__fs.a(fat_fs.c.obj)
 .text.fatfs_unmount
                0x0000000008006208       0x7c zephyr/subsys/fs/libsubsys__fs.a(fat_fs.c.obj)
 .text.stm32_sdmmc_access_deinit
                0x0000000008006284       0x44 zephyr/drivers/disk/libdrivers__disk.a(sdmmc_stm32.c.obj)
 .text.stm32_sdmmc_card_present
                0x00000000080062c8       0x5c zephyr/drivers/disk/libdrivers__disk.a(sdmmc_stm32.c.obj)
 .text.stm32_sdmmc_access_init
                0x0000000008006324       0xc4 zephyr/drivers/disk/libdrivers__disk.a(sdmmc_stm32.c.obj)
 .text.stm32_sdmmc_access_write
                0x00000000080063e8       0x90 zephyr/drivers/disk/libdrivers__disk.a(sdmmc_stm32.c.obj)
 .text.stm32_sdmmc_access_read
                0x0000000008006478       0x90 zephyr/drivers/disk/libdrivers__disk.a(sdmmc_stm32.c.obj)
 .text.disk_stm32_sdmmc_init
                0x0000000008006508      0x1bc zephyr/drivers/disk/libdrivers__disk.a(sdmmc_stm32.c.obj)
 .text.stm32_exti_isr
                0x00000000080066c4       0x50 zephyr/drivers/interrupt_controller/libdrivers__interrupt_controller.a(intc_exti_stm32.c.obj)
 .text.stm32_fill_irq_table
                0x0000000008006714       0x18 zephyr/drivers/interrupt_controller/libdrivers__interrupt_controller.a(intc_exti_stm32.c.obj)
 .text.stm32_exti_init
                0x000000000800672c       0xb4 zephyr/drivers/interrupt_controller/libdrivers__interrupt_controller.a(intc_exti_stm32.c.obj)
 .text.stm32_gpio_intc_enable_line
                0x00000000080067e0       0x30 zephyr/drivers/interrupt_controller/libdrivers__interrupt_controller.a(intc_exti_stm32.c.obj)
                0x00000000080067e0                stm32_gpio_intc_enable_line
 .text.stm32_gpio_intc_set_irq_callback
                0x0000000008006810       0x40 zephyr/drivers/interrupt_controller/libdrivers__interrupt_controller.a(intc_exti_stm32.c.obj)
                0x0000000008006810                stm32_gpio_intc_set_irq_callback
 .text.stm32_gpio_intc_remove_irq_callback
                0x0000000008006850       0x24 zephyr/drivers/interrupt_controller/libdrivers__interrupt_controller.a(intc_exti_stm32.c.obj)
                0x0000000008006850                stm32_gpio_intc_remove_irq_callback
 .text.stm32_exti_get_line_src_port
                0x0000000008006874       0x38 zephyr/drivers/interrupt_controller/libdrivers__interrupt_controller.a(intc_exti_stm32.c.obj)
                0x0000000008006874                stm32_exti_get_line_src_port
 .text.get_pllsrc_frequency
                0x00000000080068ac       0x1c zephyr/drivers/clock_control/libdrivers__clock_control.a(clock_stm32_ll_h7.c.obj)
 .text.get_hclk_frequency
                0x00000000080068c8       0x34 zephyr/drivers/clock_control/libdrivers__clock_control.a(clock_stm32_ll_h7.c.obj)
 .text.stm32_clock_control_get_subsys_rate
                0x00000000080068fc       0xd8 zephyr/drivers/clock_control/libdrivers__clock_control.a(clock_stm32_ll_h7.c.obj)
 .text.stm32_clock_control_init
                0x00000000080069d4      0x288 zephyr/drivers/clock_control/libdrivers__clock_control.a(clock_stm32_ll_h7.c.obj)
                0x00000000080069d4                stm32_clock_control_init
 .text.uart_console_init
                0x0000000008006c5c       0x28 zephyr/drivers/console/libdrivers__console.a(uart_console.c.obj)
 .text.console_out
                0x0000000008006c84       0x28 zephyr/drivers/console/libdrivers__console.a(uart_console.c.obj)
 .text.gpio_stm32_pin_interrupt_configure
                0x0000000008006cac       0xb0 zephyr/drivers/gpio/libdrivers__gpio.a(gpio_stm32.c.obj)
 .text.gpio_stm32_init
                0x0000000008006d5c       0x30 zephyr/drivers/gpio/libdrivers__gpio.a(gpio_stm32.c.obj)
 .text.msg_init
                0x0000000008006d8c       0x9c zephyr/drivers/i2c/libdrivers__i2c.a(i2c_ll_stm32_v2.c.obj)
 .text.stm32_i2c_configure_timing
                0x0000000008006e28      0x170 zephyr/drivers/i2c/libdrivers__i2c.a(i2c_ll_stm32_v2.c.obj)
                0x0000000008006e28                stm32_i2c_configure_timing
 .text.i2c_stm32_get_config.part.0
                0x0000000008006f98       0x20 zephyr/drivers/i2c/libdrivers__i2c.a(i2c_ll_stm32.c.obj)
 .text.i2c_stm32_set_smbus_mode
                0x0000000008006fb8       0x5c zephyr/drivers/i2c/libdrivers__i2c.a(i2c_ll_stm32.c.obj)
                0x0000000008006fb8                i2c_stm32_set_smbus_mode
 .text.i2c_stm32_runtime_configure
                0x0000000008007014       0x90 zephyr/drivers/i2c/libdrivers__i2c.a(i2c_ll_stm32.c.obj)
                0x0000000008007014                i2c_stm32_runtime_configure
 .text.i2c_stm32_init
                0x00000000080070a4      0x154 zephyr/drivers/i2c/libdrivers__i2c.a(i2c_ll_stm32.c.obj)
 .text.pinctrl_configure_pins
                0x00000000080071f8       0x84 zephyr/drivers/pinctrl/libdrivers__pinctrl.a(pinctrl_stm32.c.obj)
                0x00000000080071f8                pinctrl_configure_pins
 .text.uart_stm32_irq_err_enable
                0x000000000800727c       0x88 zephyr/drivers/serial/libdrivers__serial.a(uart_stm32.c.obj)
 .text.uart_stm32_irq_err_disable
                0x0000000008007304       0x88 zephyr/drivers/serial/libdrivers__serial.a(uart_stm32.c.obj)
 .text.uart_stm32_set_baudrate.part.0
                0x000000000800738c       0x1c zephyr/drivers/serial/libdrivers__serial.a(uart_stm32.c.obj)
 .text.uart_stm32_parameters_set
                0x00000000080073a8      0x134 zephyr/drivers/serial/libdrivers__serial.a(uart_stm32.c.obj)
 .text.uart_stm32_init
                0x00000000080074dc      0x220 zephyr/drivers/serial/libdrivers__serial.a(uart_stm32.c.obj)
 .text.uart_stm32_configure
                0x00000000080076fc      0x188 zephyr/drivers/serial/libdrivers__serial.a(uart_stm32.c.obj)
 .text.elapsed  0x0000000008007884       0x4c zephyr/drivers/timer/libdrivers__timer.a(cortex_m_systick.c.obj)
 .text.sys_clock_driver_init
                0x00000000080078d0       0x38 zephyr/drivers/timer/libdrivers__timer.a(cortex_m_systick.c.obj)
 .text.sys_clock_isr
                0x0000000008007908       0x60 zephyr/drivers/timer/libdrivers__timer.a(cortex_m_systick.c.obj)
                0x0000000008007908                sys_clock_isr
 .text.sys_clock_set_timeout
                0x0000000008007968       0xfc zephyr/drivers/timer/libdrivers__timer.a(cortex_m_systick.c.obj)
                0x0000000008007968                sys_clock_set_timeout
 .text.sys_clock_elapsed
                0x0000000008007a64       0x3c zephyr/drivers/timer/libdrivers__timer.a(cortex_m_systick.c.obj)
                0x0000000008007a64                sys_clock_elapsed
 .text.sys_clock_cycle_get_32
                0x0000000008007aa0       0x28 zephyr/drivers/timer/libdrivers__timer.a(cortex_m_systick.c.obj)
                0x0000000008007aa0                sys_clock_cycle_get_32
 .text.get_ldnumber
                0x0000000008007ac8       0x8c modules/fatfs/libmodules__fatfs.a(ff.c.obj)
 .text.check_fs
                0x0000000008007b54       0xc0 modules/fatfs/libmodules__fatfs.a(ff.c.obj)
 .text.mount_volume
                0x0000000008007c14      0x228 modules/fatfs/libmodules__fatfs.a(ff.c.obj)
 .text.follow_path
                0x0000000008007e3c      0x188 modules/fatfs/libmodules__fatfs.a(ff.c.obj)
 .text.f_mount  0x0000000008007fc4       0x50 modules/fatfs/libmodules__fatfs.a(ff.c.obj)
                0x0000000008007fc4                f_mount
 .text.f_mkfs   0x0000000008008014      0x724 modules/fatfs/libmodules__fatfs.a(ff.c.obj)
                0x0000000008008014                f_mkfs
 .text.disk_status
                0x0000000008008738       0x18 modules/fatfs/libmodules__fatfs.a(zfs_diskio.c.obj)
                0x0000000008008738                disk_status
 .text.disk_read
                0x0000000008008750       0x18 modules/fatfs/libmodules__fatfs.a(zfs_diskio.c.obj)
                0x0000000008008750                disk_read
 .text.disk_write
                0x0000000008008768       0x18 modules/fatfs/libmodules__fatfs.a(zfs_diskio.c.obj)
                0x0000000008008768                disk_write
 .text.disk_ioctl
                0x0000000008008780       0x74 modules/fatfs/libmodules__fatfs.a(zfs_diskio.c.obj)
                0x0000000008008780                disk_ioctl
 .text.HAL_RCC_GetSysClockFreq
                0x00000000080087f4      0x158 modules/hal_stm32/stm32cube/lib..__modules__hal__stm32__stm32cube.a(stm32h7xx_hal_rcc.c.obj)
                0x00000000080087f4                HAL_RCC_GetSysClockFreq
 .text.HAL_RCC_GetHCLKFreq
                0x000000000800894c       0x44 modules/hal_stm32/stm32cube/lib..__modules__hal__stm32__stm32cube.a(stm32h7xx_hal_rcc.c.obj)
                0x000000000800894c                HAL_RCC_GetHCLKFreq
 .text.HAL_RCC_GetPCLK1Freq
                0x0000000008008990       0x24 modules/hal_stm32/stm32cube/lib..__modules__hal__stm32__stm32cube.a(stm32h7xx_hal_rcc.c.obj)
                0x0000000008008990                HAL_RCC_GetPCLK1Freq
 .text.HAL_RCCEx_GetD3PCLK1Freq
                0x00000000080089b4       0x24 modules/hal_stm32/stm32cube/lib..__modules__hal__stm32__stm32cube.a(stm32h7xx_hal_rcc_ex.c.obj)
                0x00000000080089b4                HAL_RCCEx_GetD3PCLK1Freq
 .text.HAL_RCCEx_GetPLL2ClockFreq
                0x00000000080089d8      0x174 modules/hal_stm32/stm32cube/lib..__modules__hal__stm32__stm32cube.a(stm32h7xx_hal_rcc_ex.c.obj)
                0x00000000080089d8                HAL_RCCEx_GetPLL2ClockFreq
 .text.HAL_RCCEx_GetPLL3ClockFreq
                0x0000000008008b4c      0x174 modules/hal_stm32/stm32cube/lib..__modules__hal__stm32__stm32cube.a(stm32h7xx_hal_rcc_ex.c.obj)
                0x0000000008008b4c                HAL_RCCEx_GetPLL3ClockFreq
 .text.HAL_RCCEx_GetPLL1ClockFreq
                0x0000000008008cc0      0x174 modules/hal_stm32/stm32cube/lib..__modules__hal__stm32__stm32cube.a(stm32h7xx_hal_rcc_ex.c.obj)
                0x0000000008008cc0                HAL_RCCEx_GetPLL1ClockFreq
 .text.HAL_RCCEx_GetPeriphCLKFreq
                0x0000000008008e34      0x2cc modules/hal_stm32/stm32cube/lib..__modules__hal__stm32__stm32cube.a(stm32h7xx_hal_rcc_ex.c.obj)
                0x0000000008008e34                HAL_RCCEx_GetPeriphCLKFreq
 .text.SD_FindSCR.constprop.0
                0x0000000008009100       0xcc modules/hal_stm32/stm32cube/lib..__modules__hal__stm32__stm32cube.a(stm32h7xx_hal_sd.c.obj)
 .text.HAL_SD_ReadBlocks_IT
                0x00000000080091cc       0xc4 modules/hal_stm32/stm32cube/lib..__modules__hal__stm32__stm32cube.a(stm32h7xx_hal_sd.c.obj)
                0x00000000080091cc                HAL_SD_ReadBlocks_IT
 .text.HAL_SD_WriteBlocks_IT
                0x0000000008009290       0xc4 modules/hal_stm32/stm32cube/lib..__modules__hal__stm32__stm32cube.a(stm32h7xx_hal_sd.c.obj)
                0x0000000008009290                HAL_SD_WriteBlocks_IT
 .text.HAL_SD_GetCardCSD
                0x0000000008009354      0x1b0 modules/hal_stm32/stm32cube/lib..__modules__hal__stm32__stm32cube.a(stm32h7xx_hal_sd.c.obj)
                0x0000000008009354                HAL_SD_GetCardCSD
 .text.HAL_SD_InitCard
                0x0000000008009504      0x234 modules/hal_stm32/stm32cube/lib..__modules__hal__stm32__stm32cube.a(stm32h7xx_hal_sd.c.obj)
                0x0000000008009504                HAL_SD_InitCard
 .text.HAL_SD_GetCardStatus
                0x0000000008009738      0x18c modules/hal_stm32/stm32cube/lib..__modules__hal__stm32__stm32cube.a(stm32h7xx_hal_sd.c.obj)
                0x0000000008009738                HAL_SD_GetCardStatus
 .text.HAL_SD_ConfigWideBusOperation
                0x00000000080098c4      0x170 modules/hal_stm32/stm32cube/lib..__modules__hal__stm32__stm32cube.a(stm32h7xx_hal_sd.c.obj)
                0x00000000080098c4                HAL_SD_ConfigWideBusOperation
 .text.HAL_SD_IRQHandler
                0x0000000008009a34      0x268 modules/hal_stm32/stm32cube/lib..__modules__hal__stm32__stm32cube.a(stm32h7xx_hal_sd.c.obj)
                0x0000000008009a34                HAL_SD_IRQHandler
 .text.SDMMC_Init
                0x0000000008009c9c       0x34 modules/hal_stm32/stm32cube/lib..__modules__hal__stm32__stm32cube.a(stm32h7xx_ll_sdmmc.c.obj)
                0x0000000008009c9c                SDMMC_Init
 .text.SDMMC_SendCommand
                0x0000000008009cd0       0x28 modules/hal_stm32/stm32cube/lib..__modules__hal__stm32__stm32cube.a(stm32h7xx_ll_sdmmc.c.obj)
                0x0000000008009cd0                SDMMC_SendCommand
 .text.SDMMC_CmdGoIdleState
                0x0000000008009cf8       0x50 modules/hal_stm32/stm32cube/lib..__modules__hal__stm32__stm32cube.a(stm32h7xx_ll_sdmmc.c.obj)
                0x0000000008009cf8                SDMMC_CmdGoIdleState
 .text.SDMMC_GetCmdResp1
                0x0000000008009d48      0x124 modules/hal_stm32/stm32cube/lib..__modules__hal__stm32__stm32cube.a(stm32h7xx_ll_sdmmc.c.obj)
                0x0000000008009d48                SDMMC_GetCmdResp1
 .text.SDMMC_CmdStopTransfer
                0x0000000008009e6c       0x54 modules/hal_stm32/stm32cube/lib..__modules__hal__stm32__stm32cube.a(stm32h7xx_ll_sdmmc.c.obj)
                0x0000000008009e6c                SDMMC_CmdStopTransfer
 .text.SDMMC_GetCmdResp2
                0x0000000008009ec0       0x50 modules/hal_stm32/stm32cube/lib..__modules__hal__stm32__stm32cube.a(stm32h7xx_ll_sdmmc.c.obj)
                0x0000000008009ec0                SDMMC_GetCmdResp2
 .text.SDMMC_GetCmdResp3
                0x0000000008009f10       0x48 modules/hal_stm32/stm32cube/lib..__modules__hal__stm32__stm32cube.a(stm32h7xx_ll_sdmmc.c.obj)
                0x0000000008009f10                SDMMC_GetCmdResp3
 .text.SDMMC_GetCmdResp6
                0x0000000008009f58       0x84 modules/hal_stm32/stm32cube/lib..__modules__hal__stm32__stm32cube.a(stm32h7xx_ll_sdmmc.c.obj)
                0x0000000008009f58                SDMMC_GetCmdResp6
 .text.SDMMC_GetCmdResp7
                0x0000000008009fdc       0x54 modules/hal_stm32/stm32cube/lib..__modules__hal__stm32__stm32cube.a(stm32h7xx_ll_sdmmc.c.obj)
                0x0000000008009fdc                SDMMC_GetCmdResp7
 .text.LL_SetFlashLatency
                0x000000000800a030      0x198 modules/hal_stm32/stm32cube/lib..__modules__hal__stm32__stm32cube.a(stm32h7xx_ll_utils.c.obj)
                0x000000000800a030                LL_SetFlashLatency
 .text.z_device_get_all_static
                0x000000000800a1c8       0x18 zephyr/kernel/libkernel.a(device.c.obj)
                0x000000000800a1c8                z_device_get_all_static
 .text.k_sys_fatal_error_handler
                0x000000000800a1e0       0x28 zephyr/kernel/libkernel.a(fatal.c.obj)
                0x000000000800a1e0                k_sys_fatal_error_handler
 .text.z_fatal_error
                0x000000000800a208      0x110 zephyr/kernel/libkernel.a(fatal.c.obj)
                0x000000000800a208                z_fatal_error
 .text.z_sys_init_run_level
                0x000000000800a318       0x2c zephyr/kernel/libkernel.a(init.c.obj)
 .text.bg_thread_main
                0x000000000800a344       0xc4 zephyr/kernel/libkernel.a(init.c.obj)
 .text.z_bss_zero
                0x000000000800a408       0x2c zephyr/kernel/libkernel.a(init.c.obj)
                0x000000000800a408                z_bss_zero
 .text.z_init_cpu
                0x000000000800a434       0x78 zephyr/kernel/libkernel.a(init.c.obj)
                0x000000000800a434                z_init_cpu
 .text.z_cstart
                0x000000000800a4ac       0xd8 zephyr/kernel/libkernel.a(init.c.obj)
                0x000000000800a4ac                z_cstart
 .text.init_mem_slab_obj_core_list
                0x000000000800a584       0x24 zephyr/kernel/libkernel.a(mem_slab.c.obj)
 .text.k_mem_slab_alloc
                0x000000000800a5a8       0x5c zephyr/kernel/libkernel.a(mem_slab.c.obj)
                0x000000000800a5a8                k_mem_slab_alloc
 .text.z_impl_k_mutex_lock
                0x000000000800a604       0xf0 zephyr/kernel/libkernel.a(mutex.c.obj)
                0x000000000800a604                z_impl_k_mutex_lock
 .text.z_impl_k_mutex_unlock
                0x000000000800a6f4       0x78 zephyr/kernel/libkernel.a(mutex.c.obj)
                0x000000000800a6f4                z_impl_k_mutex_unlock
 .text.z_impl_k_sem_give
                0x000000000800a76c       0x4c zephyr/kernel/libkernel.a(sem.c.obj)
                0x000000000800a76c                z_impl_k_sem_give
 .text.z_impl_k_sem_take
                0x000000000800a7b8       0x4c zephyr/kernel/libkernel.a(sem.c.obj)
                0x000000000800a7b8                z_impl_k_sem_take
 .text.work_queue_main
                0x000000000800a804      0x144 zephyr/kernel/libkernel.a(work.c.obj)
 .text.submit_to_queue_locked
                0x000000000800a948       0xb0 zephyr/kernel/libkernel.a(work.c.obj)
 .text.k_work_submit
                0x000000000800a9f8        0xc zephyr/kernel/libkernel.a(work.c.obj)
                0x000000000800a9f8                k_work_submit
 .text.k_work_queue_start
                0x000000000800aa04       0x7c zephyr/kernel/libkernel.a(work.c.obj)
                0x000000000800aa04                k_work_queue_start
 .text.z_impl_k_thread_name_set
                0x000000000800aa80       0x20 zephyr/kernel/libkernel.a(thread.c.obj)
                0x000000000800aa80                z_impl_k_thread_name_set
 .text.k_thread_state_str
                0x000000000800aaa0       0x90 zephyr/kernel/libkernel.a(thread.c.obj)
                0x000000000800aaa0                k_thread_state_str
 .text.z_setup_new_thread
                0x000000000800ab30       0xf8 zephyr/kernel/libkernel.a(thread.c.obj)
                0x000000000800ab30                z_setup_new_thread
 .text.z_impl_k_thread_create
                0x000000000800ac28       0x58 zephyr/kernel/libkernel.a(thread.c.obj)
                0x000000000800ac28                z_impl_k_thread_create
 .text.unready_thread
                0x000000000800ac80       0x54 zephyr/kernel/libkernel.a(sched.c.obj)
 .text.ready_thread
                0x000000000800acd4       0x8c zephyr/kernel/libkernel.a(sched.c.obj)
 .text.z_thread_halt
                0x000000000800ad60      0x114 zephyr/kernel/libkernel.a(sched.c.obj)
 .text.move_thread_to_end_of_prio_q
                0x000000000800ae74       0x94 zephyr/kernel/libkernel.a(sched.c.obj)
                0x000000000800ae74                move_thread_to_end_of_prio_q
 .text.z_pend_curr
                0x000000000800af08       0x58 zephyr/kernel/libkernel.a(sched.c.obj)
                0x000000000800af08                z_pend_curr
 .text.z_thread_prio_set
                0x000000000800af60       0x9c zephyr/kernel/libkernel.a(sched.c.obj)
                0x000000000800af60                z_thread_prio_set
 .text.z_reschedule
                0x000000000800affc       0x24 zephyr/kernel/libkernel.a(sched.c.obj)
                0x000000000800affc                z_reschedule
 .text.z_sched_start
                0x000000000800b020       0x3c zephyr/kernel/libkernel.a(sched.c.obj)
                0x000000000800b020                z_sched_start
 .text.z_reschedule_irqlock
                0x000000000800b05c       0x28 zephyr/kernel/libkernel.a(sched.c.obj)
                0x000000000800b05c                z_reschedule_irqlock
 .text.k_sched_lock
                0x000000000800b084       0x28 zephyr/kernel/libkernel.a(sched.c.obj)
                0x000000000800b084                k_sched_lock
 .text.k_sched_unlock
                0x000000000800b0ac       0x68 zephyr/kernel/libkernel.a(sched.c.obj)
                0x000000000800b0ac                k_sched_unlock
 .text.z_sched_init
                0x000000000800b114       0x10 zephyr/kernel/libkernel.a(sched.c.obj)
                0x000000000800b114                z_sched_init
 .text.z_impl_k_yield
                0x000000000800b124       0x8c zephyr/kernel/libkernel.a(sched.c.obj)
                0x000000000800b124                z_impl_k_yield
 .text.z_tick_sleep
                0x000000000800b1b0       0x88 zephyr/kernel/libkernel.a(sched.c.obj)
 .text.z_impl_k_sleep
                0x000000000800b238       0x38 zephyr/kernel/libkernel.a(sched.c.obj)
                0x000000000800b238                z_impl_k_sleep
 .text.z_impl_k_sched_current_thread_query
                0x000000000800b270        0xc zephyr/kernel/libkernel.a(sched.c.obj)
                0x000000000800b270                z_impl_k_sched_current_thread_query
 .text.z_sched_wait
                0x000000000800b27c       0x24 zephyr/kernel/libkernel.a(sched.c.obj)
                0x000000000800b27c                z_sched_wait
 .text.slice_timeout
                0x000000000800b2a0       0x20 zephyr/kernel/libkernel.a(timeslicing.c.obj)
 .text.thread_is_sliceable
                0x000000000800b2c0       0x3c zephyr/kernel/libkernel.a(timeslicing.c.obj)
                0x000000000800b2c0                thread_is_sliceable
 .text.z_reset_time_slice
                0x000000000800b2fc       0x50 zephyr/kernel/libkernel.a(timeslicing.c.obj)
                0x000000000800b2fc                z_reset_time_slice
 .text.z_time_slice
                0x000000000800b34c       0x60 zephyr/kernel/libkernel.a(timeslicing.c.obj)
                0x000000000800b34c                z_time_slice
 .text.z_thread_monitor_exit
                0x000000000800b3ac       0x3c zephyr/kernel/libkernel.a(thread_monitor.c.obj)
                0x000000000800b3ac                z_thread_monitor_exit
 .text.k_thread_foreach_unlocked
                0x000000000800b3e8       0x48 zephyr/kernel/libkernel.a(thread_monitor.c.obj)
                0x000000000800b3e8                k_thread_foreach_unlocked
 .text.z_data_copy
                0x000000000800b430       0x4c zephyr/kernel/libkernel.a(xip.c.obj)
                0x000000000800b430                z_data_copy
 .text.elapsed  0x000000000800b47c       0x14 zephyr/kernel/libkernel.a(timeout.c.obj)
 .text.remove_timeout
                0x000000000800b490       0x38 zephyr/kernel/libkernel.a(timeout.c.obj)
 .text.next_timeout
                0x000000000800b4c8       0x40 zephyr/kernel/libkernel.a(timeout.c.obj)
 .text.z_add_timeout
                0x000000000800b508       0xf4 zephyr/kernel/libkernel.a(timeout.c.obj)
                0x000000000800b508                z_add_timeout
 .text.sys_clock_announce
                0x000000000800b5fc       0xd4 zephyr/kernel/libkernel.a(timeout.c.obj)
                0x000000000800b5fc                sys_clock_announce
 .text.sys_clock_tick_get
                0x000000000800b6d0       0x30 zephyr/kernel/libkernel.a(timeout.c.obj)
                0x000000000800b6d0                sys_clock_tick_get
 .text.z_timer_expiration_handler
                0x000000000800b700       0xe0 zephyr/kernel/libkernel.a(timer.c.obj)
                0x000000000800b700                z_timer_expiration_handler
 .text.z_impl_k_timer_start
                0x000000000800b7e0       0x74 zephyr/kernel/libkernel.a(timer.c.obj)
                0x000000000800b7e0                z_impl_k_timer_start
 .text.z_impl_k_poll
                0x000000000800b854       0xb0 zephyr/kernel/libkernel.a(poll.c.obj)
                0x000000000800b854                z_impl_k_poll
 .text.z_impl_k_poll_signal_raise
                0x000000000800b904       0x50 zephyr/kernel/libkernel.a(poll.c.obj)
                0x000000000800b904                z_impl_k_poll_signal_raise
 .text.boot_banner
                0x000000000800b954        0xc zephyr/kernel/libkernel.a(banner.c.obj)
                0x000000000800b954                boot_banner
 .text.k_sys_work_q_init
                0x000000000800b960       0x34 zephyr/kernel/libkernel.a(system_work_q.c.obj)
 .text.snprintf
                0x000000000800b994       0x58 /opt/zephyr-sdk-0.16.8/arm-zephyr-eabi/bin/../lib/gcc/../../picolibc/arm-zephyr-eabi/lib/thumb/v7e-m/nofp/libc.a(libc_tinystdio_snprintf.c.o)
                0x000000000800b994                snprintf
 .text.strtol   0x000000000800b9ec       0xec /opt/zephyr-sdk-0.16.8/arm-zephyr-eabi/bin/../lib/gcc/../../picolibc/arm-zephyr-eabi/lib/thumb/v7e-m/nofp/libc.a(libc_tinystdio_strtol.c.o)
                0x000000000800b9ec                strtol
 .text.strtoul  0x000000000800bad8       0xcc /opt/zephyr-sdk-0.16.8/arm-zephyr-eabi/bin/../lib/gcc/../../picolibc/arm-zephyr-eabi/lib/thumb/v7e-m/nofp/libc.a(libc_tinystdio_strtoul.c.o)
                0x000000000800bad8                strtoul
 .text.__l_vfprintf
                0x000000000800bba4      0x4b8 /opt/zephyr-sdk-0.16.8/arm-zephyr-eabi/bin/../lib/gcc/../../picolibc/arm-zephyr-eabi/lib/thumb/v7e-m/nofp/libc.a(libc_tinystdio_vflprintf.c.o)
                0x000000000800bba4                __l_vfprintf
 .text._OffsetAbsSyms
                0x000000000800c05c        0x2 zephyr/CMakeFiles/offsets.dir/./arch/arm/core/offsets/offsets.c.obj
                0x000000000800c05c                _OffsetAbsSyms
 .text.chunk_field
                0x000000000800c05e       0x16 zephyr/libzephyr.a(heap.c.obj)
 .text.chunk_set
                0x000000000800c074       0x16 zephyr/libzephyr.a(heap.c.obj)
 .text.chunk_size
                0x000000000800c08a        0xc zephyr/libzephyr.a(heap.c.obj)
 .text.set_chunk_used
                0x000000000800c096       0x30 zephyr/libzephyr.a(heap.c.obj)
 .text.set_chunk_size
                0x000000000800c0c6        0x8 zephyr/libzephyr.a(heap.c.obj)
 .text.mem_to_chunkid
                0x000000000800c0ce       0x14 zephyr/libzephyr.a(heap.c.obj)
 .text.bucket_idx.isra.0
                0x000000000800c0e2       0x1e zephyr/libzephyr.a(heap.c.obj)
 .text.free_list_remove_bidx
                0x000000000800c100       0x5c zephyr/libzephyr.a(heap.c.obj)
 .text.free_list_remove
                0x000000000800c15c       0x2e zephyr/libzephyr.a(heap.c.obj)
 .text.alloc_chunk
                0x000000000800c18a       0x74 zephyr/libzephyr.a(heap.c.obj)
 .text.split_chunks
                0x000000000800c1fe       0x4e zephyr/libzephyr.a(heap.c.obj)
 .text.merge_chunks
                0x000000000800c24c       0x3c zephyr/libzephyr.a(heap.c.obj)
 .text.free_list_add
                0x000000000800c288       0x84 zephyr/libzephyr.a(heap.c.obj)
 .text.free_chunk
                0x000000000800c30c       0x84 zephyr/libzephyr.a(heap.c.obj)
 .text.sys_heap_free
                0x000000000800c390       0x24 zephyr/libzephyr.a(heap.c.obj)
                0x000000000800c390                sys_heap_free
 .text.sys_heap_alloc
                0x000000000800c3b4       0x70 zephyr/libzephyr.a(heap.c.obj)
                0x000000000800c3b4                sys_heap_alloc
 .text.sys_heap_aligned_alloc
                0x000000000800c424       0xec zephyr/libzephyr.a(heap.c.obj)
                0x000000000800c424                sys_heap_aligned_alloc
 .text.sys_heap_init
                0x000000000800c510       0xb0 zephyr/libzephyr.a(heap.c.obj)
                0x000000000800c510                sys_heap_init
 .text.cbpprintf_external
                0x000000000800c5c0       0x62 zephyr/libzephyr.a(cbprintf_packaged.c.obj)
                0x000000000800c5c0                cbpprintf_external
 .text.is_ptr   0x000000000800c622       0x4a zephyr/libzephyr.a(cbprintf_packaged.c.obj)
                0x000000000800c622                is_ptr
 .text.arch_printk_char_out
                0x000000000800c66c        0x4 zephyr/libzephyr.a(printk.c.obj)
                0x000000000800c66c                arch_printk_char_out
 .text.printk   0x000000000800c670       0x1a zephyr/libzephyr.a(printk.c.obj)
                0x000000000800c670                printk
 .text.free_space
                0x000000000800c68a       0x26 zephyr/libzephyr.a(mpsc_pbuf.c.obj)
 .text.get_usage
                0x000000000800c6b0       0x22 zephyr/libzephyr.a(mpsc_pbuf.c.obj)
 .text.idx_inc  0x000000000800c6d2       0x1c zephyr/libzephyr.a(mpsc_pbuf.c.obj)
 .text.rd_idx_inc
                0x000000000800c6ee       0x18 zephyr/libzephyr.a(mpsc_pbuf.c.obj)
 .text.add_skip_item
                0x000000000800c706       0x3a zephyr/libzephyr.a(mpsc_pbuf.c.obj)
 .text.drop_item_locked
                0x000000000800c740       0xee zephyr/libzephyr.a(mpsc_pbuf.c.obj)
 .text.post_drop_action
                0x000000000800c82e       0x36 zephyr/libzephyr.a(mpsc_pbuf.c.obj)
 .text.max_utilization_update
                0x000000000800c864       0x1a zephyr/libzephyr.a(mpsc_pbuf.c.obj)
 .text.mpsc_pbuf_init
                0x000000000800c87e       0x42 zephyr/libzephyr.a(mpsc_pbuf.c.obj)
                0x000000000800c87e                mpsc_pbuf_init
 .text.mpsc_pbuf_alloc
                0x000000000800c8c0       0xf8 zephyr/libzephyr.a(mpsc_pbuf.c.obj)
                0x000000000800c8c0                mpsc_pbuf_alloc
 .text.mpsc_pbuf_commit
                0x000000000800c9b8       0x3e zephyr/libzephyr.a(mpsc_pbuf.c.obj)
                0x000000000800c9b8                mpsc_pbuf_commit
 .text.mpsc_pbuf_claim
                0x000000000800c9f6       0xa8 zephyr/libzephyr.a(mpsc_pbuf.c.obj)
                0x000000000800c9f6                mpsc_pbuf_claim
 .text.mpsc_pbuf_free
                0x000000000800ca9e       0x76 zephyr/libzephyr.a(mpsc_pbuf.c.obj)
                0x000000000800ca9e                mpsc_pbuf_free
 .text.mpsc_pbuf_is_pending
                0x000000000800cb14       0x32 zephyr/libzephyr.a(mpsc_pbuf.c.obj)
                0x000000000800cb14                mpsc_pbuf_is_pending
 .text.ring_buf_put_claim
                0x000000000800cb46       0x40 zephyr/libzephyr.a(ring_buffer.c.obj)
                0x000000000800cb46                ring_buf_put_claim
 .text.ring_buf_put_finish
                0x000000000800cb86       0x2a zephyr/libzephyr.a(ring_buffer.c.obj)
                0x000000000800cb86                ring_buf_put_finish
 .text.ring_buf_put
                0x000000000800cbb0       0x3e zephyr/libzephyr.a(ring_buffer.c.obj)
                0x000000000800cbb0                ring_buf_put
 .text.ring_buf_get_claim
                0x000000000800cbee       0x3e zephyr/libzephyr.a(ring_buffer.c.obj)
                0x000000000800cbee                ring_buf_get_claim
 .text.ring_buf_get_finish
                0x000000000800cc2c       0x2a zephyr/libzephyr.a(ring_buffer.c.obj)
                0x000000000800cc2c                ring_buf_get_finish
 .text.ring_buf_get
                0x000000000800cc56       0x40 zephyr/libzephyr.a(ring_buffer.c.obj)
                0x000000000800cc56                ring_buf_get
 .text._ConfigAbsSyms
                0x000000000800cc96        0x2 zephyr/libzephyr.a(configs.c.obj)
                0x000000000800cc96                _ConfigAbsSyms
 .text.HAL_GetTick
                0x000000000800cc98       0x10 zephyr/libzephyr.a(stm32cube_hal.c.obj)
                0x000000000800cc98                HAL_GetTick
 .text.HAL_Delay
                0x000000000800cca8       0x16 zephyr/libzephyr.a(stm32cube_hal.c.obj)
                0x000000000800cca8                HAL_Delay
 .text.log_msg_generic_get_wlen
                0x000000000800ccbe       0x20 zephyr/libzephyr.a(log_core.c.obj)
 .text.dummy_timestamp
                0x000000000800ccde        0x4 zephyr/libzephyr.a(log_core.c.obj)
 .text.atomic_inc
                0x000000000800cce2       0x1a zephyr/libzephyr.a(log_core.c.obj)
 .text.default_lf_get_timestamp
                0x000000000800ccfc       0x10 zephyr/libzephyr.a(log_core.c.obj)
 .text.z_log_vprintk
                0x000000000800cd0c       0x1c zephyr/libzephyr.a(log_core.c.obj)
                0x000000000800cd0c                z_log_vprintk
 .text.z_log_notify_drop
                0x000000000800cd28        0x6 zephyr/libzephyr.a(log_core.c.obj)
 .text.z_log_get_tag
                0x000000000800cd2e        0x4 zephyr/libzephyr.a(log_core.c.obj)
                0x000000000800cd2e                z_log_get_tag
 .text.z_impl_log_filter_set
                0x000000000800cd32       0x10 zephyr/libzephyr.a(log_mgmt.c.obj)
                0x000000000800cd32                z_impl_log_filter_set
 .text.log_backend_disable
                0x000000000800cd42       0x18 zephyr/libzephyr.a(log_mgmt.c.obj)
                0x000000000800cd42                log_backend_disable
 .text.z_cbprintf_cpy
                0x000000000800cd5a       0x2c zephyr/libzephyr.a(log_msg.c.obj)
 .text.z_log_msg_finalize
                0x000000000800cd86       0x32 zephyr/libzephyr.a(log_msg.c.obj)
                0x000000000800cd86                z_log_msg_finalize
 .text.z_log_msg_simple_create
                0x000000000800cdb8       0x6e zephyr/libzephyr.a(log_msg.c.obj)
 .text.z_impl_z_log_msg_simple_create_0
                0x000000000800ce26       0x12 zephyr/libzephyr.a(log_msg.c.obj)
                0x000000000800ce26                z_impl_z_log_msg_simple_create_0
 .text.z_impl_z_log_msg_simple_create_1
                0x000000000800ce38       0x14 zephyr/libzephyr.a(log_msg.c.obj)
                0x000000000800ce38                z_impl_z_log_msg_simple_create_1
 .text.z_impl_z_log_msg_simple_create_2
                0x000000000800ce4c       0x18 zephyr/libzephyr.a(log_msg.c.obj)
                0x000000000800ce4c                z_impl_z_log_msg_simple_create_2
 .text.log_output_write
                0x000000000800ce64       0x1c zephyr/libzephyr.a(log_output.c.obj)
 .text.log_output_flush
                0x000000000800ce80       0x1a zephyr/libzephyr.a(log_output.c.obj)
 .text.out_func
                0x000000000800ce9a       0x36 zephyr/libzephyr.a(log_output.c.obj)
 .text.cr_out_func
                0x000000000800ced0       0x1c zephyr/libzephyr.a(log_output.c.obj)
 .text.log_output_msg_process
                0x000000000800ceec       0x6c zephyr/libzephyr.a(log_output.c.obj)
                0x000000000800ceec                log_output_msg_process
 .text.disk_access_status
                0x000000000800cf58       0x1c zephyr/libzephyr.a(disk_access.c.obj)
                0x000000000800cf58                disk_access_status
 .text.disk_access_read
                0x000000000800cf74       0x2e zephyr/libzephyr.a(disk_access.c.obj)
                0x000000000800cf74                disk_access_read
 .text.disk_access_write
                0x000000000800cfa2       0x2e zephyr/libzephyr.a(disk_access.c.obj)
                0x000000000800cfa2                disk_access_write
 .text.cmd_kernel_reboot_cold
                0x000000000800cfd0        0x8 zephyr/libzephyr.a(reboot.c.obj)
 .text.cmd_kernel_reboot_warm
                0x000000000800cfd8        0x8 zephyr/libzephyr.a(reboot.c.obj)
 .text.log_msg_generic_get_wlen
                0x000000000800cfe0       0x20 zephyr/libzephyr.a(shell_uart.c.obj)
 .text.uart_irq_tx_disable
                0x000000000800d000        0xa zephyr/libzephyr.a(shell_uart.c.obj)
 .text.enable   0x000000000800d00a       0x12 zephyr/libzephyr.a(shell_uart.c.obj)
 .text.read_uart
                0x000000000800d01c       0x12 zephyr/libzephyr.a(shell_uart.c.obj)
 .text.uninit   0x000000000800d02e       0x20 zephyr/libzephyr.a(shell_uart.c.obj)
 .text.write_uart
                0x000000000800d04e       0x6c zephyr/libzephyr.a(shell_uart.c.obj)
 .text.cmd_buffer_clear
                0x000000000800d0ba       0x16 zephyr/libzephyr.a(shell.c.obj)
 .text.atomic_or
                0x000000000800d0d0       0x1e zephyr/libzephyr.a(shell.c.obj)
 .text.atomic_and
                0x000000000800d0ee       0x1e zephyr/libzephyr.a(shell.c.obj)
 .text.k_mutex_lock
                0x000000000800d10c        0x4 zephyr/libzephyr.a(shell.c.obj)
 .text.shell_signal_handle
                0x000000000800d110       0x2c zephyr/libzephyr.a(shell.c.obj)
 .text.z_shell_raw_fprintf
                0x000000000800d13c       0x1a zephyr/libzephyr.a(shell.c.obj)
 .text.z_shell_strlen
                0x000000000800d156        0xc zephyr/libzephyr.a(shell.c.obj)
 .text.transport_evt_handler
                0x000000000800d162       0x14 zephyr/libzephyr.a(shell.c.obj)
 .text.z_flag_cmd_ctx_set.isra.0
                0x000000000800d176       0x16 zephyr/libzephyr.a(shell.c.obj)
 .text.z_flag_history_exit_set.isra.0
                0x000000000800d18c       0x14 zephyr/libzephyr.a(shell.c.obj)
 .text.z_flag_insert_mode_set.isra.0
                0x000000000800d1a0       0x1e zephyr/libzephyr.a(shell.c.obj)
 .text.k_mutex_unlock.isra.0
                0x000000000800d1be        0x4 zephyr/libzephyr.a(shell.c.obj)
 .text.shell_log_process
                0x000000000800d1c2       0x48 zephyr/libzephyr.a(shell.c.obj)
 .text.shell_start
                0x000000000800d20a       0x66 zephyr/libzephyr.a(shell.c.obj)
                0x000000000800d20a                shell_start
 .text.shell_vfprintf
                0x000000000800d270       0x8a zephyr/libzephyr.a(shell.c.obj)
                0x000000000800d270                shell_vfprintf
 .text.shell_fprintf_impl
                0x000000000800d2fa       0x1a zephyr/libzephyr.a(shell.c.obj)
                0x000000000800d2fa                shell_fprintf_impl
 .text.shell_fprintf_normal
                0x000000000800d314       0x1c zephyr/libzephyr.a(shell.c.obj)
                0x000000000800d314                shell_fprintf_normal
 .text.shell_fprintf_warn
                0x000000000800d330       0x1c zephyr/libzephyr.a(shell.c.obj)
                0x000000000800d330                shell_fprintf_warn
 .text.shell_fprintf_error
                0x000000000800d34c       0x1c zephyr/libzephyr.a(shell.c.obj)
                0x000000000800d34c                shell_fprintf_error
 .text.shell_prompt_change
                0x000000000800d368       0x5a zephyr/libzephyr.a(shell.c.obj)
                0x000000000800d368                shell_prompt_change
 .text.shell_help
                0x000000000800d3c2       0x2a zephyr/libzephyr.a(shell.c.obj)
                0x000000000800d3c2                shell_help
 .text.shell_get_return_value
                0x000000000800d3ec       0x10 zephyr/libzephyr.a(shell.c.obj)
                0x000000000800d3ec                shell_get_return_value
 .text.shell_set_bypass
                0x000000000800d3fc        0xc zephyr/libzephyr.a(shell.c.obj)
                0x000000000800d3fc                shell_set_bypass
 .text.z_shell_fprintf_buffer_flush
                0x000000000800d408       0x18 zephyr/libzephyr.a(shell_fprintf.c.obj)
                0x000000000800d408                z_shell_fprintf_buffer_flush
 .text.out_func
                0x000000000800d420       0x3c zephyr/libzephyr.a(shell_fprintf.c.obj)
 .text.z_shell_strlen
                0x000000000800d45c        0xc zephyr/libzephyr.a(shell_utils.c.obj)
 .text.z_column_span_with_buffer_offsets_get
                0x000000000800d468       0x1e zephyr/libzephyr.a(shell_utils.c.obj)
                0x000000000800d468                z_column_span_with_buffer_offsets_get
 .text.z_row_span_with_buffer_offsets_get
                0x000000000800d486       0x16 zephyr/libzephyr.a(shell_utils.c.obj)
                0x000000000800d486                z_row_span_with_buffer_offsets_get
 .text.z_shell_multiline_data_calc
                0x000000000800d49c       0x2c zephyr/libzephyr.a(shell_utils.c.obj)
                0x000000000800d49c                z_shell_multiline_data_calc
 .text.z_shell_make_argv
                0x000000000800d4c8      0x1a0 zephyr/libzephyr.a(shell_utils.c.obj)
                0x000000000800d4c8                z_shell_make_argv
 .text.z_shell_pattern_remove
                0x000000000800d668       0x4e zephyr/libzephyr.a(shell_utils.c.obj)
                0x000000000800d668                z_shell_pattern_remove
 .text.z_shell_find_cmd
                0x000000000800d6b6       0x58 zephyr/libzephyr.a(shell_utils.c.obj)
                0x000000000800d6b6                z_shell_find_cmd
 .text.z_shell_get_last_command
                0x000000000800d70e       0x5c zephyr/libzephyr.a(shell_utils.c.obj)
                0x000000000800d70e                z_shell_get_last_command
 .text.z_shell_spaces_trim
                0x000000000800d76a       0x60 zephyr/libzephyr.a(shell_utils.c.obj)
                0x000000000800d76a                z_shell_spaces_trim
 .text.z_shell_cmd_trim
                0x000000000800d7ca       0x74 zephyr/libzephyr.a(shell_utils.c.obj)
                0x000000000800d7ca                z_shell_cmd_trim
 .text.z_shell_raw_fprintf
                0x000000000800d83e       0x1a zephyr/libzephyr.a(shell_ops.c.obj)
 .text.full_line_cmd.isra.0
                0x000000000800d858       0x24 zephyr/libzephyr.a(shell_ops.c.obj)
 .text.z_shell_cursor_in_empty_line
                0x000000000800d87c       0x2e zephyr/libzephyr.a(shell_ops.c.obj)
                0x000000000800d87c                z_shell_cursor_in_empty_line
 .text.z_shell_op_cond_next_line
                0x000000000800d8aa       0x1e zephyr/libzephyr.a(shell_ops.c.obj)
                0x000000000800d8aa                z_shell_op_cond_next_line
 .text.z_shell_op_cursor_position_synchronize
                0x000000000800d8c8       0x4a zephyr/libzephyr.a(shell_ops.c.obj)
                0x000000000800d8c8                z_shell_op_cursor_position_synchronize
 .text.z_shell_op_cursor_move
                0x000000000800d912       0x50 zephyr/libzephyr.a(shell_ops.c.obj)
                0x000000000800d912                z_shell_op_cursor_move
 .text.z_shell_op_cursor_word_move
                0x000000000800d962       0x7c zephyr/libzephyr.a(shell_ops.c.obj)
                0x000000000800d962                z_shell_op_cursor_word_move
 .text.z_shell_op_cursor_home_move
                0x000000000800d9de        0xe zephyr/libzephyr.a(shell_ops.c.obj)
                0x000000000800d9de                z_shell_op_cursor_home_move
 .text.z_shell_op_cursor_end_move
                0x000000000800d9ec       0x12 zephyr/libzephyr.a(shell_ops.c.obj)
                0x000000000800d9ec                z_shell_op_cursor_end_move
 .text.z_shell_op_left_arrow
                0x000000000800d9fe       0x12 zephyr/libzephyr.a(shell_ops.c.obj)
                0x000000000800d9fe                z_shell_op_left_arrow
 .text.z_shell_op_right_arrow
                0x000000000800da10       0x16 zephyr/libzephyr.a(shell_ops.c.obj)
                0x000000000800da10                z_shell_op_right_arrow
 .text.z_shell_op_delete_from_cursor
                0x000000000800da26       0x1c zephyr/libzephyr.a(shell_ops.c.obj)
                0x000000000800da26                z_shell_op_delete_from_cursor
 .text.z_shell_cmd_line_erase
                0x000000000800da42       0x36 zephyr/libzephyr.a(shell_ops.c.obj)
                0x000000000800da42                z_shell_cmd_line_erase
 .text.z_shell_write
                0x000000000800da78       0x88 zephyr/libzephyr.a(shell_ops.c.obj)
                0x000000000800da78                z_shell_write
 .text.z_shell_print_stream
                0x000000000800db00        0x4 zephyr/libzephyr.a(shell_ops.c.obj)
                0x000000000800db00                z_shell_print_stream
 .text.z_shell_vfprintf
                0x000000000800db04       0x4a zephyr/libzephyr.a(shell_ops.c.obj)
                0x000000000800db04                z_shell_vfprintf
 .text.z_shell_fprintf
                0x000000000800db4e       0x1a zephyr/libzephyr.a(shell_ops.c.obj)
                0x000000000800db4e                z_shell_fprintf
 .text.data_insert
                0x000000000800db68       0x74 zephyr/libzephyr.a(shell_ops.c.obj)
 .text.z_shell_op_completion_insert
                0x000000000800dbdc        0x4 zephyr/libzephyr.a(shell_ops.c.obj)
                0x000000000800dbdc                z_shell_op_completion_insert
 .text.z_shell_op_char_delete
                0x000000000800dbe0       0x3e zephyr/libzephyr.a(shell_ops.c.obj)
                0x000000000800dbe0                z_shell_op_char_delete
 .text.z_shell_op_char_backspace
                0x000000000800dc1e       0x26 zephyr/libzephyr.a(shell_ops.c.obj)
                0x000000000800dc1e                z_shell_op_char_backspace
 .text.z_shell_backend_rx_buffer_flush
                0x000000000800dc44       0x2a zephyr/libzephyr.a(shell_ops.c.obj)
                0x000000000800dc44                z_shell_backend_rx_buffer_flush
 .text.process_msg_from_buffer
                0x000000000800dc6e       0x34 zephyr/libzephyr.a(shell_log_backend.c.obj)
 .text.dropped  0x000000000800dca2       0x38 zephyr/libzephyr.a(shell_log_backend.c.obj)
 .text.process  0x000000000800dcda      0x12a zephyr/libzephyr.a(shell_log_backend.c.obj)
 .text.z_shell_log_backend_output_func
                0x000000000800de04       0x14 zephyr/libzephyr.a(shell_log_backend.c.obj)
                0x000000000800de04                z_shell_log_backend_output_func
 .text.z_shell_log_backend_enable
                0x000000000800de18       0x2e zephyr/libzephyr.a(shell_log_backend.c.obj)
                0x000000000800de18                z_shell_log_backend_enable
 .text.z_shell_log_backend_disable
                0x000000000800de46       0x12 zephyr/libzephyr.a(shell_log_backend.c.obj)
                0x000000000800de46                z_shell_log_backend_disable
 .text.panic    0x000000000800de58       0x72 zephyr/libzephyr.a(shell_log_backend.c.obj)
 .text.z_shell_log_backend_process
                0x000000000800deca       0x66 zephyr/libzephyr.a(shell_log_backend.c.obj)
                0x000000000800deca                z_shell_log_backend_process
 .text.z_shell_raw_fprintf
                0x000000000800df30       0x1a zephyr/libzephyr.a(shell_help.c.obj)
 .text.formatted_text_print.constprop.0
                0x000000000800df4a       0xe2 zephyr/libzephyr.a(shell_help.c.obj)
 .text.cmd_comment
                0x000000000800e02c        0x4 zephyr/libzephyr.a(shell_cmds.c.obj)
 .text.cmd_shell_stats_reset
                0x000000000800e030        0x8 zephyr/libzephyr.a(shell_cmds.c.obj)
 .text.z_shell_raw_fprintf
                0x000000000800e038       0x1a zephyr/libzephyr.a(shell_cmds.c.obj)
 .text.cmd_prompt_on
                0x000000000800e052        0xc zephyr/libzephyr.a(shell_cmds.c.obj)
 .text.cmd_vt100_off
                0x000000000800e05e       0x22 zephyr/libzephyr.a(shell_cmds.c.obj)
 .text.cmd_bacskpace_mode_delete
                0x000000000800e080       0x22 zephyr/libzephyr.a(shell_cmds.c.obj)
 .text.cmd_colors_off
                0x000000000800e0a2       0x22 zephyr/libzephyr.a(shell_cmds.c.obj)
 .text.cmd_bacskpace_mode_backspace
                0x000000000800e0c4       0x22 zephyr/libzephyr.a(shell_cmds.c.obj)
 .text.cmd_echo_off
                0x000000000800e0e6       0x22 zephyr/libzephyr.a(shell_cmds.c.obj)
 .text.cmd_colors_on
                0x000000000800e108       0x22 zephyr/libzephyr.a(shell_cmds.c.obj)
 .text.cmd_vt100_on
                0x000000000800e12a       0x22 zephyr/libzephyr.a(shell_cmds.c.obj)
 .text.cmd_echo_on
                0x000000000800e14c       0x22 zephyr/libzephyr.a(shell_cmds.c.obj)
 .text.remove_from_tail.part.0
                0x000000000800e16e       0x24 zephyr/libzephyr.a(shell_history.c.obj)
 .text.z_shell_history_mode_exit
                0x000000000800e192        0x6 zephyr/libzephyr.a(shell_history.c.obj)
                0x000000000800e192                z_shell_history_mode_exit
 .text.z_shell_history_get
                0x000000000800e198       0x56 zephyr/libzephyr.a(shell_history.c.obj)
                0x000000000800e198                z_shell_history_get
 .text.z_shell_history_purge
                0x000000000800e1ee       0x18 zephyr/libzephyr.a(shell_history.c.obj)
                0x000000000800e1ee                z_shell_history_purge
 .text.z_shell_history_put
                0x000000000800e206       0xd0 zephyr/libzephyr.a(shell_history.c.obj)
                0x000000000800e206                z_shell_history_put
 .text.z_shell_history_init
                0x000000000800e2d6        0xc zephyr/libzephyr.a(shell_history.c.obj)
                0x000000000800e2d6                z_shell_history_init
 .text.z_shell_has_wildcard
                0x000000000800e2e2       0x28 zephyr/libzephyr.a(shell_wildcard.c.obj)
                0x000000000800e2e2                z_shell_has_wildcard
 .text.z_shell_wildcard_prepare
                0x000000000800e30a       0x42 zephyr/libzephyr.a(shell_wildcard.c.obj)
                0x000000000800e30a                z_shell_wildcard_prepare
 .text.z_shell_wildcard_finalize
                0x000000000800e34c       0x20 zephyr/libzephyr.a(shell_wildcard.c.obj)
                0x000000000800e34c                z_shell_wildcard_finalize
 .text.z_do_kernel_oops
                0x000000000800e36c        0x8 zephyr/arch/arch/arm/core/libarch__arm__core.a(fatal.c.obj)
                0x000000000800e36c                z_do_kernel_oops
 .text.z_log_msg_simple_create_0.constprop.0
                0x000000000800e374        0x8 zephyr/arch/arch/arm/core/cortex_m/libarch__arm__core__cortex_m.a(fault.c.obj)
 .text.z_irq_spurious
                0x000000000800e37c        0x8 zephyr/arch/arch/arm/core/cortex_m/libarch__arm__core__cortex_m.a(irq_manage.c.obj)
                0x000000000800e37c                z_irq_spurious
 .text.arch_irq_unlock_outlined
                0x000000000800e384        0xe zephyr/arch/arch/arm/core/cortex_m/libarch__arm__core__cortex_m.a(thread.c.obj)
                0x000000000800e384                arch_irq_unlock_outlined
 .text.arch_cpu_idle
                0x000000000800e392       0x1a zephyr/arch/arch/arm/core/cortex_m/libarch__arm__core__cortex_m.a(cpu_idle.c.obj)
                0x000000000800e392                arch_cpu_idle
 .text.size_to_mpu_rasr_size
                0x000000000800e3ac       0x20 zephyr/arch/arch/arm/core/mpu/libarch__arm__core__mpu.a(arm_mpu.c.obj)
 .text.cbputc   0x000000000800e3cc        0xc zephyr/lib/libc/picolibc/liblib__libc__picolibc.a(libc-hooks.c.obj)
 .text.picolibc_put
                0x000000000800e3d8        0xa zephyr/lib/libc/picolibc/liblib__libc__picolibc.a(libc-hooks.c.obj)
 .text.foldcase
                0x000000000800e3e2       0x10 zephyr/lib/posix/options/liblib__posix__options.a(fnmatch.c.obj)
 .text.fnmatchx
                0x000000000800e3f2      0x23a zephyr/lib/posix/options/liblib__posix__options.a(fnmatch.c.obj)
 .text.fnmatch  0x000000000800e62c        0x6 zephyr/lib/posix/options/liblib__posix__options.a(fnmatch.c.obj)
                0x000000000800e62c                fnmatch
 .text.z_log_msg_simple_create_1.constprop.0
                0x000000000800e632        0xa zephyr/subsys/fs/libsubsys__fs.a(fs.c.obj)
 .text.z_log_msg_simple_create_0.constprop.0
                0x000000000800e63c        0x8 zephyr/subsys/fs/libsubsys__fs.a(fs.c.obj)
 .text.fatfs_tell
                0x000000000800e644        0x6 zephyr/subsys/fs/libsubsys__fs.a(fat_fs.c.obj)
 .text.fatfs_stat
                0x000000000800e64a       0x3a zephyr/subsys/fs/libsubsys__fs.a(fat_fs.c.obj)
 .text.fatfs_mkdir
                0x000000000800e684       0x10 zephyr/subsys/fs/libsubsys__fs.a(fat_fs.c.obj)
 .text.fatfs_unlink
                0x000000000800e694       0x10 zephyr/subsys/fs/libsubsys__fs.a(fat_fs.c.obj)
 .text.fatfs_rename
                0x000000000800e6a4       0x2e zephyr/subsys/fs/libsubsys__fs.a(fat_fs.c.obj)
 .text.fatfs_readdir
                0x000000000800e6d2       0x3a zephyr/subsys/fs/libsubsys__fs.a(fat_fs.c.obj)
 .text.fatfs_sync
                0x000000000800e70c       0x10 zephyr/subsys/fs/libsubsys__fs.a(fat_fs.c.obj)
 .text.fatfs_seek
                0x000000000800e71c       0x38 zephyr/subsys/fs/libsubsys__fs.a(fat_fs.c.obj)
 .text.fatfs_truncate
                0x000000000800e754       0x56 zephyr/subsys/fs/libsubsys__fs.a(fat_fs.c.obj)
 .text.fatfs_write
                0x000000000800e7aa       0x38 zephyr/subsys/fs/libsubsys__fs.a(fat_fs.c.obj)
 .text.fatfs_read
                0x000000000800e7e2       0x1e zephyr/subsys/fs/libsubsys__fs.a(fat_fs.c.obj)
 .text.fatfs_statvfs
                0x000000000800e800       0x38 zephyr/subsys/fs/libsubsys__fs.a(fat_fs.c.obj)
 .text.gpio_pin_configure_dt
                0x000000000800e838       0x40 zephyr/drivers/disk/libdrivers__disk.a(sdmmc_stm32.c.obj)
 .text.stm32_sdmmc_access_status
                0x000000000800e878        0xa zephyr/drivers/disk/libdrivers__disk.a(sdmmc_stm32.c.obj)
 .text.stm32_sdmmc_irq_config_func
                0x000000000800e882       0x16 zephyr/drivers/disk/libdrivers__disk.a(sdmmc_stm32.c.obj)
 .text.stm32_sdmmc_isr
                0x000000000800e898        0x8 zephyr/drivers/disk/libdrivers__disk.a(sdmmc_stm32.c.obj)
 .text.stm32_sdmmc_cd_callback
                0x000000000800e8a0        0x8 zephyr/drivers/disk/libdrivers__disk.a(sdmmc_stm32.c.obj)
 .text.gpio_remove_callback.isra.0
                0x000000000800e8a8        0xc zephyr/drivers/disk/libdrivers__disk.a(sdmmc_stm32.c.obj)
 .text.stm32_sdmmc_cd_handler
                0x000000000800e8b4       0x22 zephyr/drivers/disk/libdrivers__disk.a(sdmmc_stm32.c.obj)
 .text.stm32_sdmmc_access_ioctl
                0x000000000800e8d6       0x6a zephyr/drivers/disk/libdrivers__disk.a(sdmmc_stm32.c.obj)
 .text.HAL_SD_TxCpltCallback
                0x000000000800e940        0xa zephyr/drivers/disk/libdrivers__disk.a(sdmmc_stm32.c.obj)
                0x000000000800e940                HAL_SD_TxCpltCallback
 .text.HAL_SD_RxCpltCallback
                0x000000000800e94a        0x4 zephyr/drivers/disk/libdrivers__disk.a(sdmmc_stm32.c.obj)
                0x000000000800e94a                HAL_SD_RxCpltCallback
 .text.HAL_SD_ErrorCallback
                0x000000000800e94e        0x4 zephyr/drivers/disk/libdrivers__disk.a(sdmmc_stm32.c.obj)
                0x000000000800e94e                HAL_SD_ErrorCallback
 .text.stm32_gpio_intc_get_pin_irq_line
                0x000000000800e952        0x6 zephyr/drivers/interrupt_controller/libdrivers__interrupt_controller.a(intc_exti_stm32.c.obj)
                0x000000000800e952                stm32_gpio_intc_get_pin_irq_line
 .text.stm32_gpio_intc_disable_line
                0x000000000800e958       0x12 zephyr/drivers/interrupt_controller/libdrivers__interrupt_controller.a(intc_exti_stm32.c.obj)
                0x000000000800e958                stm32_gpio_intc_disable_line
 .text.stm32_gpio_intc_select_line_trigger
                0x000000000800e96a       0x52 zephyr/drivers/interrupt_controller/libdrivers__interrupt_controller.a(intc_exti_stm32.c.obj)
                0x000000000800e96a                stm32_gpio_intc_select_line_trigger
 .text.stm32_exti_set_line_src_port
                0x000000000800e9bc       0x3c zephyr/drivers/interrupt_controller/libdrivers__interrupt_controller.a(intc_exti_stm32.c.obj)
                0x000000000800e9bc                stm32_exti_set_line_src_port
 .text.stm32_clock_control_on
                0x000000000800e9f8       0x38 zephyr/drivers/clock_control/libdrivers__clock_control.a(clock_stm32_ll_h7.c.obj)
 .text.stm32_clock_control_off
                0x000000000800ea30       0x26 zephyr/drivers/clock_control/libdrivers__clock_control.a(clock_stm32_ll_h7.c.obj)
 .text.enabled_clock
                0x000000000800ea56       0x18 zephyr/drivers/clock_control/libdrivers__clock_control.a(clock_stm32_ll_h7.c.obj)
                0x000000000800ea56                enabled_clock
 .text.stm32_clock_control_configure
                0x000000000800ea6e       0x4c zephyr/drivers/clock_control/libdrivers__clock_control.a(clock_stm32_ll_h7.c.obj)
 .text.gpio_stm32_port_get_raw
                0x000000000800eaba        0xc zephyr/drivers/gpio/libdrivers__gpio.a(gpio_stm32.c.obj)
 .text.gpio_stm32_port_set_masked_raw
                0x000000000800eac6       0x12 zephyr/drivers/gpio/libdrivers__gpio.a(gpio_stm32.c.obj)
 .text.gpio_stm32_port_set_bits_raw
                0x000000000800ead8        0xa zephyr/drivers/gpio/libdrivers__gpio.a(gpio_stm32.c.obj)
 .text.gpio_stm32_port_clear_bits_raw
                0x000000000800eae2        0xc zephyr/drivers/gpio/libdrivers__gpio.a(gpio_stm32.c.obj)
 .text.gpio_stm32_port_toggle_bits
                0x000000000800eaee        0xe zephyr/drivers/gpio/libdrivers__gpio.a(gpio_stm32.c.obj)
 .text.gpio_stm32_manage_callback
                0x000000000800eafc       0x52 zephyr/drivers/gpio/libdrivers__gpio.a(gpio_stm32.c.obj)
 .text.gpio_stm32_configure_raw.isra.0
                0x000000000800eb4e       0xa0 zephyr/drivers/gpio/libdrivers__gpio.a(gpio_stm32.c.obj)
 .text.gpio_stm32_config
                0x000000000800ebee      0x124 zephyr/drivers/gpio/libdrivers__gpio.a(gpio_stm32.c.obj)
 .text.gpio_stm32_isr
                0x000000000800ed12       0x2c zephyr/drivers/gpio/libdrivers__gpio.a(gpio_stm32.c.obj)
 .text.gpio_stm32_configure
                0x000000000800ed3e       0x30 zephyr/drivers/gpio/libdrivers__gpio.a(gpio_stm32.c.obj)
                0x000000000800ed3e                gpio_stm32_configure
 .text.stm32_i2c_disable_transfer_interrupts
                0x000000000800ed6e       0x3e zephyr/drivers/i2c/libdrivers__i2c.a(i2c_ll_stm32_v2.c.obj)
 .text.stm32_i2c_enable_transfer_interrupts.isra.0
                0x000000000800edac       0x24 zephyr/drivers/i2c/libdrivers__i2c.a(i2c_ll_stm32_v2.c.obj)
 .text.stm32_i2c_master_mode_end
                0x000000000800edd0       0x32 zephyr/drivers/i2c/libdrivers__i2c.a(i2c_ll_stm32_v2.c.obj)
 .text.stm32_i2c_event_isr
                0x000000000800ee02       0x8c zephyr/drivers/i2c/libdrivers__i2c.a(i2c_ll_stm32_v2.c.obj)
                0x000000000800ee02                stm32_i2c_event_isr
 .text.stm32_i2c_error_isr
                0x000000000800ee8e       0x32 zephyr/drivers/i2c/libdrivers__i2c.a(i2c_ll_stm32_v2.c.obj)
                0x000000000800ee8e                stm32_i2c_error_isr
 .text.stm32_i2c_transaction