Archive member included to satisfy reference by file (symbol)

app/libapp.a(main.c.obj)      (--whole-archive)
zephyr/libzephyr.a(heap.c.obj)
                              (--whole-archive)
zephyr/libzephyr.a(cbprintf_packaged.c.obj)
                              (--whole-archive)
zephyr/libzephyr.a(printk.c.obj)
                              (--whole-archive)
zephyr/libzephyr.a(sem.c.obj)
                              (--whole-archive)
zephyr/libzephyr.a(thread_entry.c.obj)
                              (--whole-archive)
zephyr/libzephyr.a(cbprintf_complete.c.obj)
                              (--whole-archive)
zephyr/libzephyr.a(cbprintf.c.obj)
                              (--whole-archive)
zephyr/libzephyr.a(assert.c.obj)
                              (--whole-archive)
zephyr/libzephyr.a(mpsc_pbuf.c.obj)
                              (--whole-archive)
zephyr/libzephyr.a(reboot.c.obj)
                              (--whole-archive)
zephyr/libzephyr.a(dec.c.obj)
                              (--whole-archive)
zephyr/libzephyr.a(hex.c.obj)
                              (--whole-archive)
zephyr/libzephyr.a(rb.c.obj)  (--whole-archive)
zephyr/libzephyr.a(timeutil.c.obj)
                              (--whole-archive)
zephyr/libzephyr.a(bitarray.c.obj)
                              (--whole-archive)
zephyr/libzephyr.a(ring_buffer.c.obj)
                              (--whole-archive)
zephyr/libzephyr.a(configs.c.obj)
                              (--whole-archive)
zephyr/libzephyr.a(stm32cube_hal.c.obj)
                              (--whole-archive)
zephyr/libzephyr.a(soc_config.c.obj)
                              (--whole-archive)
zephyr/libzephyr.a(soc_m7.c.obj)
                              (--whole-archive)
zephyr/libzephyr.a(mpu_regions.c.obj)
                              (--whole-archive)
zephyr/libzephyr.a(log_core.c.obj)
                              (--whole-archive)
zephyr/libzephyr.a(log_mgmt.c.obj)
                              (--whole-archive)
zephyr/libzephyr.a(log_cache.c.obj)
                              (--whole-archive)
zephyr/libzephyr.a(log_msg.c.obj)
                              (--whole-archive)
zephyr/libzephyr.a(log_output.c.obj)
                              (--whole-archive)
zephyr/libzephyr.a(mem_attr.c.obj)
                              (--whole-archive)
zephyr/libzephyr.a(tracing_none.c.obj)
                              (--whole-archive)
zephyr/libzephyr.a(disk_access.c.obj)
                              (--whole-archive)
zephyr/libzephyr.a(kernel_shell.c.obj)
                              (--whole-archive)
zephyr/libzephyr.a(cycles.c.obj)
                              (--whole-archive)
zephyr/libzephyr.a(sleep.c.obj)
                              (--whole-archive)
zephyr/libzephyr.a(uptime.c.obj)
                              (--whole-archive)
zephyr/libzephyr.a(version.c.obj)
                              (--whole-archive)
zephyr/libzephyr.a(log-level.c.obj)
                              (--whole-archive)
zephyr/libzephyr.a(reboot.c.obj)
                              (--whole-archive)
zephyr/libzephyr.a(thread.c.obj)
                              (--whole-archive)
zephyr/libzephyr.a(list.c.obj)
                              (--whole-archive)
zephyr/libzephyr.a(stacks.c.obj)
                              (--whole-archive)
zephyr/libzephyr.a(device_service.c.obj)
                              (--whole-archive)
zephyr/libzephyr.a(devmem_service.c.obj)
                              (--whole-archive)
zephyr/libzephyr.a(shell_uart.c.obj)
                              (--whole-archive)
zephyr/libzephyr.a(shell.c.obj)
                              (--whole-archive)
zephyr/libzephyr.a(shell_fprintf.c.obj)
                              (--whole-archive)
zephyr/libzephyr.a(shell_utils.c.obj)
                              (--whole-archive)
zephyr/libzephyr.a(shell_ops.c.obj)
                              (--whole-archive)
zephyr/libzephyr.a(shell_log_backend.c.obj)
                              (--whole-archive)
zephyr/libzephyr.a(shell_help.c.obj)
                              (--whole-archive)
zephyr/libzephyr.a(shell_cmds.c.obj)
                              (--whole-archive)
zephyr/libzephyr.a(shell_history.c.obj)
                              (--whole-archive)
zephyr/libzephyr.a(shell_wildcard.c.obj)
                              (--whole-archive)
zephyr/arch/common/libarch__common.a(sw_isr_common.c.obj)
                              (--whole-archive)
zephyr/arch/arch/arm/core/libarch__arm__core.a(fatal.c.obj)
                              (--whole-archive)
zephyr/arch/arch/arm/core/libarch__arm__core.a(nmi.c.obj)
                              (--whole-archive)
zephyr/arch/arch/arm/core/libarch__arm__core.a(nmi_on_reset.S.obj)
                              (--whole-archive)
zephyr/arch/arch/arm/core/cortex_m/libarch__arm__core__cortex_m.a(exc_exit.c.obj)
                              (--whole-archive)
[...]
Memory Configuration

Name             Origin             Length             Attributes
FLASH            0x0000000008000000 0x0000000000100000 xr
RAM              0x0000000024000000 0x0000000000050000 xw
BACKUP_SRAM      0x0000000038800000 0x0000000000001000
EXTMEM           0x0000000090000000 0x0000000010000000
SRAM1            0x0000000030000000 0x0000000000004000
SRAM2            0x0000000030004000 0x0000000000004000
SRAM4            0x0000000038000000 0x0000000000004000
DTCM             0x0000000020000000 0x0000000000020000
ITCM             0x0000000000000000 0x0000000000010000
IDT_LIST         0x00000000ffff7fff 0x0000000000008000 xw
*default*        0x0000000000000000 0xffffffffffffffff

Linker script and memory map

LOAD zephyr/CMakeFiles/zephyr_pre0.dir/misc/empty_file.c.obj
LOAD zephyr/CMakeFiles/offsets.dir/./arch/arm/core/offsets/offsets.c.obj
LOAD app/libapp.a
LOAD zephyr/libzephyr.a
LOAD zephyr/arch/common/libarch__common.a
LOAD zephyr/arch/arch/arm/core/libarch__arm__core.a
LOAD zephyr/arch/arch/arm/core/cortex_m/libarch__arm__core__cortex_m.a
LOAD zephyr/arch/arch/arm/core/mpu/libarch__arm__core__mpu.a
LOAD zephyr/lib/libc/newlib/liblib__libc__newlib.a
LOAD zephyr/lib/libc/common/liblib__libc__common.a
LOAD zephyr/lib/posix/options/liblib__posix__options.a
LOAD zephyr/subsys/fs/libsubsys__fs.a
LOAD zephyr/drivers/disk/libdrivers__disk.a
LOAD zephyr/drivers/interrupt_controller/libdrivers__interrupt_controller.a
LOAD zephyr/drivers/clock_control/libdrivers__clock_control.a
LOAD zephyr/drivers/console/libdrivers__console.a
LOAD zephyr/drivers/gpio/libdrivers__gpio.a
LOAD zephyr/drivers/pinctrl/libdrivers__pinctrl.a
LOAD zephyr/drivers/reset/libdrivers__reset.a
LOAD zephyr/drivers/serial/libdrivers__serial.a
LOAD zephyr/drivers/timer/libdrivers__timer.a
LOAD modules/fatfs/libmodules__fatfs.a
LOAD modules/hal_stm32/stm32cube/lib..__modules__hal__stm32__stm32cube.a
LOAD zephyr/kernel/libkernel.a
LOAD zephyr/arch/common/libisr_tables.a
LOAD /opt/zephyr-sdk-0.16.8/arm-zephyr-eabi/arm-zephyr-eabi/lib/thumb/v7e-m/nofp/libm.a
LOAD /opt/zephyr-sdk-0.16.8/arm-zephyr-eabi/arm-zephyr-eabi/lib/thumb/v7e-m/nofp/libc.a
LOAD /opt/zephyr-sdk-0.16.8/arm-zephyr-eabi/bin/../lib/gcc/arm-zephyr-eabi/12.2.0/thumb/v7e-m/nofp/libgcc.a
LOAD /opt/zephyr-sdk-0.16.8/arm-zephyr-eabi/arm-zephyr-eabi/lib/thumb/v7e-m/nofp/libc.a
                0x0000000000000020                _region_min_align = 0x20

.rel.plt        0x0000000008000000        0x0
 *(SORT_BY_ALIGNMENT(.rel.plt))
                [!provide]                        PROVIDE (__rel_iplt_start = .)
 *(SORT_BY_ALIGNMENT(.rel.iplt))
 .rel.iplt      0x0000000008000000        0x0 app/libapp.a(main.c.obj)
                [!provide]                        PROVIDE (__rel_iplt_end = .)

.rela.plt       0x0000000000000000        0x0
 *(SORT_BY_ALIGNMENT(.rela.plt))
                [!provide]                        PROVIDE (__rela_iplt_start = .)
 *(SORT_BY_ALIGNMENT(.rela.iplt))
                [!provide]                        PROVIDE (__rela_iplt_end = .)

.rel.dyn
 *(SORT_BY_ALIGNMENT(.rel.*))

.rela.dyn
 *(SORT_BY_ALIGNMENT(.rela.*))

/DISCARD/
 *(SORT_BY_ALIGNMENT(.plt))

/DISCARD/
 *(SORT_BY_ALIGNMENT(.iplt))
                0x0000000008000000                __rom_region_start = 0x8000000

rom_start       0x0000000008000000      0x2cc
                0x0000000008000000                __rom_start_address = .
 FILL mask 0x00
                0x0000000008000000                . = (. + (0x0 - (. - __rom_start_address)))
                0x0000000008000000                . = ALIGN (0x4)
                0x0000000008000000                . = ALIGN (0x80)
                0x0000000008000000                . = ALIGN (0x400)
                0x0000000008000000                _vector_start = .
 *(SORT_BY_ALIGNMENT(.exc_vector_table))
 *(SORT_BY_ALIGNMENT(.exc_vector_table.*))
 .exc_vector_table._vector_table_section
                0x0000000008000000       0x40 zephyr/arch/arch/arm/core/cortex_m/libarch__arm__core__cortex_m.a(vector_table.S.obj)
                0x0000000008000000                _vector_table
 *(SORT_BY_ALIGNMENT(.vectors))
                0x00000000080002cc                _vector_end = .
                0x0000000008000040                . = ALIGN (0x4)
 *(SORT_BY_ALIGNMENT(.gnu.linkonce.irq_vector_table*))
 .gnu.linkonce.irq_vector_table
                0x0000000008000040      0x28c zephyr/arch/common/libisr_tables.a(isr_tables.c.obj)
                0x0000000008000040                _irq_vector_table
                0x00000000080002cc                _vector_end = .

text            0x0000000008000300    0x17a28
                0x0000000008000300                __text_region_start = .
 *(SORT_BY_ALIGNMENT(.text))
 .text          0x0000000008000300       0xdc /opt/zephyr-sdk-0.16.8/arm-zephyr-eabi/arm-zephyr-eabi/lib/thumb/v7e-m/nofp/libc.a(lib_a-strlen.o)
                0x0000000008000300                strlen
 *fill*         0x00000000080003dc        0x4 
 .text          0x00000000080003e0      0x2dc /opt/zephyr-sdk-0.16.8/arm-zephyr-eabi/arm-zephyr-eabi/lib/thumb/v7e-m/nofp/libc.a(lib_a-strcmp.o)
                0x00000000080003e8                strcmp
 *fill*         0x00000000080006bc        0x4 
 .text          0x00000000080006c0       0xa0 /opt/zephyr-sdk-0.16.8/arm-zephyr-eabi/arm-zephyr-eabi/lib/thumb/v7e-m/nofp/libc.a(lib_a-memchr.o)
                0x00000000080006c0                memchr
 .text          0x0000000008000760      0x134 /opt/zephyr-sdk-0.16.8/arm-zephyr-eabi/arm-zephyr-eabi/lib/thumb/v7e-m/nofp/libc.a(lib_a-memcpy.o)
                0x0000000008000760                memcpy
 .text          0x0000000008000894      0x378 /opt/zephyr-sdk-0.16.8/arm-zephyr-eabi/bin/../lib/gcc/arm-zephyr-eabi/12.2.0/thumb/v7e-m/nofp/libgcc.a(_arm_addsubdf3.o)
                0x0000000008000894                __aeabi_drsub
                0x000000000800089c                __subdf3
                0x000000000800089c                __aeabi_dsub
                0x00000000080008a0                __aeabi_dadd
                0x00000000080008a0                __adddf3
                0x0000000008000b18                __aeabi_ui2d
                0x0000000008000b18                __floatunsidf
                0x0000000008000b38                __floatsidf
                0x0000000008000b38                __aeabi_i2d
                0x0000000008000b5c                __extendsfdf2
                0x0000000008000b5c                __aeabi_f2d
                0x0000000008000ba0                __aeabi_ul2d
                0x0000000008000ba0                __floatundidf
                0x0000000008000bb0                __aeabi_l2d
                0x0000000008000bb0                __floatdidf
 .text          0x0000000008000c0c      0x424 /opt/zephyr-sdk-0.16.8/arm-zephyr-eabi/bin/../lib/gcc/arm-zephyr-eabi/12.2.0/thumb/v7e-m/nofp/libgcc.a(_arm_muldivdf3.o)
                0x0000000008000c0c                __aeabi_dmul
                0x0000000008000c0c                __muldf3
                0x0000000008000e60                __aeabi_ddiv
                0x0000000008000e60                __divdf3
 .text          0x0000000008001030      0x110 /opt/zephyr-sdk-0.16.8/arm-zephyr-eabi/bin/../lib/gcc/arm-zephyr-eabi/12.2.0/thumb/v7e-m/nofp/libgcc.a(_arm_cmpdf2.o)
                0x0000000008001030                __gedf2
                0x0000000008001030                __gtdf2
                0x0000000008001038                __ledf2
                0x0000000008001038                __ltdf2
                0x0000000008001040                __cmpdf2
                0x0000000008001040                __eqdf2
                0x0000000008001040                __nedf2
                0x00000000080010bc                __aeabi_cdrcmple
                0x00000000080010cc                __aeabi_cdcmple
                0x00000000080010cc                __aeabi_cdcmpeq
                0x00000000080010dc                __aeabi_dcmpeq
                0x00000000080010f0                __aeabi_dcmplt
                0x0000000008001104                __aeabi_dcmple
                0x0000000008001118                __aeabi_dcmpge
                0x000000000800112c                __aeabi_dcmpgt
 .text          0x0000000008001140       0x2c /opt/zephyr-sdk-0.16.8/arm-zephyr-eabi/bin/../lib/gcc/arm-zephyr-eabi/12.2.0/thumb/v7e-m/nofp/libgcc.a(_arm_unorddf2.o)
                0x0000000008001140                __aeabi_dcmpun
                0x0000000008001140                __unorddf2
 .text          0x000000000800116c       0x50 /opt/zephyr-sdk-0.16.8/arm-zephyr-eabi/bin/../lib/gcc/arm-zephyr-eabi/12.2.0/thumb/v7e-m/nofp/libgcc.a(_arm_fixdfsi.o)
                0x000000000800116c                __fixdfsi
                0x000000000800116c                __aeabi_d2iz
 .text          0x00000000080011bc      0x21c /opt/zephyr-sdk-0.16.8/arm-zephyr-eabi/bin/../lib/gcc/arm-zephyr-eabi/12.2.0/thumb/v7e-m/nofp/libgcc.a(_arm_addsubsf3.o)
                0x00000000080011bc                __aeabi_frsub
                0x00000000080011c4                __aeabi_fsub
                0x00000000080011c4                __subsf3
                0x00000000080011c8                __aeabi_fadd
                0x00000000080011c8                __addsf3
                0x0000000008001328                __aeabi_ui2f
                0x0000000008001328                __floatunsisf
                0x0000000008001330                __floatsisf
                0x0000000008001330                __aeabi_i2f
                0x000000000800134c                __aeabi_ul2f
                0x000000000800134c                __floatundisf
                0x000000000800135c                __aeabi_l2f
                0x000000000800135c                __floatdisf
 .text          0x00000000080013d8      0x2a0 /opt/zephyr-sdk-0.16.8/arm-zephyr-eabi/bin/../lib/gcc/arm-zephyr-eabi/12.2.0/thumb/v7e-m/nofp/libgcc.a(_arm_muldivsf3.o)
                0x00000000080013d8                __mulsf3
                0x00000000080013d8                __aeabi_fmul
                0x0000000008001540                __divsf3
                0x0000000008001540                __aeabi_fdiv
 .text          0x0000000008001678       0x40 /opt/zephyr-sdk-0.16.8/arm-zephyr-eabi/bin/../lib/gcc/arm-zephyr-eabi/12.2.0/thumb/v7e-m/nofp/libgcc.a(_arm_fixunssfsi.o)
                0x0000000008001678                __aeabi_f2uiz
                0x0000000008001678                __fixunssfsi
 .text          0x00000000080016b8       0xa0 /opt/zephyr-sdk-0.16.8/arm-zephyr-eabi/bin/../lib/gcc/arm-zephyr-eabi/12.2.0/thumb/v7e-m/nofp/libgcc.a(_aeabi_ldivmod.o)
                0x00000000080016b8                __aeabi_ldivmod
 .text          0x0000000008001758       0x30 /opt/zephyr-sdk-0.16.8/arm-zephyr-eabi/bin/../lib/gcc/arm-zephyr-eabi/12.2.0/thumb/v7e-m/nofp/libgcc.a(_aeabi_uldivmod.o)
                0x0000000008001758                __aeabi_uldivmod
 .text          0x0000000008001788        0x4 /opt/zephyr-sdk-0.16.8/arm-zephyr-eabi/bin/../lib/gcc/arm-zephyr-eabi/12.2.0/thumb/v7e-m/nofp/libgcc.a(_dvmd_tls.o)
                0x0000000008001788                __aeabi_ldiv0
                0x0000000008001788                __aeabi_idiv0
 .text          0x000000000800178c      0x2a0 /opt/zephyr-sdk-0.16.8/arm-zephyr-eabi/bin/../lib/gcc/arm-zephyr-eabi/12.2.0/thumb/v7e-m/nofp/libgcc.a(_udivmoddi4.o)
                0x000000000800178c                __udivmoddi4
 *(SORT_BY_ALIGNMENT(.text.*))
 *fill*         0x0000000008001a2c        0x4 
 .text.cmd_kernel_uptime
                0x0000000008001a30       0xe0 zephyr/libzephyr.a(uptime.c.obj)
 .text._dtoa_r  0x0000000008001b10      0xe48 /opt/zephyr-sdk-0.16.8/arm-zephyr-eabi/arm-zephyr-eabi/lib/thumb/v7e-m/nofp/libc.a(lib_a-dtoa.o)
                0x0000000008001b10                _dtoa_r
 .text.lsdir    0x0000000008002958       0x8c app/libapp.a(main.c.obj)
 .text.cmd_g_fs_read
                0x00000000080029e4      0x1a4 app/libapp.a(main.c.obj)
 .text.main     0x0000000008002b88      0x244 app/libapp.a(main.c.obj)
                0x0000000008002b88                main
 .text.cbvprintf_package
                0x0000000008002dcc      0x3a4 zephyr/libzephyr.a(cbprintf_packaged.c.obj)
                0x0000000008002dcc                cbvprintf_package
 .text.cbprintf_package_convert
                0x0000000008003170      0x3c8 zephyr/libzephyr.a(cbprintf_packaged.c.obj)
                0x0000000008003170                cbprintf_package_convert
 .text.__printk_hook_install
                0x0000000008003538        0xc zephyr/libzephyr.a(printk.c.obj)
                0x0000000008003538                __printk_hook_install
 .text.vsnprintk
                0x0000000008003544       0x2c zephyr/libzephyr.a(printk.c.obj)
                0x0000000008003544                vsnprintk
 .text.extract_decimal
                0x0000000008003570       0x2c zephyr/libzephyr.a(cbprintf_complete.c.obj)
 .text.encode_uint
                0x000000000800359c       0x9c zephyr/libzephyr.a(cbprintf_complete.c.obj)
 .text.z_cbvprintf_impl
                0x0000000008003638      0xd0c zephyr/libzephyr.a(cbprintf_complete.c.obj)
                0x0000000008003638                z_cbvprintf_impl
 .text.sys_reboot
                0x0000000008004344       0x2c zephyr/libzephyr.a(reboot.c.obj)
                0x0000000008004344                sys_reboot
 .text.st_stm32_common_config
                0x0000000008004370       0x1c zephyr/libzephyr.a(soc_config.c.obj)
 .text.soc_early_init_hook
                0x000000000800438c       0x54 zephyr/libzephyr.a(soc_m7.c.obj)
                0x000000000800438c                soc_early_init_hook
 .text.activate_foreach_backend
                0x00000000080043e0       0x64 zephyr/libzephyr.a(log_core.c.obj)
 .text.enable_logger
                0x0000000008004444       0x5c zephyr/libzephyr.a(log_core.c.obj)
 .text.log_process_thread_timer_expiry_fn
                0x00000000080044a0        0xc zephyr/libzephyr.a(log_core.c.obj)
 .text.z_log_init
                0x00000000080044ac       0x8c zephyr/libzephyr.a(log_core.c.obj)
 .text.log_set_timestamp_func
                0x0000000008004538       0x20 zephyr/libzephyr.a(log_core.c.obj)
                0x0000000008004538                log_set_timestamp_func
 .text.z_log_notify_backend_enabled
                0x0000000008004558       0x1c zephyr/libzephyr.a(log_core.c.obj)
                0x0000000008004558                z_log_notify_backend_enabled
 .text.z_log_dropped
                0x0000000008004574       0x44 zephyr/libzephyr.a(log_core.c.obj)
                0x0000000008004574                z_log_dropped
 .text.z_log_dropped_read_and_clear
                0x00000000080045b8       0x20 zephyr/libzephyr.a(log_core.c.obj)
                0x00000000080045b8                z_log_dropped_read_and_clear
 .text.dropped_notify
                0x00000000080045d8       0x30 zephyr/libzephyr.a(log_core.c.obj)
                0x00000000080045d8                dropped_notify
 .text.z_log_msg_init
                0x0000000008004608       0x20 zephyr/libzephyr.a(log_core.c.obj)
                0x0000000008004608                z_log_msg_init
 .text.log_core_init
                0x0000000008004628       0x38 zephyr/libzephyr.a(log_core.c.obj)
                0x0000000008004628                log_core_init
 .text.z_log_msg_alloc
                0x0000000008004660       0x10 zephyr/libzephyr.a(log_core.c.obj)
                0x0000000008004660                z_log_msg_alloc
 .text.z_log_msg_local_claim
                0x0000000008004670        0xc zephyr/libzephyr.a(log_core.c.obj)
                0x0000000008004670                z_log_msg_local_claim
 .text.z_log_msg_free
                0x000000000800467c       0x10 zephyr/libzephyr.a(log_core.c.obj)
                0x000000000800467c                z_log_msg_free
 .text.z_log_msg_pending
                0x000000000800468c        0xc zephyr/libzephyr.a(log_core.c.obj)
                0x000000000800468c                z_log_msg_pending
 .text.z_impl_log_process
                0x0000000008004698       0xe4 zephyr/libzephyr.a(log_core.c.obj)
                0x0000000008004698                z_impl_log_process
 .text.z_impl_log_panic
                0x000000000800477c       0x44 zephyr/libzephyr.a(log_core.c.obj)
                0x000000000800477c                z_impl_log_panic
 .text.log_process_thread_func
                0x00000000080047c0       0x9c zephyr/libzephyr.a(log_core.c.obj)
 .text.z_log_msg_post_finalize
                0x000000000800485c       0x78 zephyr/libzephyr.a(log_core.c.obj)
 .text.z_log_msg_commit
                0x00000000080048d4       0x24 zephyr/libzephyr.a(log_core.c.obj)
                0x00000000080048d4                z_log_msg_commit
 .text.log_source_name_get
                0x00000000080048f8       0x1c zephyr/libzephyr.a(log_mgmt.c.obj)
                0x00000000080048f8                log_source_name_get
 .text.z_log_runtime_filters_init
                0x0000000008004914       0x3c zephyr/libzephyr.a(log_mgmt.c.obj)
                0x0000000008004914                z_log_runtime_filters_init
 .text.log_source_id_get
                0x0000000008004950       0x38 zephyr/libzephyr.a(log_mgmt.c.obj)
                0x0000000008004950                log_source_id_get
 .text.filter_set
                0x0000000008004988       0xbc zephyr/libzephyr.a(log_mgmt.c.obj)
                0x0000000008004988                filter_set
 .text.backend_filter_set
                0x0000000008004a44       0x30 zephyr/libzephyr.a(log_mgmt.c.obj)
 .text.log_backend_enable
                0x0000000008004a74       0x34 zephyr/libzephyr.a(log_mgmt.c.obj)
                0x0000000008004a74                log_backend_enable
 .text.log_filter_get
                0x0000000008004aa8       0x4c zephyr/libzephyr.a(log_mgmt.c.obj)
                0x0000000008004aa8                log_filter_get
 .text.z_impl_z_log_msg_static_create
                0x0000000008004af4      0x110 zephyr/libzephyr.a(log_msg.c.obj)
                0x0000000008004af4                z_impl_z_log_msg_static_create
 .text.z_log_msg_runtime_vcreate
                0x0000000008004c04       0xb0 zephyr/libzephyr.a(log_msg.c.obj)
                0x0000000008004c04                z_log_msg_runtime_vcreate
 .text.log_msg_get_source_id
                0x0000000008004cb4       0x18 zephyr/libzephyr.a(log_msg.c.obj)
                0x0000000008004cb4                log_msg_get_source_id
 .text.print_formatted
                0x0000000008004ccc       0x24 zephyr/libzephyr.a(log_output.c.obj)
 .text.newline_print
                0x0000000008004cf0       0x1c zephyr/libzephyr.a(log_output.c.obj)
 .text.log_output_process
                0x0000000008004d0c      0x2dc zephyr/libzephyr.a(log_output.c.obj)
                0x0000000008004d0c                log_output_process
 .text.log_output_dropped_process
                0x0000000008004fe8       0x58 zephyr/libzephyr.a(log_output.c.obj)
                0x0000000008004fe8                log_output_dropped_process
 .text.log_output_timestamp_freq_set
                0x0000000008005040       0x2c zephyr/libzephyr.a(log_output.c.obj)
                0x0000000008005040                log_output_timestamp_freq_set
 .text.mem_attr_get_regions
                0x000000000800506c        0xc zephyr/libzephyr.a(mem_attr.c.obj)
                0x000000000800506c                mem_attr_get_regions
 .text.disk_access_get_di
                0x0000000008005078       0x64 zephyr/libzephyr.a(disk_access.c.obj)
                0x0000000008005078                disk_access_get_di
 .text.disk_access_ioctl
                0x00000000080050dc       0xb8 zephyr/libzephyr.a(disk_access.c.obj)
                0x00000000080050dc                disk_access_ioctl
 .text.disk_access_register
                0x0000000008005194       0x68 zephyr/libzephyr.a(disk_access.c.obj)
                0x0000000008005194                disk_access_register
 .text.cmd_kernel_cycles
                0x00000000080051fc       0x1c zephyr/libzephyr.a(cycles.c.obj)
 .text.cmd_kernel_sleep
                0x0000000008005218       0x40 zephyr/libzephyr.a(sleep.c.obj)
 .text.cmd_kernel_version
                0x0000000008005258       0x18 zephyr/libzephyr.a(version.c.obj)
 .text.cmd_kernel_log_level_set
                0x0000000008005270       0x7c zephyr/libzephyr.a(log-level.c.obj)
 .text.cmd_kernel_thread_list
                0x00000000080052ec       0x34 zephyr/libzephyr.a(list.c.obj)
 .text.shell_tdata_dump
                0x0000000008005320       0xb8 zephyr/libzephyr.a(list.c.obj)
 .text.cmd_kernel_thread_stacks
                0x00000000080053d8       0x70 zephyr/libzephyr.a(stacks.c.obj)
 .text.shell_stack_dump
                0x0000000008005448       0x60 zephyr/libzephyr.a(stacks.c.obj)
 .text.cmd_device_list
                0x00000000080054a8       0x8c zephyr/libzephyr.a(device_service.c.obj)
 .text.cmd_devmem
                0x0000000008005534       0xc4 zephyr/libzephyr.a(devmem_service.c.obj)
 .text.cmd_dump
                0x00000000080055f8      0x18c zephyr/libzephyr.a(devmem_service.c.obj)
 .text.set_bypass.isra.0
                0x0000000008005784       0x4c zephyr/libzephyr.a(devmem_service.c.obj)
 .text.bypass_cb
                0x00000000080057d0      0x114 zephyr/libzephyr.a(devmem_service.c.obj)
 .text.cmd_load
                0x00000000080058e4       0xd8 zephyr/libzephyr.a(devmem_service.c.obj)
 .text.enable_shell_uart
                0x00000000080059bc       0x38 zephyr/libzephyr.a(shell_uart.c.obj)
 .text.init     0x00000000080059f4       0x60 zephyr/libzephyr.a(shell_uart.c.obj)
 .text.uart_callback
                0x0000000008005a54      0x100 zephyr/libzephyr.a(shell_uart.c.obj)
 .text.shell_internal_help_print
                0x0000000008005b54       0x20 zephyr/libzephyr.a(shell.c.obj)
 .text.z_cursor_next_line_move.isra.0
                0x0000000008005b74        0xc zephyr/libzephyr.a(shell.c.obj)
 .text.history_handle
                0x0000000008005b80       0xac zephyr/libzephyr.a(shell.c.obj)
 .text.execute  0x0000000008005c2c      0x2c8 zephyr/libzephyr.a(shell.c.obj)
 .text.state_set.constprop.0
                0x0000000008005ef4       0x4c zephyr/libzephyr.a(shell.c.obj)
 .text.shell_process
                0x0000000008005f40      0x6d0 zephyr/libzephyr.a(shell.c.obj)
                0x0000000008005f40                shell_process
 .text.shell_thread
                0x0000000008006610       0xd8 zephyr/libzephyr.a(shell.c.obj)
                0x0000000008006610                shell_thread
 .text.cmd_help
                0x00000000080066e8       0x44 zephyr/libzephyr.a(shell.c.obj)
 .text.shell_hexdump_line
                0x000000000800672c       0xd0 zephyr/libzephyr.a(shell.c.obj)
                0x000000000800672c                shell_hexdump_line
 .text.shell_init
                0x00000000080067fc       0xe8 zephyr/libzephyr.a(shell.c.obj)
                0x00000000080067fc                shell_init
 .text.z_shell_fprintf_fmt
                0x00000000080068e4       0x30 zephyr/libzephyr.a(shell_fprintf.c.obj)
                0x00000000080068e4                z_shell_fprintf_fmt
 .text.z_shell_make_argv
                0x0000000008006914      0x1b8 zephyr/libzephyr.a(shell_utils.c.obj)
                0x0000000008006914                z_shell_make_argv
 .text.z_shell_cmd_get
                0x0000000008006acc       0x74 zephyr/libzephyr.a(shell_utils.c.obj)
                0x0000000008006acc                z_shell_cmd_get
 .text.z_shell_spaces_trim
                0x0000000008006b40       0x6c zephyr/libzephyr.a(shell_utils.c.obj)
                0x0000000008006b40                z_shell_spaces_trim
 .text.z_shell_cmd_trim
                0x0000000008006bac       0x78 zephyr/libzephyr.a(shell_utils.c.obj)
                0x0000000008006bac                z_shell_cmd_trim
 .text.z_clear_eos
                0x0000000008006c24       0x18 zephyr/libzephyr.a(shell_ops.c.obj)
 .text.z_cursor_next_line_move.isra.0
                0x0000000008006c3c        0xc zephyr/libzephyr.a(shell_ops.c.obj)
 .text.z_shell_op_cursor_vert_move
                0x0000000008006c48       0x2c zephyr/libzephyr.a(shell_ops.c.obj)
                0x0000000008006c48                z_shell_op_cursor_vert_move
 .text.z_shell_op_cursor_horiz_move
                0x0000000008006c74       0x2c zephyr/libzephyr.a(shell_ops.c.obj)
                0x0000000008006c74                z_shell_op_cursor_horiz_move
 .text.z_shell_op_cursor_word_move
                0x0000000008006ca0       0x7c zephyr/libzephyr.a(shell_ops.c.obj)
                0x0000000008006ca0                z_shell_op_cursor_word_move
 .text.z_shell_print_cmd
                0x0000000008006d1c       0x78 zephyr/libzephyr.a(shell_ops.c.obj)
                0x0000000008006d1c                z_shell_print_cmd
 .text.z_shell_vt100_color_set
                0x0000000008006d94       0x40 zephyr/libzephyr.a(shell_ops.c.obj)
                0x0000000008006d94                z_shell_vt100_color_set
 .text.z_shell_vt100_colors_restore
                0x0000000008006dd4       0x3c zephyr/libzephyr.a(shell_ops.c.obj)
                0x0000000008006dd4                z_shell_vt100_colors_restore
 .text.z_shell_op_word_remove
                0x0000000008006e10       0xc8 zephyr/libzephyr.a(shell_ops.c.obj)
                0x0000000008006e10                z_shell_op_word_remove
 .text.reprint_from_cursor
                0x0000000008006ed8       0x7c zephyr/libzephyr.a(shell_ops.c.obj)
 .text.z_shell_op_char_insert
                0x0000000008006f54       0x70 zephyr/libzephyr.a(shell_ops.c.obj)
                0x0000000008006f54                z_shell_op_char_insert
 .text.z_shell_print_prompt_and_cmd
                0x0000000008006fc4       0x30 zephyr/libzephyr.a(shell_ops.c.obj)
                0x0000000008006fc4                z_shell_print_prompt_and_cmd
 .text.z_cursor_next_line_move.isra.0
                0x0000000008006ff4        0xc zephyr/libzephyr.a(shell_help.c.obj)
 .text.formatted_text_print.constprop.0
                0x0000000008007000       0xe4 zephyr/libzephyr.a(shell_help.c.obj)
 .text.z_shell_help_subcmd_print
                0x00000000080070e4       0xe4 zephyr/libzephyr.a(shell_help.c.obj)
                0x00000000080070e4                z_shell_help_subcmd_print
 .text.z_shell_help_cmd_print
                0x00000000080071c8       0x40 zephyr/libzephyr.a(shell_help.c.obj)
                0x00000000080071c8                z_shell_help_cmd_print
 .text.z_shell_help_request
                0x0000000008007208       0x28 zephyr/libzephyr.a(shell_help.c.obj)
                0x0000000008007208                z_shell_help_request
 .text.cmd_resize_default
                0x0000000008007230       0x2c zephyr/libzephyr.a(shell_cmds.c.obj)
 .text.cmd_shell_stats_show
                0x000000000800725c       0x14 zephyr/libzephyr.a(shell_cmds.c.obj)
 .text.cmd_backends
                0x0000000008007270       0x50 zephyr/libzephyr.a(shell_cmds.c.obj)
 .text.cmd_prompt_off
                0x00000000080072c0       0x10 zephyr/libzephyr.a(shell_cmds.c.obj)
 .text.cmd_history
                0x00000000080072d0       0x40 zephyr/libzephyr.a(shell_cmds.c.obj)
 .text.cmd_get_retval
                0x0000000008007310       0x1c zephyr/libzephyr.a(shell_cmds.c.obj)
 .text.cmd_echo
                0x000000000800732c       0x50 zephyr/libzephyr.a(shell_cmds.c.obj)
 .text.cmd_clear
                0x000000000800737c       0x34 zephyr/libzephyr.a(shell_cmds.c.obj)
 .text.cmd_resize
                0x00000000080073b0      0x1a0 zephyr/libzephyr.a(shell_cmds.c.obj)
 .text.z_shell_wildcard_process
                0x0000000008007550       0xe4 zephyr/libzephyr.a(shell_wildcard.c.obj)
                0x0000000008007550                z_shell_wildcard_process
 .text.z_arm_fatal_error
                0x0000000008007634       0xe0 zephyr/arch/arch/arm/core/libarch__arm__core.a(fatal.c.obj)
                0x0000000008007634                z_arm_fatal_error
 .text.z_arm_nmi
                0x0000000008007714       0x14 zephyr/arch/arch/arm/core/libarch__arm__core.a(nmi.c.obj)
                0x0000000008007714                z_arm_nmi
 .text.z_SysNmiOnReset
                0x0000000008007728        0x8 zephyr/arch/arch/arm/core/libarch__arm__core.a(nmi_on_reset.S.obj)
                0x0000000008007728                z_SysNmiOnReset
 .text._HandlerModeExit
                0x0000000008007730       0x28 zephyr/arch/arch/arm/core/cortex_m/libarch__arm__core__cortex_m.a(exc_exit.c.obj)
                0x0000000008007730                z_arm_exc_exit
                0x0000000008007730                z_arm_int_exit
 .text.bus_fault.constprop.0
                0x0000000008007758      0x108 zephyr/arch/arch/arm/core/cortex_m/libarch__arm__core__cortex_m.a(fault.c.obj)
 .text.usage_fault.constprop.0
                0x0000000008007860       0xdc zephyr/arch/arch/arm/core/cortex_m/libarch__arm__core__cortex_m.a(fault.c.obj)
 .text.mem_manage_fault
                0x000000000800793c      0x140 zephyr/arch/arch/arm/core/cortex_m/libarch__arm__core__cortex_m.a(fault.c.obj)
 .text.z_arm_fault
                0x0000000008007a7c      0x20c zephyr/arch/arch/arm/core/cortex_m/libarch__arm__core__cortex_m.a(fault.c.obj)
                0x0000000008007a7c                z_arm_fault
 .text.z_arm_fault_init
                0x0000000008007c88       0x18 zephyr/arch/arch/arm/core/cortex_m/libarch__arm__core__cortex_m.a(fault.c.obj)
                0x0000000008007c88                z_arm_fault_init
 .text.__fault  0x0000000008007ca0       0x14 zephyr/arch/arch/arm/core/cortex_m/libarch__arm__core__cortex_m.a(fault_s.S.obj)
                0x0000000008007ca0                z_arm_bus_fault
                0x0000000008007ca0                z_arm_usage_fault
                0x0000000008007ca0                z_arm_mpu_fault
                0x0000000008007ca0                z_arm_exc_spurious
                0x0000000008007ca0                z_arm_debug_monitor
                0x0000000008007ca0                z_arm_hard_fault
 .text._reset_section
                0x0000000008007cb4       0x38 zephyr/arch/arch/arm/core/cortex_m/libarch__arm__core__cortex_m.a(reset.S.obj)
                0x0000000008007cb4                z_arm_reset
                0x0000000008007cb4                __start
 .text.sys_arch_reboot
                0x0000000008007cec       0x24 zephyr/arch/arch/arm/core/cortex_m/libarch__arm__core__cortex_m.a(scb.c.obj)
                0x0000000008007cec                sys_arch_reboot
 .text.z_impl_k_thread_abort
                0x0000000008007d10       0x2c zephyr/arch/arch/arm/core/cortex_m/libarch__arm__core__cortex_m.a(thread_abort.c.obj)
                0x0000000008007d10                z_impl_k_thread_abort
 .text.arch_swap
                0x0000000008007d3c       0x34 zephyr/arch/arch/arm/core/cortex_m/libarch__arm__core__cortex_m.a(swap.c.obj)
                0x0000000008007d3c                arch_swap
 .text.z_arm_pendsv_c
                0x0000000008007d70       0x44 zephyr/arch/arch/arm/core/cortex_m/libarch__arm__core__cortex_m.a(swap.c.obj)
                0x0000000008007d70                z_arm_pendsv_c
 .text.z_arm_pendsv
                0x0000000008007db4       0x34 zephyr/arch/arch/arm/core/cortex_m/libarch__arm__core__cortex_m.a(swap_helper.S.obj)
                0x0000000008007db4                z_arm_pendsv
 .text.z_arm_svc
                0x0000000008007de8       0x20 zephyr/arch/arch/arm/core/cortex_m/libarch__arm__core__cortex_m.a(swap_helper.S.obj)
                0x0000000008007de8                z_arm_svc
 .text.arch_irq_enable
                0x0000000008007e08       0x1c zephyr/arch/arch/arm/core/cortex_m/libarch__arm__core__cortex_m.a(irq_manage.c.obj)
                0x0000000008007e08                arch_irq_enable
 .text.z_arm_irq_priority_set
                0x0000000008007e24       0x2c zephyr/arch/arch/arm/core/cortex_m/libarch__arm__core__cortex_m.a(irq_manage.c.obj)
                0x0000000008007e24                z_arm_irq_priority_set
 .text.z_prep_c
                0x0000000008007e50       0x48 zephyr/arch/arch/arm/core/cortex_m/libarch__arm__core__cortex_m.a(prep_c.c.obj)
                0x0000000008007e50                z_prep_c
 .text.arch_new_thread
                0x0000000008007e98       0x30 zephyr/arch/arch/arm/core/cortex_m/libarch__arm__core__cortex_m.a(thread.c.obj)
                0x0000000008007e98                arch_new_thread
 .text.z_check_thread_stack_fail
                0x0000000008007ec8       0x30 zephyr/arch/arch/arm/core/cortex_m/libarch__arm__core__cortex_m.a(thread.c.obj)
                0x0000000008007ec8                z_check_thread_stack_fail
 .text.arch_switch_to_main_thread
                0x0000000008007ef8       0x3c zephyr/arch/arch/arm/core/cortex_m/libarch__arm__core__cortex_m.a(thread.c.obj)
                0x0000000008007ef8                arch_switch_to_main_thread
 .text.z_arm_cpu_idle_init
                0x0000000008007f34        0xc zephyr/arch/arch/arm/core/cortex_m/libarch__arm__core__cortex_m.a(cpu_idle.c.obj)
                0x0000000008007f34                z_arm_cpu_idle_init
 .text.z_arm_interrupt_init
                0x0000000008007f40       0x18 zephyr/arch/arch/arm/core/cortex_m/libarch__arm__core__cortex_m.a(irq_init.c.obj)
                0x0000000008007f40                z_arm_interrupt_init
 .text._isr_wrapper
                0x0000000008007f58       0x24 zephyr/arch/arch/arm/core/cortex_m/libarch__arm__core__cortex_m.a(isr_wrapper.c.obj)
                0x0000000008007f58                _isr_wrapper
 .text.z_arm_configure_static_mpu_regions
                0x0000000008007f7c       0x18 zephyr/arch/arch/arm/core/mpu/libarch__arm__core__mpu.a(arm_core_mpu.c.obj)
                0x0000000008007f7c                z_arm_configure_static_mpu_regions
 .text.z_arm_configure_dynamic_mpu_regions
                0x0000000008007f94       0x24 zephyr/arch/arch/arm/core/mpu/libarch__arm__core__mpu.a(arm_core_mpu.c.obj)
                0x0000000008007f94                z_arm_configure_dynamic_mpu_regions
 .text.region_allocate_and_init
                0x0000000008007fb8       0x58 zephyr/arch/arch/arm/core/mpu/libarch__arm__core__mpu.a(arm_mpu.c.obj)
 .text.mpu_configure_regions
                0x0000000008008010       0x70 zephyr/arch/arch/arm/core/mpu/libarch__arm__core__mpu.a(arm_mpu.c.obj)
 .text.arm_core_mpu_enable
                0x0000000008008080       0x18 zephyr/arch/arch/arm/core/mpu/libarch__arm__core__mpu.a(arm_mpu.c.obj)
                0x0000000008008080                arm_core_mpu_enable
 .text.arm_core_mpu_disable
                0x0000000008008098       0x14 zephyr/arch/arch/arm/core/mpu/libarch__arm__core__mpu.a(arm_mpu.c.obj)
                0x0000000008008098                arm_core_mpu_disable
 .text.arm_core_mpu_configure_static_mpu_regions
                0x00000000080080ac       0x14 zephyr/arch/arch/arm/core/mpu/libarch__arm__core__mpu.a(arm_mpu.c.obj)
                0x00000000080080ac                arm_core_mpu_configure_static_mpu_regions
 .text.arm_core_mpu_configure_dynamic_mpu_regions
                0x00000000080080c0       0x38 zephyr/arch/arch/arm/core/mpu/libarch__arm__core__mpu.a(arm_mpu.c.obj)
                0x00000000080080c0                arm_core_mpu_configure_dynamic_mpu_regions
 .text.z_arm_mpu_init
                0x00000000080080f8      0x17c zephyr/arch/arch/arm/core/mpu/libarch__arm__core__mpu.a(arm_mpu.c.obj)
                0x00000000080080f8                z_arm_mpu_init
 .text.__stdout_hook_install
                0x0000000008008274        0xc zephyr/lib/libc/newlib/liblib__libc__newlib.a(libc-hooks.c.obj)
                0x0000000008008274                __stdout_hook_install
 .text.z_impl_zephyr_read_stdin
                0x0000000008008280       0x28 zephyr/lib/libc/newlib/liblib__libc__newlib.a(libc-hooks.c.obj)
                0x0000000008008280                z_impl_zephyr_read_stdin
 .text.z_impl_zephyr_write_stdout
                0x00000000080082a8       0x30 zephyr/lib/libc/newlib/liblib__libc__newlib.a(libc-hooks.c.obj)
                0x00000000080082a8                z_impl_zephyr_write_stdout
 .text._sbrk    0x00000000080082d8       0x28 zephyr/lib/libc/newlib/liblib__libc__newlib.a(libc-hooks.c.obj)
                0x00000000080082d8                _sbrk
                0x00000000080082d8                sbrk
 .text.abort    0x0000000008008300       0x1c zephyr/lib/libc/common/liblib__libc__common.a(abort.c.obj)
                0x0000000008008300                abort
 .text.foldcase
                0x000000000800831c       0x18 zephyr/lib/posix/options/liblib__posix__options.a(fnmatch.c.obj)
 .text.getopt_init
                0x0000000008008334       0x48 zephyr/lib/posix/options/liblib__posix__options.a(getopt.c.obj)
                0x0000000008008334                getopt_init
 .text.getopt   0x000000000800837c       0xf8 zephyr/lib/posix/options/liblib__posix__options.a(getopt.c.obj)
                0x000000000800837c                getopt
 .text.z_getopt_global_state_update
                0x0000000008008474       0x34 zephyr/lib/posix/options/liblib__posix__options.a(getopt_common.c.obj)
                0x0000000008008474                z_getopt_global_state_update
 .text.getopt_state_get
                0x00000000080084a8        0x8 zephyr/lib/posix/options/liblib__posix__options.a(getopt_common.c.obj)
                0x00000000080084a8                getopt_state_get
 .text.registry_find
                0x00000000080084b0       0x2c zephyr/subsys/fs/libsubsys__fs.a(fs.c.obj)
 .text.k_mutex_lock.constprop.0.isra.0
                0x00000000080084dc       0x10 zephyr/subsys/fs/libsubsys__fs.a(fs.c.obj)
 .text.k_mutex_unlock.constprop.0.isra.0
                0x00000000080084ec        0xc zephyr/subsys/fs/libsubsys__fs.a(fs.c.obj)
 .text.fs_get_mnt_point
                0x00000000080084f8       0x90 zephyr/subsys/fs/libsubsys__fs.a(fs.c.obj)
 .text.fs_open  0x0000000008008588      0x124 zephyr/subsys/fs/libsubsys__fs.a(fs.c.obj)
                0x0000000008008588                fs_open
 .text.fs_close
                0x00000000080086ac       0x3c zephyr/subsys/fs/libsubsys__fs.a(fs.c.obj)
                0x00000000080086ac                fs_close
 .text.fs_read  0x00000000080086e8       0x3c zephyr/subsys/fs/libsubsys__fs.a(fs.c.obj)
                0x00000000080086e8                fs_read
 .text.fs_opendir
                0x0000000008008724       0xd0 zephyr/subsys/fs/libsubsys__fs.a(fs.c.obj)
                0x0000000008008724                fs_opendir
 .text.fs_readdir
                0x00000000080087f4       0xf0 zephyr/subsys/fs/libsubsys__fs.a(fs.c.obj)
                0x00000000080087f4                fs_readdir
 .text.fs_closedir
                0x00000000080088e4       0x44 zephyr/subsys/fs/libsubsys__fs.a(fs.c.obj)
                0x00000000080088e4                fs_closedir
 .text.fs_mkdir
                0x0000000008008928       0x90 zephyr/subsys/fs/libsubsys__fs.a(fs.c.obj)
                0x0000000008008928                fs_mkdir
 .text.fs_stat  0x00000000080089b8       0x8c zephyr/subsys/fs/libsubsys__fs.a(fs.c.obj)
                0x00000000080089b8                fs_stat
 .text.fs_mount
                0x0000000008008a44      0x194 zephyr/subsys/fs/libsubsys__fs.a(fs.c.obj)
                0x0000000008008a44                fs_mount
 .text.fs_unmount
                0x0000000008008bd8       0xa8 zephyr/subsys/fs/libsubsys__fs.a(fs.c.obj)
                0x0000000008008bd8                fs_unmount
 .text.fs_register
                0x0000000008008c80       0x50 zephyr/subsys/fs/libsubsys__fs.a(fs.c.obj)
                0x0000000008008c80                fs_register
 .text.translate_error
                0x0000000008008cd0       0x14 zephyr/subsys/fs/libsubsys__fs.a(fat_fs.c.obj)
 .text.fatfs_init
                0x0000000008008ce4        0xc zephyr/subsys/fs/libsubsys__fs.a(fat_fs.c.obj)
 .text.fatfs_mount
                0x0000000008008cf0       0x74 zephyr/subsys/fs/libsubsys__fs.a(fat_fs.c.obj)
 .text.fatfs_closedir
                0x0000000008008d64       0x24 zephyr/subsys/fs/libsubsys__fs.a(fat_fs.c.obj)
 .text.fatfs_opendir
                0x0000000008008d88       0x50 zephyr/subsys/fs/libsubsys__fs.a(fat_fs.c.obj)
 .text.fatfs_close
                0x0000000008008dd8       0x28 zephyr/subsys/fs/libsubsys__fs.a(fat_fs.c.obj)
 .text.fatfs_open
                0x0000000008008e00       0x58 zephyr/subsys/fs/libsubsys__fs.a(fat_fs.c.obj)
 .text.fatfs_unmount
                0x0000000008008e58       0x7c zephyr/subsys/fs/libsubsys__fs.a(fat_fs.c.obj)
 .text.stm32_sdmmc_access_deinit
                0x0000000008008ed4       0x44 zephyr/drivers/disk/libdrivers__disk.a(sdmmc_stm32.c.obj)
 .text.stm32_sdmmc_card_present
                0x0000000008008f18       0x5c zephyr/drivers/disk/libdrivers__disk.a(sdmmc_stm32.c.obj)
 .text.stm32_sdmmc_access_init
                0x0000000008008f74       0xc4 zephyr/drivers/disk/libdrivers__disk.a(sdmmc_stm32.c.obj)
 .text.stm32_sdmmc_access_write
                0x0000000008009038       0x90 zephyr/drivers/disk/libdrivers__disk.a(sdmmc_stm32.c.obj)
 .text.stm32_sdmmc_access_read
                0x00000000080090c8       0x90 zephyr/drivers/disk/libdrivers__disk.a(sdmmc_stm32.c.obj)
 .text.disk_stm32_sdmmc_init
                0x0000000008009158      0x1bc zephyr/drivers/disk/libdrivers__disk.a(sdmmc_stm32.c.obj)
 .text.stm32_exti_isr
                0x0000000008009314       0x50 zephyr/drivers/interrupt_controller/libdrivers__interrupt_controller.a(intc_exti_stm32.c.obj)
 .text.stm32_fill_irq_table
                0x0000000008009364       0x18 zephyr/drivers/interrupt_controller/libdrivers__interrupt_controller.a(intc_exti_stm32.c.obj)
 .text.stm32_exti_init
                0x000000000800937c       0xb4 zephyr/drivers/interrupt_controller/libdrivers__interrupt_controller.a(intc_exti_stm32.c.obj)
 .text.stm32_gpio_intc_enable_line
                0x0000000008009430       0x30 zephyr/drivers/interrupt_controller/libdrivers__interrupt_controller.a(intc_exti_stm32.c.obj)
                0x0000000008009430                stm32_gpio_intc_enable_line
 .text.stm32_gpio_intc_set_irq_callback
                0x0000000008009460       0x40 zephyr/drivers/interrupt_controller/libdrivers__interrupt_controller.a(intc_exti_stm32.c.obj)
                0x0000000008009460                stm32_gpio_intc_set_irq_callback
 .text.stm32_gpio_intc_remove_irq_callback
                0x00000000080094a0       0x24 zephyr/drivers/interrupt_controller/libdrivers__interrupt_controller.a(intc_exti_stm32.c.obj)
                0x00000000080094a0                stm32_gpio_intc_remove_irq_callback
 .text.stm32_exti_get_line_src_port
                0x00000000080094c4       0x38 zephyr/drivers/interrupt_controller/libdrivers__interrupt_controller.a(intc_exti_stm32.c.obj)
                0x00000000080094c4                stm32_exti_get_line_src_port
 .text.get_pllsrc_frequency
                0x00000000080094fc       0x1c zephyr/drivers/clock_control/libdrivers__clock_control.a(clock_stm32_ll_h7.c.obj)
 .text.get_hclk_frequency
                0x0000000008009518       0x34 zephyr/drivers/clock_control/libdrivers__clock_control.a(clock_stm32_ll_h7.c.obj)
 .text.stm32_clock_control_get_subsys_rate
                0x000000000800954c       0xd8 zephyr/drivers/clock_control/libdrivers__clock_control.a(clock_stm32_ll_h7.c.obj)
 .text.stm32_clock_control_init
                0x0000000008009624      0x288 zephyr/drivers/clock_control/libdrivers__clock_control.a(clock_stm32_ll_h7.c.obj)
                0x0000000008009624                stm32_clock_control_init
 .text.uart_console_init
                0x00000000080098ac       0x28 zephyr/drivers/console/libdrivers__console.a(uart_console.c.obj)
 .text.console_out
                0x00000000080098d4       0x28 zephyr/drivers/console/libdrivers__console.a(uart_console.c.obj)
 .text.gpio_stm32_pin_interrupt_configure
                0x00000000080098fc       0xb0 zephyr/drivers/gpio/libdrivers__gpio.a(gpio_stm32.c.obj)
 .text.gpio_stm32_init
                0x00000000080099ac       0x30 zephyr/drivers/gpio/libdrivers__gpio.a(gpio_stm32.c.obj)
 .text.pinctrl_configure_pins
                0x00000000080099dc       0x84 zephyr/drivers/pinctrl/libdrivers__pinctrl.a(pinctrl_stm32.c.obj)
                0x00000000080099dc                pinctrl_configure_pins
 .text.uart_stm32_irq_err_enable
                0x0000000008009a60       0x88 zephyr/drivers/serial/libdrivers__serial.a(uart_stm32.c.obj)
 .text.uart_stm32_irq_err_disable
                0x0000000008009ae8       0x88 zephyr/drivers/serial/libdrivers__serial.a(uart_stm32.c.obj)
 .text.uart_stm32_set_baudrate.part.0
                0x0000000008009b70       0x1c zephyr/drivers/serial/libdrivers__serial.a(uart_stm32.c.obj)
 .text.uart_stm32_parameters_set
                0x0000000008009b8c      0x134 zephyr/drivers/serial/libdrivers__serial.a(uart_stm32.c.obj)
 .text.uart_stm32_init
                0x0000000008009cc0      0x220 zephyr/drivers/serial/libdrivers__serial.a(uart_stm32.c.obj)
 .text.uart_stm32_configure
                0x0000000008009ee0      0x188 zephyr/drivers/serial/libdrivers__serial.a(uart_stm32.c.obj)
 .text.elapsed  0x000000000800a068       0x4c zephyr/drivers/timer/libdrivers__timer.a(cortex_m_systick.c.obj)
 .text.sys_clock_driver_init
                0x000000000800a0b4       0x38 zephyr/drivers/timer/libdrivers__timer.a(cortex_m_systick.c.obj)
 .text.sys_clock_isr
                0x000000000800a0ec       0x60 zephyr/drivers/timer/libdrivers__timer.a(cortex_m_systick.c.obj)
                0x000000000800a0ec                sys_clock_isr
 .text.sys_clock_set_timeout
                0x000000000800a14c       0xfc zephyr/drivers/timer/libdrivers__timer.a(cortex_m_systick.c.obj)
                0x000000000800a14c                sys_clock_set_timeout
 .text.sys_clock_elapsed
                0x000000000800a248       0x3c zephyr/drivers/timer/libdrivers__timer.a(cortex_m_systick.c.obj)
                0x000000000800a248                sys_clock_elapsed
 .text.sys_clock_cycle_get_32
                0x000000000800a284       0x28 zephyr/drivers/timer/libdrivers__timer.a(cortex_m_systick.c.obj)
                0x000000000800a284                sys_clock_cycle_get_32
 .text.get_ldnumber
                0x000000000800a2ac       0x8c modules/fatfs/libmodules__fatfs.a(ff.c.obj)
 .text.check_fs
                0x000000000800a338       0xc0 modules/fatfs/libmodules__fatfs.a(ff.c.obj)
 .text.mount_volume
                0x000000000800a3f8      0x228 modules/fatfs/libmodules__fatfs.a(ff.c.obj)
 .text.follow_path
                0x000000000800a620      0x188 modules/fatfs/libmodules__fatfs.a(ff.c.obj)
 .text.f_mount  0x000000000800a7a8       0x50 modules/fatfs/libmodules__fatfs.a(ff.c.obj)
                0x000000000800a7a8                f_mount
 .text.f_mkfs   0x000000000800a7f8      0x724 modules/fatfs/libmodules__fatfs.a(ff.c.obj)
                0x000000000800a7f8                f_mkfs
 .text.disk_status
                0x000000000800af1c       0x18 modules/fatfs/libmodules__fatfs.a(zfs_diskio.c.obj)
                0x000000000800af1c                disk_status
 .text.disk_read
                0x000000000800af34       0x18 modules/fatfs/libmodules__fatfs.a(zfs_diskio.c.obj)
                0x000000000800af34                disk_read
 .text.disk_write
                0x000000000800af4c       0x18 modules/fatfs/libmodules__fatfs.a(zfs_diskio.c.obj)
                0x000000000800af4c                disk_write
 .text.disk_ioctl
                0x000000000800af64       0x74 modules/fatfs/libmodules__fatfs.a(zfs_diskio.c.obj)
                0x000000000800af64                disk_ioctl
 .text.HAL_RCC_GetSysClockFreq
                0x000000000800afd8      0x158 modules/hal_stm32/stm32cube/lib..__modules__hal__stm32__stm32cube.a(stm32h7xx_hal_rcc.c.obj)
                0x000000000800afd8                HAL_RCC_GetSysClockFreq
 .text.HAL_RCC_GetHCLKFreq
                0x000000000800b130       0x44 modules/hal_stm32/stm32cube/lib..__modules__hal__stm32__stm32cube.a(stm32h7xx_hal_rcc.c.obj)
                0x000000000800b130                HAL_RCC_GetHCLKFreq
 .text.HAL_RCC_GetPCLK1Freq
                0x000000000800b174       0x24 modules/hal_stm32/stm32cube/lib..__modules__hal__stm32__stm32cube.a(stm32h7xx_hal_rcc.c.obj)
                0x000000000800b174                HAL_RCC_GetPCLK1Freq
 .text.HAL_RCCEx_GetD3PCLK1Freq
                0x000000000800b198       0x24 modules/hal_stm32/stm32cube/lib..__modules__hal__stm32__stm32cube.a(stm32h7xx_hal_rcc_ex.c.obj)
                0x000000000800b198                HAL_RCCEx_GetD3PCLK1Freq
 .text.HAL_RCCEx_GetPLL2ClockFreq
                0x000000000800b1bc      0x174 modules/hal_stm32/stm32cube/lib..__modules__hal__stm32__stm32cube.a(stm32h7xx_hal_rcc_ex.c.obj)
                0x000000000800b1bc                HAL_RCCEx_GetPLL2ClockFreq
 .text.HAL_RCCEx_GetPLL3ClockFreq
                0x000000000800b330      0x174 modules/hal_stm32/stm32cube/lib..__modules__hal__stm32__stm32cube.a(stm32h7xx_hal_rcc_ex.c.obj)
                0x000000000800b330                HAL_RCCEx_GetPLL3ClockFreq
 .text.HAL_RCCEx_GetPLL1ClockFreq
                0x000000000800b4a4      0x174 modules/hal_stm32/stm32cube/lib..__modules__hal__stm32__stm32cube.a(stm32h7xx_hal_rcc_ex.c.obj)
                0x000000000800b4a4                HAL_RCCEx_GetPLL1ClockFreq
 .text.HAL_RCCEx_GetPeriphCLKFreq
                0x000000000800b618      0x2cc modules/hal_stm32/stm32cube/lib..__modules__hal__stm32__stm32cube.a(stm32h7xx_hal_rcc_ex.c.obj)
                0x000000000800b618                HAL_RCCEx_GetPeriphCLKFreq
 .text.SD_FindSCR.constprop.0
                0x000000000800b8e4       0xcc modules/hal_stm32/stm32cube/lib..__modules__hal__stm32__stm32cube.a(stm32h7xx_hal_sd.c.obj)
 .text.HAL_SD_ReadBlocks_IT
                0x000000000800b9b0       0xc4 modules/hal_stm32/stm32cube/lib..__modules__hal__stm32__stm32cube.a(stm32h7xx_hal_sd.c.obj)
                0x000000000800b9b0                HAL_SD_ReadBlocks_IT
 .text.HAL_SD_WriteBlocks_IT
                0x000000000800ba74       0xc4 modules/hal_stm32/stm32cube/lib..__modules__hal__stm32__stm32cube.a(stm32h7xx_hal_sd.c.obj)
                0x000000000800ba74                HAL_SD_WriteBlocks_IT
 .text.HAL_SD_GetCardCSD
                0x000000000800bb38      0x1b0 modules/hal_stm32/stm32cube/lib..__modules__hal__stm32__stm32cube.a(stm32h7xx_hal_sd.c.obj)
                0x000000000800bb38                HAL_SD_GetCardCSD
 .text.HAL_SD_InitCard
                0x000000000800bce8      0x234 modules/hal_stm32/stm32cube/lib..__modules__hal__stm32__stm32cube.a(stm32h7xx_hal_sd.c.obj)
                0x000000000800bce8                HAL_SD_InitCard
 .text.HAL_SD_GetCardStatus
                0x000000000800bf1c      0x18c modules/hal_stm32/stm32cube/lib..__modules__hal__stm32__stm32cube.a(stm32h7xx_hal_sd.c.obj)
                0x000000000800bf1c                HAL_SD_GetCardStatus
 .text.HAL_SD_ConfigWideBusOperation
                0x000000000800c0a8      0x170 modules/hal_stm32/stm32cube/lib..__modules__hal__stm32__stm32cube.a(stm32h7xx_hal_sd.c.obj)
                0x000000000800c0a8                HAL_SD_ConfigWideBusOperation
 .text.HAL_SD_IRQHandler
                0x000000000800c218      0x268 modules/hal_stm32/stm32cube/lib..__modules__hal__stm32__stm32cube.a(stm32h7xx_hal_sd.c.obj)
                0x000000000800c218                HAL_SD_IRQHandler
 .text.SDMMC_Init
                0x000000000800c480       0x34 modules/hal_stm32/stm32cube/lib..__modules__hal__stm32__stm32cube.a(stm32h7xx_ll_sdmmc.c.obj)
                0x000000000800c480                SDMMC_Init
 .text.SDMMC_SendCommand
                0x000000000800c4b4       0x28 modules/hal_stm32/stm32cube/lib..__modules__hal__stm32__stm32cube.a(stm32h7xx_ll_sdmmc.c.obj)
                0x000000000800c4b4                SDMMC_SendCommand
 .text.SDMMC_CmdGoIdleState
                0x000000000800c4dc       0x50 modules/hal_stm32/stm32cube/lib..__modules__hal__stm32__stm32cube.a(stm32h7xx_ll_sdmmc.c.obj)
                0x000000000800c4dc                SDMMC_CmdGoIdleState
 .text.SDMMC_GetCmdResp1
                0x000000000800c52c      0x124 modules/hal_stm32/stm32cube/lib..__modules__hal__stm32__stm32cube.a(stm32h7xx_ll_sdmmc.c.obj)
                0x000000000800c52c                SDMMC_GetCmdResp1
 .text.SDMMC_CmdStopTransfer
                0x000000000800c650       0x54 modules/hal_stm32/stm32cube/lib..__modules__hal__stm32__stm32cube.a(stm32h7xx_ll_sdmmc.c.obj)
                0x000000000800c650                SDMMC_CmdStopTransfer
 .text.SDMMC_GetCmdResp2
                0x000000000800c6a4       0x50 modules/hal_stm32/stm32cube/lib..__modules__hal__stm32__stm32cube.a(stm32h7xx_ll_sdmmc.c.obj)
                0x000000000800c6a4                SDMMC_GetCmdResp2
 .text.SDMMC_GetCmdResp3
                0x000000000800c6f4       0x48 modules/hal_stm32/stm32cube/lib..__modules__hal__stm32__stm32cube.a(stm32h7xx_ll_sdmmc.c.obj)
                0x000000000800c6f4                SDMMC_GetCmdResp3
 .text.SDMMC_GetCmdResp6
                0x000000000800c73c       0x84 modules/hal_stm32/stm32cube/lib..__modules__hal__stm32__stm32cube.a(stm32h7xx_ll_sdmmc.c.obj)
                0x000000000800c73c                SDMMC_GetCmdResp6
 .text.SDMMC_GetCmdResp7
                0x000000000800c7c0       0x54 modules/hal_stm32/stm32cube/lib..__modules__hal__stm32__stm32cube.a(stm32h7xx_ll_sdmmc.c.obj)
                0x000000000800c7c0                SDMMC_GetCmdResp7
 .text.LL_SetFlashLatency
                0x000000000800c814      0x198 modules/hal_stm32/stm32cube/lib..__modules__hal__stm32__stm32cube.a(stm32h7xx_ll_utils.c.obj)
                0x000000000800c814                LL_SetFlashLatency
 .text.z_device_get_all_static
                0x000000000800c9ac       0x18 zephyr/kernel/libkernel.a(device.c.obj)
                0x000000000800c9ac                z_device_get_all_static
 .text.z_impl_z_errno
                0x000000000800c9c4        0xc zephyr/kernel/libkernel.a(errno.c.obj)
                0x000000000800c9c4                z_impl_z_errno
 .text.k_sys_fatal_error_handler
                0x000000000800c9d0       0x28 zephyr/kernel/libkernel.a(fatal.c.obj)
                0x000000000800c9d0                k_sys_fatal_error_handler
 .text.z_fatal_error
                0x000000000800c9f8      0x110 zephyr/kernel/libkernel.a(fatal.c.obj)
                0x000000000800c9f8                z_fatal_error
 .text.z_sys_init_run_level
                0x000000000800cb08       0x2c zephyr/kernel/libkernel.a(init.c.obj)
 .text.bg_thread_main
                0x000000000800cb34       0xc4 zephyr/kernel/libkernel.a(init.c.obj)
 .text.z_bss_zero
                0x000000000800cbf8       0x2c zephyr/kernel/libkernel.a(init.c.obj)
                0x000000000800cbf8                z_bss_zero
 .text.z_init_cpu
                0x000000000800cc24       0x78 zephyr/kernel/libkernel.a(init.c.obj)
                0x000000000800cc24                z_init_cpu
 .text.z_cstart
                0x000000000800cc9c       0xd8 zephyr/kernel/libkernel.a(init.c.obj)
                0x000000000800cc9c                z_cstart
 .text.init_mem_slab_obj_core_list
                0x000000000800cd74       0x24 zephyr/kernel/libkernel.a(mem_slab.c.obj)
 .text.k_mem_slab_alloc
                0x000000000800cd98       0x5c zephyr/kernel/libkernel.a(mem_slab.c.obj)
                0x000000000800cd98                k_mem_slab_alloc
 .text.z_impl_k_mutex_lock
                0x000000000800cdf4       0xf0 zephyr/kernel/libkernel.a(mutex.c.obj)
                0x000000000800cdf4                z_impl_k_mutex_lock
 .text.z_impl_k_mutex_unlock
                0x000000000800cee4       0x78 zephyr/kernel/libkernel.a(mutex.c.obj)
                0x000000000800cee4                z_impl_k_mutex_unlock
 .text.z_impl_k_sem_give
                0x000000000800cf5c       0x4c zephyr/kernel/libkernel.a(sem.c.obj)
                0x000000000800cf5c                z_impl_k_sem_give
 .text.z_impl_k_sem_take
                0x000000000800cfa8       0x4c zephyr/kernel/libkernel.a(sem.c.obj)
                0x000000000800cfa8                z_impl_k_sem_take
 .text.work_queue_main
                0x000000000800cff4      0x144 zephyr/kernel/libkernel.a(work.c.obj)
 .text.submit_to_queue_locked
                0x000000000800d138       0xb0 zephyr/kernel/libkernel.a(work.c.obj)
 .text.k_work_submit
                0x000000000800d1e8        0xc zephyr/kernel/libkernel.a(work.c.obj)
                0x000000000800d1e8                k_work_submit
 .text.k_work_queue_start
                0x000000000800d1f4       0x7c zephyr/kernel/libkernel.a(work.c.obj)
                0x000000000800d1f4                k_work_queue_start
 .text.z_impl_k_thread_name_set
                0x000000000800d270       0x20 zephyr/kernel/libkernel.a(thread.c.obj)
                0x000000000800d270                z_impl_k_thread_name_set
 .text.k_thread_state_str
                0x000000000800d290       0x90 zephyr/kernel/libkernel.a(thread.c.obj)
                0x000000000800d290                k_thread_state_str
 .text.z_setup_new_thread
                0x000000000800d320       0xe8 zephyr/kernel/libkernel.a(thread.c.obj)
                0x000000000800d320                z_setup_new_thread
 .text.z_impl_k_thread_create
                0x000000000800d408       0x58 zephyr/kernel/libkernel.a(thread.c.obj)
                0x000000000800d408                z_impl_k_thread_create
 .text.unready_thread
                0x000000000800d460       0x54 zephyr/kernel/libkernel.a(sched.c.obj)
 .text.ready_thread
                0x000000000800d4b4       0x8c zephyr/kernel/libkernel.a(sched.c.obj)
 .text.z_thread_halt
                0x000000000800d540      0x114 zephyr/kernel/libkernel.a(sched.c.obj)
 .text.move_thread_to_end_of_prio_q
                0x000000000800d654       0x94 zephyr/kernel/libkernel.a(sched.c.obj)
                0x000000000800d654                move_thread_to_end_of_prio_q
 .text.z_pend_curr
                0x000000000800d6e8       0x58 zephyr/kernel/libkernel.a(sched.c.obj)
                0x000000000800d6e8                z_pend_curr
 .text.z_thread_prio_set
                0x000000000800d740       0x9c zephyr/kernel/libkernel.a(sched.c.obj)
                0x000000000800d740                z_thread_prio_set
 .text.z_reschedule
                0x000000000800d7dc       0x24 zephyr/kernel/libkernel.a(sched.c.obj)
                0x000000000800d7dc                z_reschedule
 .text.z_sched_start
                0x000000000800d800       0x3c zephyr/kernel/libkernel.a(sched.c.obj)
                0x000000000800d800                z_sched_start
 .text.z_reschedule_irqlock
                0x000000000800d83c       0x28 zephyr/kernel/libkernel.a(sched.c.obj)
                0x000000000800d83c                z_reschedule_irqlock
 .text.k_sched_lock
                0x000000000800d864       0x28 zephyr/kernel/libkernel.a(sched.c.obj)
                0x000000000800d864                k_sched_lock
 .text.k_sched_unlock
                0x000000000800d88c       0x68 zephyr/kernel/libkernel.a(sched.c.obj)
                0x000000000800d88c                k_sched_unlock
 .text.z_sched_init
                0x000000000800d8f4       0x10 zephyr/kernel/libkernel.a(sched.c.obj)
                0x000000000800d8f4                z_sched_init
 .text.z_impl_k_yield
                0x000000000800d904       0x8c zephyr/kernel/libkernel.a(sched.c.obj)
                0x000000000800d904                z_impl_k_yield
 .text.z_tick_sleep
                0x000000000800d990       0x88 zephyr/kernel/libkernel.a(sched.c.obj)
 .text.z_impl_k_sleep
                0x000000000800da18       0x38 zephyr/kernel/libkernel.a(sched.c.obj)
                0x000000000800da18                z_impl_k_sleep
 .text.z_impl_k_sched_current_thread_query
                0x000000000800da50        0xc zephyr/kernel/libkernel.a(sched.c.obj)
                0x000000000800da50                z_impl_k_sched_current_thread_query
 .text.z_sched_wait
                0x000000000800da5c       0x24 zephyr/kernel/libkernel.a(sched.c.obj)
                0x000000000800da5c                z_sched_wait
 .text.slice_timeout
                0x000000000800da80       0x20 zephyr/kernel/libkernel.a(timeslicing.c.obj)
 .text.thread_is_sliceable
                0x000000000800daa0       0x3c zephyr/kernel/libkernel.a(timeslicing.c.obj)
                0x000000000800daa0                thread_is_sliceable
 .text.z_reset_time_slice
                0x000000000800dadc       0x50 zephyr/kernel/libkernel.a(timeslicing.c.obj)
                0x000000000800dadc                z_reset_time_slice
 .text.z_time_slice
                0x000000000800db2c       0x60 zephyr/kernel/libkernel.a(timeslicing.c.obj)
                0x000000000800db2c                z_time_slice
 .text.z_thread_monitor_exit
                0x000000000800db8c       0x3c zephyr/kernel/libkernel.a(thread_monitor.c.obj)
                0x000000000800db8c                z_thread_monitor_exit
 .text.k_thread_foreach_unlocked
                0x000000000800dbc8       0x48 zephyr/kernel/libkernel.a(thread_monitor.c.obj)
                0x000000000800dbc8                k_thread_foreach_unlocked
 .text.z_data_copy
                0x000000000800dc10       0x4c zephyr/kernel/libkernel.a(xip.c.obj)
                0x000000000800dc10                z_data_copy
 .text.elapsed  0x000000000800dc5c       0x14 zephyr/kernel/libkernel.a(timeout.c.obj)
 .text.remove_timeout
                0x000000000800dc70       0x38 zephyr/kernel/libkernel.a(timeout.c.obj)
 .text.next_timeout
                0x000000000800dca8       0x40 zephyr/kernel/libkernel.a(timeout.c.obj)
 .text.z_add_timeout
                0x000000000800dce8       0xf4 zephyr/kernel/libkernel.a(timeout.c.obj)
                0x000000000800dce8                z_add_timeout
 .text.sys_clock_announce
                0x000000000800dddc       0xd4 zephyr/kernel/libkernel.a(timeout.c.obj)
                0x000000000800dddc                sys_clock_announce
 .text.sys_clock_tick_get
                0x000000000800deb0       0x30 zephyr/kernel/libkernel.a(timeout.c.obj)
                0x000000000800deb0                sys_clock_tick_get
 .text.z_timer_expiration_handler
                0x000000000800dee0       0xe0 zephyr/kernel/libkernel.a(timer.c.obj)
                0x000000000800dee0                z_timer_expiration_handler
 .text.z_impl_k_timer_start
                0x000000000800dfc0       0x74 zephyr/kernel/libkernel.a(timer.c.obj)
                0x000000000800dfc0                z_impl_k_timer_start
 .text.z_impl_k_poll
                0x000000000800e034       0xb0 zephyr/kernel/libkernel.a(poll.c.obj)
                0x000000000800e034                z_impl_k_poll
 .text.z_impl_k_poll_signal_raise
                0x000000000800e0e4       0x50 zephyr/kernel/libkernel.a(poll.c.obj)
                0x000000000800e0e4                z_impl_k_poll_signal_raise
 .text.boot_banner
                0x000000000800e134        0xc zephyr/kernel/libkernel.a(banner.c.obj)
                0x000000000800e134                boot_banner
 .text.k_sys_work_q_init
                0x000000000800e140       0x34 zephyr/kernel/libkernel.a(system_work_q.c.obj)
 .text.malloc   0x000000000800e174       0x10 /opt/zephyr-sdk-0.16.8/arm-zephyr-eabi/arm-zephyr-eabi/lib/thumb/v7e-m/nofp/libc.a(lib_a-malloc.o)
                0x000000000800e174                malloc
 .text.free     0x000000000800e184       0x10 /opt/zephyr-sdk-0.16.8/arm-zephyr-eabi/arm-zephyr-eabi/lib/thumb/v7e-m/nofp/libc.a(lib_a-malloc.o)
                0x000000000800e184                free
 .text._malloc_r
                0x000000000800e194      0x578 /opt/zephyr-sdk-0.16.8/arm-zephyr-eabi/arm-zephyr-eabi/lib/thumb/v7e-m/nofp/libc.a(lib_a-mallocr.o)
                0x000000000800e194                _malloc_r
 .text.memcmp   0x000000000800e70c       0x60 /opt/zephyr-sdk-0.16.8/arm-zephyr-eabi/arm-zephyr-eabi/lib/thumb/v7e-m/nofp/libc.a(lib_a-memcmp.o)
                0x000000000800e70c                memcmp
 .text.memmove  0x000000000800e76c      0x100 /opt/zephyr-sdk-0.16.8/arm-zephyr-eabi/arm-zephyr-eabi/lib/thumb/v7e-m/nofp/libc.a(lib_a-memmove.o)
                0x000000000800e76c                memmove
 .text.memset   0x000000000800e86c       0xa4 /opt/zephyr-sdk-0.16.8/arm-zephyr-eabi/arm-zephyr-eabi/lib/thumb/v7e-m/nofp/libc.a(lib_a-memset.o)
                0x000000000800e86c                memset
 .text.__malloc_lock
                0x000000000800e910        0xc /opt/zephyr-sdk-0.16.8/arm-zephyr-eabi/arm-zephyr-eabi/lib/thumb/v7e-m/nofp/libc.a(lib_a-mlock.o)
                0x000000000800e910                __malloc_lock
 .text.__malloc_unlock
                0x000000000800e91c        0xc /opt/zephyr-sdk-0.16.8/arm-zephyr-eabi/arm-zephyr-eabi/lib/thumb/v7e-m/nofp/libc.a(lib_a-mlock.o)
                0x000000000800e91c                __malloc_unlock
 .text._sbrk_r  0x000000000800e928       0x24 /opt/zephyr-sdk-0.16.8/arm-zephyr-eabi/arm-zephyr-eabi/lib/thumb/v7e-m/nofp/libc.a(lib_a-sbrkr.o)
                0x000000000800e928                _sbrk_r
 .text.snprintf
                0x000000000800e94c       0x88 /opt/zephyr-sdk-0.16.8/arm-zephyr-eabi/arm-zephyr-eabi/lib/thumb/v7e-m/nofp/libc.a(lib_a-snprintf.o)
                0x000000000800e94c                snprintf
 .text.strcat   0x000000000800e9d4       0x40 /opt/zephyr-sdk-0.16.8/arm-zephyr-eabi/arm-zephyr-eabi/lib/thumb/v7e-m/nofp/libc.a(lib_a-strcat.o)
                0x000000000800e9d4                strcat
 .text.strchr   0x000000000800ea14       0xd0 /opt/zephyr-sdk-0.16.8/arm-zephyr-eabi/arm-zephyr-eabi/lib/thumb/v7e-m/nofp/libc.a(lib_a-strchr.o)
                0x000000000800ea14                strchr
 .text.strcpy   0x000000000800eae4       0xbc /opt/zephyr-sdk-0.16.8/arm-zephyr-eabi/arm-zephyr-eabi/lib/thumb/v7e-m/nofp/libc.a(lib_a-strcpy.o)
                0x000000000800eae4                strcpy
 .text.strncmp  0x000000000800eba0       0x84 /opt/zephyr-sdk-0.16.8/arm-zephyr-eabi/arm-zephyr-eabi/lib/thumb/v7e-m/nofp/libc.a(lib_a-strncmp.o)
                0x000000000800eba0                strncmp
 .text.strncpy  0x000000000800ec24       0x68 /opt/zephyr-sdk-0.16.8/arm-zephyr-eabi/arm-zephyr-eabi/lib/thumb/v7e-m/nofp/libc.a(lib_a-strncpy.o)
                0x000000000800ec24                strncpy
 .text.strnlen  0x000000000800ec8c       0x24 /opt/zephyr-sdk-0.16.8/arm-zephyr-eabi/arm-zephyr-eabi/lib/thumb/v7e-m/nofp/libc.a(lib_a-strnlen.o)
                0x000000000800ec8c                strnlen
 .text.two_way_long_needle
                0x000000000800ecb0      0x2a0 /opt/zephyr-sdk-0.16.8/arm-zephyr-eabi/arm-zephyr-eabi/lib/thumb/v7e-m/nofp/libc.a(lib_a-strstr.o)
 .text.strstr   0x000000000800ef50      0x16c /opt/zephyr-sdk-0.16.8/arm-zephyr-eabi/arm-zephyr-eabi/lib/thumb/v7e-m/nofp/libc.a(lib_a-strstr.o)
                0x000000000800ef50                strstr
 .text._strtol_l.constprop.0
                0x000000000800f0bc      0x138 /opt/zephyr-sdk-0.16.8/arm-zephyr-eabi/arm-zephyr-eabi/lib/thumb/v7e-m/nofp/libc.a(lib_a-strtol.o)
 .text.strtol   0x000000000800f1f4       0x18 /opt/zephyr-sdk-0.16.8/arm-zephyr-eabi/arm-zephyr-eabi/lib/thumb/v7e-m/nofp/libc.a(lib_a-strtol.o)
                0x000000000800f1f4                strtol
 .text._strtoul_l.constprop.0
                0x000000000800f20c      0x134 /opt/zephyr-sdk-0.16.8/arm-zephyr-eabi/arm-zephyr-eabi/lib/thumb/v7e-m/nofp/libc.a(lib_a-strtoul.o)
 .text.strtoul  0x000000000800f340       0x18 /opt/zephyr-sdk-0.16.8/arm-zephyr-eabi/arm-zephyr-eabi/lib/thumb/v7e-m/nofp/libc.a(lib_a-strtoul.o)
                0x000000000800f340                strtoul
 .text._svfprintf_r
                0x000000000800f358     0x1a14 /opt/zephyr-sdk-0.16.8/arm-zephyr-eabi/arm-zephyr-eabi/lib/thumb/v7e-m/nofp/libc.a(lib_a-svfprintf.o)
                0x000000000800f358                _svfprintf_r
 .text.quorem   0x0000000008010d6c      0x12c /opt/zephyr-sdk-0.16.8/arm-zephyr-eabi/arm-zephyr-eabi/lib/thumb/v7e-m/nofp/libc.a(lib_a-dtoa.o)
 .text._malloc_trim_r
                0x0000000008010e98       0x9c /opt/zephyr-sdk-0.16.8/arm-zephyr-eabi/arm-zephyr-eabi/lib/thumb/v7e-m/nofp/libc.a(lib_a-freer.o)
                0x0000000008010e98                _malloc_trim_r
 .text._free_r  0x0000000008010f34      0x1fc /opt/zephyr-sdk-0.16.8/arm-zephyr-eabi/arm-zephyr-eabi/lib/thumb/v7e-m/nofp/libc.a(lib_a-freer.o)
                0x0000000008010f34                _free_r
 .text._localeconv_r
                0x0000000008011130        0x8 /opt/zephyr-sdk-0.16.8/arm-zephyr-eabi/arm-zephyr-eabi/lib/thumb/v7e-m/nofp/libc.a(lib_a-localeconv.o)
                0x0000000008011130                _localeconv_r
 .text._Balloc  0x0000000008011138       0x4c /opt/zephyr-sdk-0.16.8/arm-zephyr-eabi/arm-zephyr-eabi/lib/thumb/v7e-m/nofp/libc.a(lib_a-mprec.o)
                0x0000000008011138                _Balloc
 .text._Bfree   0x0000000008011184       0x14 /opt/zephyr-sdk-0.16.8/arm-zephyr-eabi/arm-zephyr-eabi/lib/thumb/v7e-m/nofp/libc.a(lib_a-mprec.o)
                0x0000000008011184                _Bfree
 .text.__multadd
                0x0000000008011198       0xa0 /opt/zephyr-sdk-0.16.8/arm-zephyr-eabi/arm-zephyr-eabi/lib/thumb/v7e-m/nofp/libc.a(lib_a-mprec.o)
                0x0000000008011198                __multadd
 .text.__hi0bits
                0x0000000008011238       0x44 /opt/zephyr-sdk-0.16.8/arm-zephyr-eabi/arm-zephyr-eabi/lib/thumb/v7e-m/nofp/libc.a(lib_a-mprec.o)
                0x0000000008011238                __hi0bits
 .text.__lo0bits
                0x000000000801127c       0x60 /opt/zephyr-sdk-0.16.8/arm-zephyr-eabi/arm-zephyr-eabi/lib/thumb/v7e-m/nofp/libc.a(lib_a-mprec.o)
                0x000000000801127c                __lo0bits
 .text.__i2b    0x00000000080112dc       0x5c /opt/zephyr-sdk-0.16.8/arm-zephyr-eabi/arm-zephyr-eabi/lib/thumb/v7e-m/nofp/libc.a(lib_a-mprec.o)
                0x00000000080112dc                __i2b
 .text.__multiply
                0x0000000008011338      0x16c /opt/zephyr-sdk-0.16.8/arm-zephyr-eabi/arm-zephyr-eabi/lib/thumb/v7e-m/nofp/libc.a(lib_a-mprec.o)
                0x0000000008011338                __multiply
 .text.__pow5mult
                0x00000000080114a4       0xb4 /opt/zephyr-sdk-0.16.8/arm-zephyr-eabi/arm-zephyr-eabi/lib/thumb/v7e-m/nofp/libc.a(lib_a-mprec.o)
                0x00000000080114a4                __pow5mult
 .text.__lshift
                0x0000000008011558       0xf0 /opt/zephyr-sdk-0.16.8/arm-zephyr-eabi/arm-zephyr-eabi/lib/thumb/v7e-m/nofp/libc.a(lib_a-mprec.o)
                0x0000000008011558                __lshift
 .text.__mcmp   0x0000000008011648       0x40 /opt/zephyr-sdk-0.16.8/arm-zephyr-eabi/arm-zephyr-eabi/lib/thumb/v7e-m/nofp/libc.a(lib_a-mprec.o)
                0x0000000008011648                __mcmp
 .text.__mdiff  0x0000000008011688      0x164 /opt/zephyr-sdk-0.16.8/arm-zephyr-eabi/arm-zephyr-eabi/lib/thumb/v7e-m/nofp/libc.a(lib_a-mprec.o)
                0x0000000008011688                __mdiff
 .text.__d2b    0x00000000080117ec       0xbc /opt/zephyr-sdk-0.16.8/arm-zephyr-eabi/arm-zephyr-eabi/lib/thumb/v7e-m/nofp/libc.a(lib_a-mprec.o)
                0x00000000080117ec                __d2b
 .text.frexp    0x00000000080118a8       0x70 /opt/zephyr-sdk-0.16.8/arm-zephyr-eabi/arm-zephyr-eabi/lib/thumb/v7e-m/nofp/libc.a(lib_a-s_frexp.o)
                0x00000000080118a8                frexp
 .text.__ssprint_r
                0x0000000008011918      0x108 /opt/zephyr-sdk-0.16.8/arm-zephyr-eabi/arm-zephyr-eabi/lib/thumb/v7e-m/nofp/libc.a(lib_a-svfiprintf.o)
                0x0000000008011918                __ssprint_r
 .text.__assert_func
                0x0000000008011a20       0x40 /opt/zephyr-sdk-0.16.8/arm-zephyr-eabi/arm-zephyr-eabi/lib/thumb/v7e-m/nofp/libc.a(lib_a-assert.o)
                0x0000000008011a20                __assert_func
 .text._calloc_r
                0x0000000008011a60       0x60 /opt/zephyr-sdk-0.16.8/arm-zephyr-eabi/arm-zephyr-eabi/lib/thumb/v7e-m/nofp/libc.a(lib_a-callocr.o)
                0x0000000008011a60                _calloc_r
 .text.fiprintf
                0x0000000008011ac0       0x28 /opt/zephyr-sdk-0.16.8/arm-zephyr-eabi/arm-zephyr-eabi/lib/thumb/v7e-m/nofp/libc.a(lib_a-fiprintf.o)
                0x0000000008011ac0                fiprintf
 .text.__ascii_mbtowc
                0x0000000008011ae8       0x2c /opt/zephyr-sdk-0.16.8/arm-zephyr-eabi/arm-zephyr-eabi/lib/thumb/v7e-m/nofp/libc.a(lib_a-mbtowc_r.o)
                0x0000000008011ae8                __ascii_mbtowc
 .text._realloc_r
                0x0000000008011b14      0x344 /opt/zephyr-sdk-0.16.8/arm-zephyr-eabi/arm-zephyr-eabi/lib/thumb/v7e-m/nofp/libc.a(lib_a-reallocr.o)
                0x0000000008011b14                _realloc_r
 .text._vfiprintf_r
                0x0000000008011e58      0xd98 /opt/zephyr-sdk-0.16.8/arm-zephyr-eabi/arm-zephyr-eabi/lib/thumb/v7e-m/nofp/libc.a(lib_a-vfiprintf.o)
                0x0000000008011e58                _vfiprintf_r
 .text.__sbprintf
                0x0000000008012bf0       0x80 /opt/zephyr-sdk-0.16.8/arm-zephyr-eabi/arm-zephyr-eabi/lib/thumb/v7e-m/nofp/libc.a(lib_a-vfiprintf.o)
 .text.__ascii_wctomb
                0x0000000008012c70       0x1c /opt/zephyr-sdk-0.16.8/arm-zephyr-eabi/arm-zephyr-eabi/lib/thumb/v7e-m/nofp/libc.a(lib_a-wctomb_r.o)
                0x0000000008012c70                __ascii_wctomb
 .text.__swsetup_r
                0x0000000008012c8c       0xc4 /opt/zephyr-sdk-0.16.8/arm-zephyr-eabi/arm-zephyr-eabi/lib/thumb/v7e-m/nofp/libc.a(lib_a-wsetup.o)
                0x0000000008012c8c                __swsetup_r
 .text.__sflush_r
                0x0000000008012d50      0x110 /opt/zephyr-sdk-0.16.8/arm-zephyr-eabi/arm-zephyr-eabi/lib/thumb/v7e-m/nofp/libc.a(lib_a-fflush.o)
                0x0000000008012d50                __sflush_r
 .text._fflush_r
                0x0000000008012e60       0x5c /opt/zephyr-sdk-0.16.8/arm-zephyr-eabi/arm-zephyr-eabi/lib/thumb/v7e-m/nofp/libc.a(lib_a-fflush.o)
                0x0000000008012e60                _fflush_r
 .text._cleanup_r
                0x0000000008012ebc        0xc /opt/zephyr-sdk-0.16.8/arm-zephyr-eabi/arm-zephyr-eabi/lib/thumb/v7e-m/nofp/libc.a(lib_a-findfp.o)
                0x0000000008012ebc                _cleanup_r
 .text.__sinit  0x0000000008012ec8      0x10c /opt/zephyr-sdk-0.16.8/arm-zephyr-eabi/arm-zephyr-eabi/lib/thumb/v7e-m/nofp/libc.a(lib_a-findfp.o)
                0x0000000008012ec8                __sinit
 .text.__sfvwrite_r
                0x0000000008012fd4      0x2f8 /opt/zephyr-sdk-0.16.8/arm-zephyr-eabi/arm-zephyr-eabi/lib/thumb/v7e-m/nofp/libc.a(lib_a-fvwrite.o)
                0x0000000008012fd4                __sfvwrite_r
 .text._fwalk_reent
                0x00000000080132cc       0x48 /opt/zephyr-sdk-0.16.8/arm-zephyr-eabi/arm-zephyr-eabi/lib/thumb/v7e-m/nofp/libc.a(lib_a-fwalk.o)
                0x00000000080132cc                _fwalk_reent
 .text.__smakebuf_r
                0x0000000008013314       0xc4 /opt/zephyr-sdk-0.16.8/arm-zephyr-eabi/arm-zephyr-eabi/lib/thumb/v7e-m/nofp/libc.a(lib_a-makebuf.o)
                0x0000000008013314                __smakebuf_r
 .text.__sread  0x00000000080133d8       0x24 /opt/zephyr-sdk-0.16.8/arm-zephyr-eabi/arm-zephyr-eabi/lib/thumb/v7e-m/nofp/libc.a(lib_a-stdio.o)
                0x00000000080133d8                __sread
 .text.__swrite
                0x00000000080133fc       0x40 /opt/zephyr-sdk-0.16.8/arm-zephyr-eabi/arm-zephyr-eabi/lib/thumb/v7e-m/nofp/libc.a(lib_a-stdio.o)
                0x00000000080133fc                __swrite
 .text.__sseek  0x000000000801343c       0x24 /opt/zephyr-sdk-0.16.8/arm-zephyr-eabi/arm-zephyr-eabi/lib/thumb/v7e-m/nofp/libc.a(lib_a-stdio.o)
                0x000000000801343c                __sseek
 .text.__sclose
                0x0000000008013460        0x8 /opt/zephyr-sdk-0.16.8/arm-zephyr-eabi/arm-zephyr-eabi/lib/thumb/v7e-m/nofp/libc.a(lib_a-stdio.o)
                0x0000000008013460                __sclose
 .text._write_r
                0x0000000008013468       0x2c /opt/zephyr-sdk-0.16.8/arm-zephyr-eabi/arm-zephyr-eabi/lib/thumb/v7e-m/nofp/libc.a(lib_a-writer.o)
                0x0000000008013468                _write_r
 .text._close_r
                0x0000000008013494       0x24 /opt/zephyr-sdk-0.16.8/arm-zephyr-eabi/arm-zephyr-eabi/lib/thumb/v7e-m/nofp/libc.a(lib_a-closer.o)
                0x0000000008013494                _close_r
 .text._fstat_r
                0x00000000080134b8       0x2c /opt/zephyr-sdk-0.16.8/arm-zephyr-eabi/arm-zephyr-eabi/lib/thumb/v7e-m/nofp/libc.a(lib_a-fstatr.o)
                0x00000000080134b8                _fstat_r
 .text._isatty_r
                0x00000000080134e4       0x24 /opt/zephyr-sdk-0.16.8/arm-zephyr-eabi/arm-zephyr-eabi/lib/thumb/v7e-m/nofp/libc.a(lib_a-isattyr.o)
                0x00000000080134e4                _isatty_r
 .text._lseek_r
                0x0000000008013508       0x2c /opt/zephyr-sdk-0.16.8/arm-zephyr-eabi/arm-zephyr-eabi/lib/thumb/v7e-m/nofp/libc.a(lib_a-lseekr.o)
                0x0000000008013508                _lseek_r
 .text._read_r  0x0000000008013534       0x2c /opt/zephyr-sdk-0.16.8/arm-zephyr-eabi/arm-zephyr-eabi/lib/thumb/v7e-m/nofp/libc.a(lib_a-readr.o)
                0x0000000008013534                _read_r
 .text._OffsetAbsSyms
                0x0000000008013560        0x2 zephyr/CMakeFiles/offsets.dir/./arch/arm/core/offsets/offsets.c.obj
                0x0000000008013560                _OffsetAbsSyms
 .text.cbpprintf_external
                0x0000000008013562       0x62 zephyr/libzephyr.a(cbprintf_packaged.c.obj)
                0x0000000008013562                cbpprintf_external
 .text.is_ptr   0x00000000080135c4       0x4a zephyr/libzephyr.a(cbprintf_packaged.c.obj)
                0x00000000080135c4                is_ptr
 .text.arch_printk_char_out
                0x000000000801360e        0x4 zephyr/libzephyr.a(printk.c.obj)
                0x000000000801360e                arch_printk_char_out
 .text.str_out  0x0000000008013612       0x24 zephyr/libzephyr.a(printk.c.obj)
 .text.printk   0x0000000008013636       0x1a zephyr/libzephyr.a(printk.c.obj)
                0x0000000008013636                printk
 .text.snprintk
                0x0000000008013650       0x1a zephyr/libzephyr.a(printk.c.obj)
                0x0000000008013650                snprintk
 .text.z_thread_entry
                0x000000000801366a       0x14 zephyr/libzephyr.a(thread_entry.c.obj)
                0x000000000801366a                z_thread_entry
 .text._ldiv5   0x000000000801367e       0x30 zephyr/libzephyr.a(cbprintf_complete.c.obj)
 .text._get_digit
                0x00000000080136ae       0x2e zephyr/libzephyr.a(cbprintf_complete.c.obj)
 .text.outs     0x00000000080136dc       0x2e zephyr/libzephyr.a(cbprintf_complete.c.obj)
 .text.free_space
                0x000000000801370a       0x26 zephyr/libzephyr.a(mpsc_pbuf.c.obj)
 .text.get_usage
                0x0000000008013730       0x22 zephyr/libzephyr.a(mpsc_pbuf.c.obj)
 .text.idx_inc  0x0000000008013752       0x1c zephyr/libzephyr.a(mpsc_pbuf.c.obj)
 .text.rd_idx_inc
                0x000000000801376e       0x18 zephyr/libzephyr.a(mpsc_pbuf.c.obj)
 .text.add_skip_item
                0x0000000008013786       0x3a zephyr/libzephyr.a(mpsc_pbuf.c.obj)
 .text.drop_item_locked
                0x00000000080137c0       0xee zephyr/libzephyr.a(mpsc_pbuf.c.obj)
 .text.post_drop_action
                0x00000000080138ae       0x36 zephyr/libzephyr.a(mpsc_pbuf.c.obj)
 .text.max_utilization_update
                0x00000000080138e4       0x1a zephyr/libzephyr.a(mpsc_pbuf.c.obj)
 .text.mpsc_pbuf_init
                0x00000000080138fe       0x42 zephyr/libzephyr.a(mpsc_pbuf.c.obj)
                0x00000000080138fe                mpsc_pbuf_init
 .text.mpsc_pbuf_alloc
                0x0000000008013940       0xf8 zephyr/libzephyr.a(mpsc_pbuf.c.obj)
                0x0000000008013940                mpsc_pbuf_alloc
 .text.mpsc_pbuf_commit
                0x0000000008013a38       0x3e zephyr/libzephyr.a(mpsc_pbuf.c.obj)
                0x0000000008013a38                mpsc_pbuf_commit
 .text.mpsc_pbuf_claim
                0x0000000008013a76       0xa8 zephyr/libzephyr.a(mpsc_pbuf.c.obj)
                0x0000000008013a76                mpsc_pbuf_claim
 .text.mpsc_pbuf_free
                0x0000000008013b1e       0x76 zephyr/libzephyr.a(mpsc_pbuf.c.obj)
                0x0000000008013b1e                mpsc_pbuf_free
 .text.mpsc_pbuf_is_pending
                0x0000000008013b94       0x32 zephyr/libzephyr.a(mpsc_pbuf.c.obj)
                0x0000000008013b94                mpsc_pbuf_is_pending
 .text.ring_buf_put_claim
                0x0000000008013bc6       0x40 zephyr/libzephyr.a(ring_buffer.c.obj)
                0x0000000008013bc6                ring_buf_put_claim
 .text.ring_buf_put_finish
                0x0000000008013c06       0x2a zephyr/libzephyr.a(ring_buffer.c.obj)
                0x0000000008013c06                ring_buf_put_finish
 .text.ring_buf_put
                0x0000000008013c30       0x3e zephyr/libzephyr.a(ring_buffer.c.obj)
                0x0000000008013c30                ring_buf_put
 .text.ring_buf_get_claim
                0x0000000008013c6e       0x3e zephyr/libzephyr.a(ring_buffer.c.obj)
                0x0000000008013c6e                ring_buf_get_claim
 .text.ring_buf_get_finish
                0x0000000008013cac       0x2a zephyr/libzephyr.a(ring_buffer.c.obj)
                0x0000000008013cac                ring_buf_get_finish
 .text.ring_buf_get
                0x0000000008013cd6       0x40 zephyr/libzephyr.a(ring_buffer.c.obj)
                0x0000000008013cd6                ring_buf_get
 .text._ConfigAbsSyms
                0x0000000008013d16        0x2 zephyr/libzephyr.a(configs.c.obj)
                0x0000000008013d16                _ConfigAbsSyms
 .text.HAL_GetTick
                0x0000000008013d18       0x10 zephyr/libzephyr.a(stm32cube_hal.c.obj)
                0x0000000008013d18                HAL_GetTick
 .text.HAL_Delay
                0x0000000008013d28       0x16 zephyr/libzephyr.a(stm32cube_hal.c.obj)
                0x0000000008013d28                HAL_Delay
 .text.log_msg_generic_get_wlen
                0x0000000008013d3e       0x20 zephyr/libzephyr.a(log_core.c.obj)
 .text.dummy_timestamp
                0x0000000008013d5e        0x4 zephyr/libzephyr.a(log_core.c.obj)
 .text.atomic_inc
                0x0000000008013d62       0x1a zephyr/libzephyr.a(log_core.c.obj)
 .text.default_lf_get_timestamp
                0x0000000008013d7c       0x10 zephyr/libzephyr.a(log_core.c.obj)
 .text.z_log_vprintk
                0x0000000008013d8c       0x1c zephyr/libzephyr.a(log_core.c.obj)
                0x0000000008013d8c                z_log_vprintk
 .text.z_log_notify_drop
                0x0000000008013da8        0x6 zephyr/libzephyr.a(log_core.c.obj)
 .text.z_log_get_tag
                0x0000000008013dae        0x4 zephyr/libzephyr.a(log_core.c.obj)
                0x0000000008013dae                z_log_get_tag
 .text.z_impl_log_filter_set
                0x0000000008013db2       0x10 zephyr/libzephyr.a(log_mgmt.c.obj)
                0x0000000008013db2                z_impl_log_filter_set
 .text.log_backend_disable
                0x0000000008013dc2       0x18 zephyr/libzephyr.a(log_mgmt.c.obj)
                0x0000000008013dc2                log_backend_disable
 .text.z_cbprintf_cpy
                0x0000000008013dda       0x2c zephyr/libzephyr.a(log_msg.c.obj)
 .text.z_log_msg_finalize
                0x0000000008013e06       0x32 zephyr/libzephyr.a(log_msg.c.obj)
                0x0000000008013e06                z_log_msg_finalize
 .text.z_log_msg_simple_create
                0x0000000008013e38       0x6e zephyr/libzephyr.a(log_msg.c.obj)
 .text.z_impl_z_log_msg_simple_create_0
                0x0000000008013ea6       0x12 zephyr/libzephyr.a(log_msg.c.obj)
                0x0000000008013ea6                z_impl_z_log_msg_simple_create_0
 .text.z_impl_z_log_msg_simple_create_1
                0x0000000008013eb8       0x14 zephyr/libzephyr.a(log_msg.c.obj)
                0x0000000008013eb8                z_impl_z_log_msg_simple_create_1
 .text.log_output_write
                0x0000000008013ecc       0x1c zephyr/libzephyr.a(log_output.c.obj)
 .text.log_output_flush
                0x0000000008013ee8       0x1a zephyr/libzephyr.a(log_output.c.obj)
 .text.cbvprintf
                0x0000000008013f02        0xe zephyr/libzephyr.a(log_output.c.obj)
 .text.out_func
                0x0000000008013f10       0x36 zephyr/libzephyr.a(log_output.c.obj)
 .text.cr_out_func
                0x0000000008013f46       0x1c zephyr/libzephyr.a(log_output.c.obj)
 .text.log_output_msg_process
                0x0000000008013f62       0x6c zephyr/libzephyr.a(log_output.c.obj)
                0x0000000008013f62                log_output_msg_process
 .text.disk_access_status
                0x0000000008013fce       0x1c zephyr/libzephyr.a(disk_access.c.obj)
                0x0000000008013fce                disk_access_status
 .text.disk_access_read
                0x0000000008013fea       0x2e zephyr/libzephyr.a(disk_access.c.obj)
                0x0000000008013fea                disk_access_read
 .text.disk_access_write
                0x0000000008014018       0x2e zephyr/libzephyr.a(disk_access.c.obj)
                0x0000000008014018                disk_access_write
 .text.cmd_kernel_reboot_cold
                0x0000000008014046        0x8 zephyr/libzephyr.a(reboot.c.obj)
 .text.cmd_kernel_reboot_warm
                0x000000000801404e        0x8 zephyr/libzephyr.a(reboot.c.obj)
 .text.log_msg_generic_get_wlen
                0x0000000008014056       0x20 zephyr/libzephyr.a(shell_uart.c.obj)
 .text.uart_irq_tx_disable
                0x0000000008014076        0xa zephyr/libzephyr.a(shell_uart.c.obj)
 .text.enable   0x0000000008014080       0x12 zephyr/libzephyr.a(shell_uart.c.obj)
 .text.read_uart
                0x0000000008014092       0x12 zephyr/libzephyr.a(shell_uart.c.obj)
 .text.uninit   0x00000000080140a4       0x20 zephyr/libzephyr.a(shell_uart.c.obj)
 .text.write_uart
                0x00000000080140c4       0x6c zephyr/libzephyr.a(shell_uart.c.obj)
 .text.cmd_buffer_clear
                0x0000000008014130       0x16 zephyr/libzephyr.a(shell.c.obj)
 .text.atomic_or
                0x0000000008014146       0x1e zephyr/libzephyr.a(shell.c.obj)
 .text.atomic_and
                0x0000000008014164       0x1e zephyr/libzephyr.a(shell.c.obj)
 .text.k_mutex_lock
                0x0000000008014182        0x4 zephyr/libzephyr.a(shell.c.obj)
 .text.shell_signal_handle
                0x0000000008014186       0x2c zephyr/libzephyr.a(shell.c.obj)
 .text.z_shell_raw_fprintf
                0x00000000080141b2       0x1a zephyr/libzephyr.a(shell.c.obj)
 .text.z_shell_strlen
                0x00000000080141cc        0xc zephyr/libzephyr.a(shell.c.obj)
 .text.transport_evt_handler
                0x00000000080141d8       0x14 zephyr/libzephyr.a(shell.c.obj)
 .text.kill_handler
                0x00000000080141ec       0x4c zephyr/libzephyr.a(shell.c.obj)
 .text.z_flag_cmd_ctx_set.isra.0
                0x0000000008014238       0x16 zephyr/libzephyr.a(shell.c.obj)
 .text.z_flag_history_exit_set.isra.0
                0x000000000801424e       0x14 zephyr/libzephyr.a(shell.c.obj)
 .text.z_flag_insert_mode_set.isra.0
                0x0000000008014262       0x1e zephyr/libzephyr.a(shell.c.obj)
 .text.k_mutex_unlock.isra.0
                0x0000000008014280        0x4 zephyr/libzephyr.a(shell.c.obj)
 .text.shell_log_process
                0x0000000008014284       0x48 zephyr/libzephyr.a(shell.c.obj)
 .text.shell_start
                0x00000000080142cc       0x66 zephyr/libzephyr.a(shell.c.obj)
                0x00000000080142cc                shell_start
 .text.shell_vfprintf
                0x0000000008014332       0x8a zephyr/libzephyr.a(shell.c.obj)
                0x0000000008014332                shell_vfprintf
 .text.shell_fprintf_impl
                0x00000000080143bc       0x1a zephyr/libzephyr.a(shell.c.obj)
                0x00000000080143bc                shell_fprintf_impl
 .text.shell_fprintf_normal
                0x00000000080143d6       0x1c zephyr/libzephyr.a(shell.c.obj)
                0x00000000080143d6                shell_fprintf_normal
 .text.shell_fprintf_warn
                0x00000000080143f2       0x1c zephyr/libzephyr.a(shell.c.obj)
                0x00000000080143f2                shell_fprintf_warn
 .text.shell_fprintf_error
                0x000000000801440e       0x1c zephyr/libzephyr.a(shell.c.obj)
                0x000000000801440e                shell_fprintf_error
 .text.shell_prompt_change
                0x000000000801442a       0x5a zephyr/libzephyr.a(shell.c.obj)
                0x000000000801442a                shell_prompt_change
 .text.shell_help
                0x0000000008014484       0x2a zephyr/libzephyr.a(shell.c.obj)
                0x0000000008014484                shell_help
 .text.shell_get_return_value
                0x00000000080144ae       0x10 zephyr/libzephyr.a(shell.c.obj)
                0x00000000080144ae                shell_get_return_value
 .text.shell_set_bypass
                0x00000000080144be        0xc zephyr/libzephyr.a(shell.c.obj)
                0x00000000080144be                shell_set_bypass
 .text.z_shell_fprintf_buffer_flush
                0x00000000080144ca       0x18 zephyr/libzephyr.a(shell_fprintf.c.obj)
                0x00000000080144ca                z_shell_fprintf_buffer_flush
 .text.out_func
                0x00000000080144e2       0x3c zephyr/libzephyr.a(shell_fprintf.c.obj)
 .text.z_shell_strlen
                0x000000000801451e        0xc zephyr/libzephyr.a(shell_utils.c.obj)
 .text.z_column_span_with_buffer_offsets_get
                0x000000000801452a       0x1e zephyr/libzephyr.a(shell_utils.c.obj)
                0x000000000801452a                z_column_span_with_buffer_offsets_get
 .text.z_row_span_with_buffer_offsets_get
                0x0000000008014548       0x16 zephyr/libzephyr.a(shell_utils.c.obj)
                0x0000000008014548                z_row_span_with_buffer_offsets_get
 .text.z_shell_multiline_data_calc
                0x000000000801455e       0x2c zephyr/libzephyr.a(shell_utils.c.obj)
                0x000000000801455e                z_shell_multiline_data_calc
 .text.z_shell_pattern_remove
                0x000000000801458a       0x4e zephyr/libzephyr.a(shell_utils.c.obj)
                0x000000000801458a                z_shell_pattern_remove
 .text.z_shell_find_cmd
                0x00000000080145d8       0x58 zephyr/libzephyr.a(shell_utils.c.obj)
                0x00000000080145d8                z_shell_find_cmd
 .text.z_shell_get_last_command
                0x0000000008014630       0x5c zephyr/libzephyr.a(shell_utils.c.obj)
                0x0000000008014630                z_shell_get_last_command
 .text.shell_strtoul
                0x000000000801468c       0x5a zephyr/libzephyr.a(shell_utils.c.obj)
                0x000000000801468c                shell_strtoul
 .text.z_shell_raw_fprintf
                0x00000000080146e6       0x1a zephyr/libzephyr.a(shell_ops.c.obj)
 .text.full_line_cmd.isra.0
                0x0000000008014700       0x24 zephyr/libzephyr.a(shell_ops.c.obj)
 .text.z_shell_cursor_in_empty_line
                0x0000000008014724       0x2e zephyr/libzephyr.a(shell_ops.c.obj)
                0x0000000008014724                z_shell_cursor_in_empty_line
 .text.z_shell_op_cond_next_line
                0x0000000008014752       0x1e zephyr/libzephyr.a(shell_ops.c.obj)
                0x0000000008014752                z_shell_op_cond_next_line
 .text.z_shell_op_cursor_position_synchronize
                0x0000000008014770       0x4a zephyr/libzephyr.a(shell_ops.c.obj)
                0x0000000008014770                z_shell_op_cursor_position_synchronize
 .text.z_shell_op_cursor_move
                0x00000000080147ba       0x50 zephyr/libzephyr.a(shell_ops.c.obj)
                0x00000000080147ba                z_shell_op_cursor_move
 .text.z_shell_op_cursor_home_move
                0x000000000801480a        0xe zephyr/libzephyr.a(shell_ops.c.obj)
                0x000000000801480a                z_shell_op_cursor_home_move
 .text.z_shell_op_cursor_end_move
                0x0000000008014818       0x12 zephyr/libzephyr.a(shell_ops.c.obj)
                0x0000000008014818                z_shell_op_cursor_end_move
 .text.z_shell_op_left_arrow
                0x000000000801482a       0x12 zephyr/libzephyr.a(shell_ops.c.obj)
                0x000000000801482a                z_shell_op_left_arrow
 .text.z_shell_op_right_arrow
                0x000000000801483c       0x16 zephyr/libzephyr.a(shell_ops.c.obj)
                0x000000000801483c                z_shell_op_right_arrow
 .text.z_shell_op_delete_from_cursor
                0x0000000008014852       0x1c zephyr/libzephyr.a(shell_ops.c.obj)
                0x0000000008014852                z_shell_op_delete_from_cursor
 .text.z_shell_cmd_line_erase
                0x000000000801486e       0x36 zephyr/libzephyr.a(shell_ops.c.obj)
                0x000000000801486e                z_shell_cmd_line_erase
 .text.z_shell_write
                0x00000000080148a4       0x88 zephyr/libzephyr.a(shell_ops.c.obj)
                0x00000000080148a4                z_shell_write
 .text.z_shell_print_stream
                0x000000000801492c        0x4 zephyr/libzephyr.a(shell_ops.c.obj)
                0x000000000801492c                z_shell_print_stream
 .text.z_shell_vfprintf
                0x0000000008014930       0x4a zephyr/libzephyr.a(shell_ops.c.obj)
                0x0000000008014930                z_shell_vfprintf
 .text.z_shell_fprintf
                0x000000000801497a       0x1a zephyr/libzephyr.a(shell_ops.c.obj)
                0x000000000801497a                z_shell_fprintf
 .text.data_insert
                0x0000000008014994       0x74 zephyr/libzephyr.a(shell_ops.c.obj)
 .text.z_shell_op_completion_insert
                0x0000000008014a08        0x4 zephyr/libzephyr.a(shell_ops.c.obj)
                0x0000000008014a08                z_shell_op_completion_insert